C51 COMPILER V9.51   DRV_TIMER                                                             12/27/2023 16:32:08 PAGE 1   


C51 COMPILER V9.51, COMPILATION OF MODULE DRV_TIMER
OBJECT MODULE PLACED IN drv_timer.OBJ
COMPILER INVOKED BY: C:\Keil\C51\BIN\C51.exe drv_timer.c DB OE BR INTVECTOR(0X4000) INCDIR(c:\SiLabs\MCU\Inc)

line level    source

   1          #include "compiler_defs.h"
   2          #include "C8051F580_defs.h"
   3          #include "Global_Define.h"
   4          #include "drv_timer.h"
   5          
   6          SEG_XDATA tMsg_Global_Tick      g_Global_Tick_Msg;
   7          SEG_XDATA tMsg_Time_s           ga_tCAN_Time_Msg[TID_COUNT];
   8          
   9          void Global_Timer_Init(void)
  10          {
  11   1              U8 i = 0U;
  12   1              g_Global_Tick_Msg.Tick_1ms = (U32)0;
  13   1              g_Global_Tick_Msg.Limit = (U32)0;
  14   1              g_Global_Tick_Msg.Over_Set = (U8)0;
  15   1      
  16   1              for( i = 0U; i < TID_COUNT; i++)
  17   1              {
  18   2                      ga_tCAN_Time_Msg[i].Set                 = 0;
  19   2                      ga_tCAN_Time_Msg[i].Delay_Time  = 0;
  20   2                      ga_tCAN_Time_Msg[i].Cur_Time    = 0;
  21   2                      ga_tCAN_Time_Msg[i].End_Time    = 0;
  22   2              }
  23   1              
  24   1      #if defined(TIMER0)
  25   1              Timer0_Init();
  26   1      #endif
  27   1      #if defined(TIMER1)
  28   1              Timer1_Init();
  29   1      #endif
  30   1      #if defined(TIMER2)
  31   1              Timer2_Init();
  32   1      #endif
  33   1      #if defined(TIMER3)
  34   1              Timer3_Init();
  35   1      #endif
  36   1      #if defined(TIMER4)
                      Timer4_Init();
              #endif
  39   1      #if defined(TIMER5)
                      Timer5_Init();
              #endif
  42   1      }
  43          
  44          #if defined(TIMER0)
  45          void Timer0_Init()
  46          {
  47   1      }
  48          #endif
  49          
  50          #if defined(TIMER1)
  51          void Timer1_Init (void)
  52          {
  53   1              SEG_XDATA U8 SFRPAGE_save = SFRPAGE;
  54   1              SFRPAGE = ACTIVE_PAGE;
  55   1      
C51 COMPILER V9.51   DRV_TIMER                                                             12/27/2023 16:32:08 PAGE 2   

  56   1      // Make sure the Timer can produce the appropriate frequency in 8-bit mode
  57   1      // Supported SMBus Frequencies range from 10kHz to 100kHz.  The CKCON register
  58   1      // settings may need to change for frequencies outside this range.
  59   1              CKCON |= (U8)0x08;                   // Timer1 clock source = SYSCLK
  60   1      
  61   1              TMOD = 0x20U;                        // Timer1 in 8-bit auto-reload mode
  62   1      
  63   1         // Timer1 configured to overflow at 1/3 the rate defined by SMB_FREQUENCY
  64   1              TH1 = 0xECU;//-(S8)(SYSCLK/SMB_FREQUENCY/3);400KHz
  65   1      //      TH1 = 0xB0U;//100Khz
  66   1      
  67   1              TL1 = TH1;                          // Init Timer1
  68   1      
  69   1              TR1 = 0x01U;                            // Timer1 enabled
  70   1      
  71   1              SFRPAGE = SFRPAGE_save;
  72   1      }
  73          #endif
  74          
  75          #if defined(TIMER2)
  76          void Timer2_Init (void)
  77          {
  78   1              SEG_XDATA U8 SFRPAGE_save = SFRPAGE;
  79   1         SFRPAGE = ACTIVE_PAGE;
  80   1      
  81   1         TMR2CN  = 0x00U;                    // Stop Timer2; Clear TF2;
  82   1                                             // use SYSCLK/12 as timebase 500ns unit
  83   1         CKCON  &= (U8)(~0x60U);             // Timer2 clocked based on T2XCLK;
  84   1      
  85   1      //   TMR2RL  = 0xB1E0U;           // Init reload values//for 10ms -20000
  86   1         TMR2RL  = 0xF830U;           // Init reload values//for 1ms  -2000
  87   1         
  88   1         TMR2    = 0xFFFFU;                   // Set to reload immediately
  89   1         ET2     = 0x01U;                     // Enable Timer2 interrupts
  90   1         TR2     = 0x01U;                     // Start Timer2
  91   1      
  92   1         SFRPAGE = SFRPAGE_save;
  93   1      }
  94          #endif
  95          
  96          #if defined(TIMER3)
  97          void Timer3_Init(void)
  98          {
  99   1              SEG_XDATA U8 SFRPAGE_save = SFRPAGE;
 100   1         SFRPAGE = ACTIVE_PAGE;
 101   1      
 102   1         TMR3CN = 0x00U;                      // Timer3 configured for 16-bit auto-
 103   1                                             // reload, low-byte interrupt disabled
 104   1      
 105   1         CKCON &= (U8)(~0x40U);                     // Timer3 uses SYSCLK/12
 106   1      
 107   1         TMR3RL = 0x3CB0U;//-(S16)(SYSCLK/12/40);      // Timer3 configured to overflow after
 108   1         TMR3 = TMR3RL;                      // ~25ms (for SMBus low timeout detect):
 109   1                                             // 1/.025 = 40
 110   1      
 111   1         EIE1 |= (U8)0x40;                       // Timer3 interrupt enable
 112   1         TMR3CN |= (U8)0x04;                     // Start Timer3
 113   1      
 114   1         SFRPAGE = SFRPAGE_save;
 115   1      }
 116          #endif
 117          
C51 COMPILER V9.51   DRV_TIMER                                                             12/27/2023 16:32:08 PAGE 3   

 118          #if defined(TIMER4)
              void Timer4_Init()
              {
              }
              #endif
 123          
 124          #if defined(TIMER5)
              void Timer5_Init(void)
              {
                  SFRPAGE   = ACTIVE2_PAGE;
                  TMR5CN    = 0x04U;
                  TMR5CF    = 0x0AU;
                  TMR5CAPL  = 0x6AU;
                  TMR5CAPH  = 0xFFU;
                  SFRPAGE   = ACTIVE_PAGE;
              }
              #endif
 135          
 136          void Wait_ms (U16 ms)
 137          {
 138   1              // All registers are on all pages, so no need to set SFR page
 139   1              SEG_XDATA volatile U8 reg_tval = 0x00U;
 140   1      
 141   1              TCON &= (U8)(~0x30U);                      // Stop Timer0; Clear TF0
 142   1              TMOD &= (U8)(~0x0FU);                      // 16-bit free run mode
 143   1              TMOD |= (U8)0x01;
 144   1      
 145   1              CKCON |= (U8)0x04;                                      // Timer0 counts SYSCLKs
 146   1      
 147   1              while (ms > 0U)
 148   1              {
 149   2                      TR0 = 0x00U;                                    // Stop Timer0
 150   2                      TH0 = (U8)-(SYSCLK/1000/ 256);          // Overflow in 1ms
 151   2                      //TL0 = (S8)(-(SYSCLK/1000));
 152   2                      TL0 = 0xB4U;
 153   2                      TF0 = 0x00U;                            // Clear overflow indicator
 154   2                      TR0 = 0x01U;                            // Start Timer0
 155   2      
 156   2                      while( 1 ){
 157   3                              reg_tval = (U8)TF0;
 158   3                              if( reg_tval != 0x00U )
 159   3                              {
 160   4                                      break;
 161   4                              }
 162   3                      }
 163   2                      ms--;                            // Update ms counter
 164   2                      //WDT_Clear();
 165   2              }
 166   1              TR0 = 0x00U;                         // Stop Timer0
 167   1      
 168   1              //WDT_Clear();
 169   1      }
 170          
 171          void Delay_Time_Expire(U8 ID)
 172          {
 173   1              ga_tCAN_Time_Msg[ID].Set                 = (U8)0;
 174   1              ga_tCAN_Time_Msg[ID].Delay_Time  = (U32)0;
 175   1              ga_tCAN_Time_Msg[ID].Cur_Time    = (U32)0;
 176   1              ga_tCAN_Time_Msg[ID].End_Time    = (U32)0;
 177   1      }
 178          
 179          void Delay_Time_Set(U8 ID, U16 Delay_Time)
C51 COMPILER V9.51   DRV_TIMER                                                             12/27/2023 16:32:08 PAGE 4   

 180          {
 181   1              SEG_XDATA volatile U8 Set_Delay_Time = 0x00U;
 182   1      
 183   1              ga_tCAN_Time_Msg[ID].Cur_Time = g_Global_Tick_Msg.Tick_1ms;
 184   1              ga_tCAN_Time_Msg[ID].Delay_Time = (U32)Delay_Time;
 185   1              ga_tCAN_Time_Msg[ID].Set = TRUE;
 186   1      
 187   1              ga_tCAN_Time_Msg[ID].End_Time = (ga_tCAN_Time_Msg[ID].Cur_Time + ga_tCAN_Time_Msg[ID].Delay_Time);
 188   1              if ( (g_Global_Tick_Msg.Over_Set == FALSE) && (g_Global_Tick_Msg.Limit <= ga_tCAN_Time_Msg[ID].End_Time) 
             -)
 189   1              {
 190   2                      g_Global_Tick_Msg.Limit = ga_tCAN_Time_Msg[ID].End_Time;
 191   2              }
 192   1      }
 193          
 194          U8 Delay_Time_Get(U8 ID)
 195          {
 196   1              U8 ret = (U8)0;
 197   1              U8 i   = (U8)0;
 198   1              U8 cnt = (U8)0;
 199   1      
 200   1              ga_tCAN_Time_Msg[ID].Cur_Time = g_Global_Tick_Msg.Tick_1ms;
 201   1              if (ga_tCAN_Time_Msg[ID].Set == TRUE )
 202   1              {
 203   2                      if( ga_tCAN_Time_Msg[ID].Cur_Time >= ga_tCAN_Time_Msg[ID].End_Time )
 204   2                      {
 205   3                              Delay_Time_Set(ID,(U16)ga_tCAN_Time_Msg[ID].Delay_Time);
 206   3                              ret = TRUE;
 207   3                      }
 208   2              }
 209   1              return ret;
 210   1      }
 211          
 212          U16 Get_Time(void)
 213          {
 214   1              return (U16)g_Global_Tick_Msg.Tick_1ms;
 215   1      }


MODULE INFORMATION:   STATIC OVERLAYABLE
   CODE SIZE        =    777    ----
   CONSTANT SIZE    =   ----    ----
   XDATA SIZE       =     35       5
   PDATA SIZE       =   ----    ----
   DATA SIZE        =   ----       7
   IDATA SIZE       =   ----    ----
   BIT SIZE         =   ----    ----
END OF MODULE INFORMATION.


C51 COMPILATION COMPLETE.  0 WARNING(S),  0 ERROR(S)
