C51 COMPILER V9.59.0.0   MAIN                                                              01/12/2024 09:54:12 PAGE 1   


C51 COMPILER V9.59.0.0, COMPILATION OF MODULE MAIN
OBJECT MODULE PLACED IN main.OBJ
COMPILER INVOKED BY: C:\Keil_v5\C51\BIN\C51.exe main.c DB OE BR INTVECTOR(0X4000) INCDIR(c:\SiLabs\MCU\Inc)

line level    source

   1          #include <compiler_defs.h>
   2          #include <C8051F580_defs.h>            // SFR declarations
   3          SBIT (LED, SFR_P2, 0);                 // LED==1 means ON
   4          SBIT (LED1, SFR_P2, 1);
   5          
   6          void OSCILLATOR_Init (void);
   7          void PORT_Init (void);
   8          void TIMER0_Init (void);
   9          void Delay(unsigned int t);
  10          
  11          void main (void)
  12          {
  13   1      SFRPAGE = ACTIVE_PAGE;
  14   1         PCA0MD &= ~0x40;                    // Clear watchdog timer enable
  15   1         OSCILLATOR_Init ();                 // Initialize Oscillator
  16   1         TIMER0_Init ();                     // Initialize the Timer2
  17   1         PORT_Init ();                       // Initialize Ports
  18   1         EA = 1;                             // Enable global interrupts
  19   1        
  20   1      
  21   1         while (1){
  22   2                 P2 = ~P2 ;
  23   2      
  24   2                 Delay(500);
  25   2         }   
  26   1         TMOD &= 0xF0;
  27   1         TMOD  |= 0x10; 
  28   1      }
  29          
  30          void Delay(unsigned int t){
  31   1      do{
  32   2               TL0 = 0x1F;
  33   2              TH0 = 0xD1;
  34   2            TR0=1; // bat dau dem 
  35   2            while(!TF0);
  36   2            TR0 = 0;// ngung dem 
  37   2            TF0 = 0;;
  38   2         t--;
  39   2         }
  40   1         while(t != 0);
  41   1      }
  42          
  43          void PORT_Init (void)
  44          {
  45   1         U8 SFRPAGE_save = SFRPAGE;
  46   1         SFRPAGE = CONFIG_PAGE;
  47   1      
  48   1         XBR2 = 0x40;                        // Enable crossbar
  49   1         P2MDOUT = 0x03;                     // Set LED to push-pull
  50   1      
  51   1         SFRPAGE = SFRPAGE_save;
  52   1      }
  53          
  54          void OSCILLATOR_Init (void)
  55          {
C51 COMPILER V9.59.0.0   MAIN                                                              01/12/2024 09:54:12 PAGE 2   

  56   1         U8 SFRPAGE_save = SFRPAGE;
  57   1         SFRPAGE = CONFIG_PAGE;
  58   1      
  59   1         OSCICN = 0x86;
  60   1      
  61   1         SFRPAGE = SFRPAGE_save;
  62   1      }
  63          void TIMER0_Init(void)
  64          {
  65   1         U8 SFRPAGE_save = SFRPAGE;
  66   1         SFRPAGE = ACTIVE_PAGE;
  67   1         //OSCICN = 0x84;
  68   1         TMOD  = 0x01;                       // Timer0 in 16-bit mode
  69   1         //CKCON = 0x02;                       // Timer0 uses a 1:48 prescaler
  70   1         ET0   = 1;                          // Timer0 interrupt enabled
  71   1         TCON  = 0x10;                       // Timer0 ON
  72   1      
  73   1         SFRPAGE = SFRPAGE_save;
  74   1      }
*** WARNING C294 IN LINE 26 OF main.c: unreachable code


MODULE INFORMATION:   STATIC OVERLAYABLE
   CODE SIZE        =     95    ----
   CONSTANT SIZE    =   ----    ----
   XDATA SIZE       =   ----    ----
   PDATA SIZE       =   ----    ----
   DATA SIZE        =   ----    ----
   IDATA SIZE       =   ----    ----
   BIT SIZE         =   ----    ----
END OF MODULE INFORMATION.


C51 COMPILATION COMPLETE.  1 WARNING(S),  0 ERROR(S)
