BL51 BANKED LINKER/LOCATER V6.22                                                        06/28/2024  11:11:56  PAGE 1


BL51 BANKED LINKER/LOCATER V6.22, INVOKED BY:
C:\KEIL\C51\BIN\BL51.EXE .\Objects\STARTUP.obj, .\Objects\main.obj TO .\Objects\test PRINT (.\Listings\test.m51) RAMSIZE
>>  (256) CODE (0X4000-0XFFFF) XDATA (0X0000-0XFFFF)


MEMORY MODEL: LARGE


INPUT MODULES INCLUDED:
  .\Objects\STARTUP.obj (?C_STARTUP)
  .\Objects\main.obj (MAIN)
  C:\KEIL\C51\LIB\C51L.LIB (?C_INIT)
  C:\KEIL\C51\LIB\C51L.LIB (?C?ULCMP)
  C:\KEIL\C51\LIB\C51L.LIB (?C?LSTXDATA)
  C:\KEIL\C51\LIB\C51L.LIB (?C?LSTKXDATA)


LINK MAP OF MODULE:  .\Objects\test (?C_STARTUP)


            TYPE    BASE      LENGTH    RELOCATION   SEGMENT NAME
            -----------------------------------------------------

            * * * * * * *   D A T A   M E M O R Y   * * * * * * *
            REG     0000H     0008H     ABSOLUTE     "REG BANK 0"
            IDATA   0008H     0001H     UNIT         ?STACK

            * * * * * * *  X D A T A   M E M O R Y  * * * * * * *
            XDATA   0000H     0004H     UNIT         ?XD?MAIN
            XDATA   0004H     0002H     UNIT         _XDATA_GROUP_

            * * * * * * *   C O D E   M E M O R Y   * * * * * * *
                    0000H     4000H                  *** GAP ***
            CODE    4000H     0003H     ABSOLUTE     
            CODE    4003H     0022H     UNIT         ?PR?_TIMER2_INIT?MAIN
                    4025H     0006H                  *** GAP ***
            CODE    402BH     0003H     ABSOLUTE     
            CODE    402EH     008CH     UNIT         ?C_C51STARTUP
            CODE    40BAH     004EH     UNIT         ?C?LIB_CODE
            CODE    4108H     004DH     UNIT         ?PR?TIMER2_ISR?MAIN
            CODE    4155H     0035H     UNIT         ?PR?_DELAYMS?MAIN
            CODE    418AH     0021H     UNIT         ?PR?MAIN?MAIN
            CODE    41ABH     0017H     UNIT         ?PR?PORT_INIT?MAIN
            CODE    41C2H     000EH     UNIT         ?PR?SYSTEM_INIT?MAIN
            CODE    41D0H     0008H     UNIT         ?C_INITSEG



OVERLAY MAP OF MODULE:   .\Objects\test (?C_STARTUP)


SEGMENT                          XDATA_GROUP
  +--> CALLED SEGMENT          START    LENGTH
----------------------------------------------
?C_C51STARTUP                  -----    -----
  +--> ?PR?MAIN?MAIN
  +--> ?C_INITSEG

BL51 BANKED LINKER/LOCATER V6.22                                                      06/28/2024  11:11:56  PAGE 2


?PR?MAIN?MAIN                  -----    -----
  +--> ?PR?SYSTEM_INIT?MAIN
  +--> ?PR?PORT_INIT?MAIN
  +--> ?PR?_TIMER2_INIT?MAIN
  +--> ?PR?_DELAYMS?MAIN

?PR?_DELAYMS?MAIN              0004H    0002H



SYMBOL TABLE OF MODULE:  .\Objects\test (?C_STARTUP)

  VALUE           TYPE          NAME
  ----------------------------------

  -------         MODULE        ?C_STARTUP
  C:402EH         SEGMENT       ?C_C51STARTUP
  I:0008H         SEGMENT       ?STACK
  C:4000H         PUBLIC        ?C_STARTUP
  D:00E0H         SYMBOL        ACC
  D:00F0H         SYMBOL        B
  D:0083H         SYMBOL        DPH
  D:0082H         SYMBOL        DPL
  N:0000H         SYMBOL        IBPSTACK
  N:0100H         SYMBOL        IBPSTACKTOP
  N:0080H         SYMBOL        IDATALEN
  C:4031H         SYMBOL        IDATALOOP
  N:0000H         SYMBOL        PBPSTACK
  N:0100H         SYMBOL        PBPSTACKTOP
  N:0000H         SYMBOL        PDATALEN
  N:0000H         SYMBOL        PDATASTART
  N:0000H         SYMBOL        PPAGE
  N:0000H         SYMBOL        PPAGEENABLE
  D:00A0H         SYMBOL        PPAGE_SFR
  D:0081H         SYMBOL        SP
  C:402EH         SYMBOL        STARTUP1
  N:0000H         SYMBOL        XBPSTACK
  N:0000H         SYMBOL        XBPSTACKTOP
  N:0000H         SYMBOL        XDATALEN
  N:0000H         SYMBOL        XDATASTART
  C:4000H         LINE#         126
  C:402EH         LINE#         133
  C:4030H         LINE#         134
  C:4031H         LINE#         135
  C:4032H         LINE#         136
  C:4034H         LINE#         185
  C:4037H         LINE#         196
  -------         ENDMOD        ?C_STARTUP

  -------         MODULE        MAIN
  C:0000H         SYMBOL        _ICE_DUMMY_
  D:008EH         PUBLIC        CKCON
  D:008FH         PUBLIC        CLKSEL
  D:00A0H         PUBLIC        P2
  D:00A1H         PUBLIC        OSCICN
  D:00A6H         PUBLIC        P2MDOUT
  D:00A7H         PUBLIC        SFRPAGE
BL51 BANKED LINKER/LOCATER V6.22                                                      06/28/2024  11:11:56  PAGE 3


  D:00C7H         PUBLIC        XBR2
  D:00C8H         PUBLIC        TMR2CN
  D:00D6H         PUBLIC        P2SKIP
  D:00D9H         PUBLIC        PCA0MD
  D:00CAH         PUBLIC        TMR2RL
  D:00CCH         PUBLIC        TMR2
  B:00A8H.7       PUBLIC        EA
  B:00A8H.5       PUBLIC        ET2
  B:00C8H.7       PUBLIC        TF2H
  B:00C8H.2       PUBLIC        TR2
  X:0000H         PUBLIC        G_Count
  C:41C2H         PUBLIC        SYSTEM_Init
  C:41ABH         PUBLIC        PORT_Init
  C:4003H         PUBLIC        _TIMER2_Init
  C:4155H         PUBLIC        _delayms
  C:418AH         PUBLIC        main
  C:4108H         PUBLIC        Timer2_ISR
  -------         PROC          MAIN
  C:418AH         LINE#         25
  C:418AH         LINE#         26
  C:418AH         LINE#         27
  C:418DH         LINE#         28
  C:4190H         LINE#         30
  C:4193H         LINE#         31
  C:4196H         LINE#         32
  C:419DH         LINE#         34
  C:419FH         LINE#         35
  C:419FH         LINE#         36
  C:419FH         LINE#         37
  C:41A2H         LINE#         38
  C:41A9H         LINE#         39
  -------         ENDPROC       MAIN
  -------         PROC          SYSTEM_INIT
  -------         DO            
  D:0007H         SYMBOL        SFRPAGE_save
  -------         ENDDO         
  C:41C2H         LINE#         43
  C:41C2H         LINE#         44
  C:41C2H         LINE#         45
  C:41C4H         LINE#         46
  C:41C7H         LINE#         47
  C:41CAH         LINE#         48
  C:41CDH         LINE#         49
  C:41CFH         LINE#         50
  -------         ENDPROC       SYSTEM_INIT
  -------         PROC          PORT_INIT
  -------         DO            
  D:0007H         SYMBOL        SFRPAGE_save
  -------         ENDDO         
  C:41ABH         LINE#         53
  C:41ABH         LINE#         54
  C:41ABH         LINE#         55
  C:41ADH         LINE#         56
  C:41B0H         LINE#         59
  C:41B3H         LINE#         60
  C:41B6H         LINE#         62
  C:41B9H         LINE#         63
BL51 BANKED LINKER/LOCATER V6.22                                                      06/28/2024  11:11:56  PAGE 4


  C:41BCH         LINE#         65
  C:41BFH         LINE#         67
  C:41C1H         LINE#         68
  -------         ENDPROC       PORT_INIT
  -------         PROC          _TIMER2_INIT
  D:0006H         SYMBOL        counts
  -------         DO            
  D:0005H         SYMBOL        SFRPAGE_save
  -------         ENDDO         
  C:4003H         LINE#         71
  C:4003H         LINE#         72
  C:4003H         LINE#         73
  C:4005H         LINE#         74
  C:4008H         LINE#         76
  C:400AH         LINE#         78
  C:400DH         LINE#         80
  C:4016H         LINE#         81
  C:401CH         LINE#         82
  C:401EH         LINE#         83
  C:4020H         LINE#         84
  C:4024H         LINE#         85
  -------         ENDPROC       _TIMER2_INIT
  -------         PROC          TIMER2_ISR
  C:4108H         LINE#         86
  C:411FH         LINE#         88
  C:4121H         LINE#         89
  C:4140H         LINE#         90
  -------         ENDPROC       TIMER2_ISR
  -------         PROC          _DELAYMS
  X:0004H         SYMBOL        time
  C:4155H         LINE#         92
  C:415DH         LINE#         93
  C:415DH         LINE#         95
  C:4167H         LINE#         96
  C:4189H         LINE#         97
  -------         ENDPROC       _DELAYMS
  -------         ENDMOD        MAIN

  -------         MODULE        ?C?ULCMP
  C:40BAH         PUBLIC        ?C?ULCMP
  -------         ENDMOD        ?C?ULCMP

  -------         MODULE        ?C?LSTXDATA
  C:40CBH         PUBLIC        ?C?LSTXDATA
  -------         ENDMOD        ?C?LSTXDATA

  -------         MODULE        ?C?LSTKXDATA
  C:40D7H         PUBLIC        ?C?LSTKXDATA
  -------         ENDMOD        ?C?LSTKXDATA

Program Size: data=9.0 xdata=6 code=466
LINK/LOCATE RUN COMPLETE.  0 WARNING(S),  0 ERROR(S)
