C51 COMPILER V9.60.7.0   MAIN                                                              07/03/2024 13:29:32 PAGE 1   


C51 COMPILER V9.60.7.0, COMPILATION OF MODULE MAIN
OBJECT MODULE PLACED IN .\Objects\main.obj
COMPILER INVOKED BY: C:\Keil\C51\BIN\C51.EXE main.c OMF2 OPTIMIZE(8,SPEED) BROWSE ORDER DEBUG PRINT(.\Listings\main.lst)
                    - TABS(2) OBJECT(.\Objects\main.obj)

line level    source

   1          #include <compiler_defs.h>             // Compiler declarations
   2          #include <C8051F580.h>
   3          //-----------------------------------------------------------------------------
   4          // Global CONSTANTS
   5          //-----------------------------------------------------------------------------
   6          #define SYSCLK       24000000        // SYSCLK frequency in Hz
   7          SBIT(SW7,     P1, 4);
   8          //-----------------------------------------------------------------------------
   9          // Function PROTOTYPES
  10          //-----------------------------------------------------------------------------
  11          U32 G_count = 0;
  12          void SYSTEM_Init (void);
  13          void PORT_Init (void);
  14          U16 main1 (void);
  15          //extern void START_APPLICATION_60(void);
  16          //extern void START_APPLICATION_40(void);
  17          //-----------------------------------------------------------------------------
  18          // MAIN Routine
  19          //-----------------------------------------------------------------------------
  20          void (*PTR_FUNCTION)() = 0;
  21          U16 addr = 0 ;
  22          void main (void)
  23          {   
  24   1        SFRPAGE = ACTIVE_PAGE;
  25   1        PCA0MD &= ~(1 << 6);
  26   1        PORT_Init ();
  27   1        EA = 1;
  28   1          if(SW7==0){
  29   2            //START_APPLICATION_60();
  30   2            PTR_FUNCTION=0x6000;
*** WARNING C196 IN LINE 30 OF main.c: mspace probably invalid
  31   2          }
  32   1          else{
  33   2            //START_APPLICATION_40();
  34   2            PTR_FUNCTION=0x4000;
*** WARNING C196 IN LINE 34 OF main.c: mspace probably invalid
  35   2          }
  36   1        //PTR_FUNCTION = (void*)addr;
  37   1        PTR_FUNCTION();                    
  38   1      }
  39          U16 main1(void){
  40   1        SFRPAGE = ACTIVE_PAGE;
  41   1        PCA0MD &= ~(1 << 6);                   // Disable the watchdog timer   SYSTEM_Init();                     
             -    // Configure system clock
  42   1        PORT_Init ();                           // Initialize crossbar
  43   1        EA = 1;
  44   1        if(SW7==0){
  45   2            addr=0x6000;
  46   2          }
  47   1          else{
  48   2            addr=0x4000;
  49   2          }
  50   1          
  51   1        return addr;
C51 COMPILER V9.60.7.0   MAIN                                                              07/03/2024 13:29:32 PAGE 2   

  52   1      }
  53          void SYSTEM_Init(void)
  54          {
  55   1         U8 SFRPAGE_save = SFRPAGE;
  56   1         SFRPAGE = CONFIG_PAGE;
  57   1         CLKSEL &= ~(3<< 0) ;       // choose internal oscillator   
  58   1         OSCICN |= (2<<6) | (7<<0); // congig clock internal oscillator devided by 1
  59   1         SFRPAGE = SFRPAGE_save;
  60   1      }
  61          void PORT_Init (void)
  62          {
  63   1         U8 SFRPAGE_save = SFRPAGE;
  64   1         SFRPAGE = CONFIG_PAGE;
  65   1          P1MDIN  |= (1<<4);    // P1.4 input digital
  66   1          P1SKIP  |= (1<<4);    // Skip P1.4
  67   1          XBR2    |= (1<<6);    // Enable crossbar and weak pull-ups
  68   1         SFRPAGE = SFRPAGE_save;
  69   1      }
  70          
  71          //void delay(U32 ms){
  72          //    U32 i = 0, j = 0 ;
  73          //    for( i = 0 ; i < ms ; i ++){
  74          //      for(j = 0 ; j < 1000 ; j ++);
  75          //    }
  76          //}
  77          //INTERRUPT(Timer2_ISR, INTERRUPT_TIMER2)
  78          //{
  79          //   TF2H = 0;                           // Clear Timer2 interrupt flag
  80          //   G_count++;
  81          //}
  82          
  83          
  84          


MODULE INFORMATION:   STATIC OVERLAYABLE
   CODE SIZE        =     93    ----
   CONSTANT SIZE    =   ----    ----
   XDATA SIZE       =   ----    ----
   PDATA SIZE       =   ----    ----
   DATA SIZE        =      9    ----
   IDATA SIZE       =   ----    ----
   BIT SIZE         =   ----    ----
   EDATA SIZE       =   ----    ----
   HDATA SIZE       =   ----    ----
   XDATA CONST SIZE =   ----    ----
   FAR CONST SIZE   =   ----    ----
END OF MODULE INFORMATION.


C51 COMPILATION COMPLETE.  2 WARNING(S),  0 ERROR(S)
