LX51 LINKER/LOCATER V4.66.100.0                                                         06/27/2024  15:21:32  PAGE 1


LX51 LINKER/LOCATER V4.66.100.0, INVOKED BY:
C:\KEIL\C51\BIN\LX51.EXE .\Objects\STARTUP.obj, .\Objects\main.obj TO .\Objects\UART PRINT (.\Listings\UART.map)


CPU MODE:     8051 MODE
MEMORY MODEL: LARGE


INPUT MODULES INCLUDED:
  .\Objects\STARTUP.obj (?C_STARTUP)
         COMMENT TYPE 0: AX51 V3.15.3.0
  .\Objects\main.obj (MAIN)
         COMMENT TYPE 0: C51 V9.60.7.0
  C:\KEIL\C51\LIB\C51L.LIB (?C_INIT)
         COMMENT TYPE 1: A51 / ASM51 Assembler


ACTIVE MEMORY CLASSES OF MODULE:  .\Objects\UART (?C_STARTUP)

BASE        START       END         USED      MEMORY CLASS
==========================================================
C:000000H   C:000000H   C:00FFFFH   0001C6H   CODE
I:000000H   I:000000H   I:0000FFH   000001H   IDATA
X:000000H   X:000000H   X:00FFFFH   000045H   XDATA
I:000000H   I:000000H   I:00007FH   000008H   DATA


MEMORY MAP OF MODULE:  .\Objects\UART (?C_STARTUP)


START     STOP      LENGTH    ALIGN  RELOC    MEMORY CLASS   SEGMENT NAME
=========================================================================

* * * * * * * * * * *   D A T A   M E M O R Y   * * * * * * * * * * * * *
000000H   000007H   000008H   ---    AT..     DATA           "REG BANK 0"
000008H   000008H   000001H   BYTE   UNIT     IDATA          ?STACK

* * * * * * * * * * *   C O D E   M E M O R Y   * * * * * * * * * * * * *
000000H   000002H   000003H   ---    OFFS..   CODE           ?CO?STARTUP?3
000003H   00008EH   00008CH   BYTE   UNIT     CODE           ?C_C51STARTUP
00008FH   000092H   000004H   ---    ---      **GAP**
000093H   000095H   000003H   BYTE   OFFS..   CODE           ?MAIN?00093
000096H   000143H   0000AEH   BYTE   UNIT     CODE           ?PR?UART1_ISR?MAIN
000144H   000174H   000031H   BYTE   UNIT     CODE           ?PR?MAIN?MAIN
000175H   000196H   000022H   BYTE   UNIT     CODE           ?PR?UART1_INIT?MAIN
000197H   0001AAH   000014H   BYTE   UNIT     CODE           ?PR?PORT_INIT?MAIN
0001ABH   0001BBH   000011H   BYTE   UNIT     CODE           ?C_INITSEG
0001BCH   0001C9H   00000EH   BYTE   UNIT     CODE           ?PR?SYSCLK_INIT?MAIN

* * * * * * * * * * *  X D A T A   M E M O R Y  * * * * * * * * * * * * *
000000H   000044H   000045H   BYTE   UNIT     XDATA          ?XD?MAIN



OVERLAY MAP OF MODULE:   .\Objects\UART (?C_STARTUP)


FUNCTION/MODULE              BIT_GROUP   DATA_GROUP 
--> CALLED FUNCTION/MODULE  START  STOP  START  STOP
====================================================
?C_C51STARTUP               ----- -----  ----- -----
  +--> MAIN/MAIN
  +--> ?C_INITSEG

MAIN/MAIN                   ----- -----  ----- -----
  +--> PORT_INIT/MAIN
LX51 LINKER/LOCATER V4.66.100.0                                                       06/27/2024  15:21:32  PAGE 2


  +--> SYSCLK_INIT/MAIN
  +--> UART1_INIT/MAIN

PORT_INIT/MAIN              ----- -----  ----- -----

SYSCLK_INIT/MAIN            ----- -----  ----- -----

UART1_INIT/MAIN             ----- -----  ----- -----

?C_INITSEG                  ----- -----  ----- -----

*** NEW ROOT **************

UART1_ISR/MAIN              ----- -----  ----- -----



PUBLIC SYMBOLS OF MODULE:  .\Objects\UART (?C_STARTUP)


      VALUE       CLASS    TYPE      PUBLIC SYMBOL NAME
      =================================================
      00000000H   NUMBER   ---       ?C?CODESEG
      00000000H   NUMBER   ---       ?C?XDATASEG
      0100004AH   CODE     ---       ?C_START
      01000000H   CODE     NEAR LAB  ?C_STARTUP
*SFR* 000000D0H.6 DATA     BIT       AC
*SFR* 000000E0H   DATA     BYTE      ACC
*SFR* 000000C0H.1 DATA     BIT       ACK
*SFR* 000000C0H.3 DATA     BIT       ACKRQ
*SFR* 000000E8H.4 DATA     BIT       AD0BUSY
*SFR* 000000E8H.0 DATA     BIT       AD0CM0
*SFR* 000000E8H.1 DATA     BIT       AD0CM1
*SFR* 000000E8H.7 DATA     BIT       AD0EN
*SFR* 000000E8H.5 DATA     BIT       AD0INT
*SFR* 000000E8H.2 DATA     BIT       AD0LJST
*SFR* 000000E8H.3 DATA     BIT       AD0WINT
*SFR* 000000BDH   DATA     WORD      ADC0
*SFR* 000000BCH   DATA     BYTE      ADC0CF
*SFR* 000000E8H   DATA     BYTE      ADC0CN
*SFR* 000000C3H   DATA     WORD      ADC0GT
*SFR* 000000C4H   DATA     BYTE      ADC0GTH
*SFR* 000000C3H   DATA     BYTE      ADC0GTL
*SFR* 000000BEH   DATA     BYTE      ADC0H
*SFR* 000000BDH   DATA     BYTE      ADC0L
*SFR* 000000C5H   DATA     WORD      ADC0LT
*SFR* 000000C6H   DATA     BYTE      ADC0LTH
*SFR* 000000C5H   DATA     BYTE      ADC0LTL
*SFR* 000000BBH   DATA     BYTE      ADC0MX
*SFR* 000000BAH   DATA     BYTE      ADC0TK
*SFR* 000000C0H.2 DATA     BIT       ARBLOST
*SFR* 000000F0H   DATA     BYTE      B
*SFR* 000000E8H.6 DATA     BIT       BURSTEN
*SFR* 000000A1H   DATA     BYTE      CAN0BRPE
*SFR* 0000009AH   DATA     WORD      CAN0BT
*SFR* 0000009BH   DATA     BYTE      CAN0BTH
*SFR* 0000009AH   DATA     BYTE      CAN0BTL
*SFR* 00000092H   DATA     BYTE      CAN0CFG
*SFR* 000000C0H   DATA     BYTE      CAN0CN
*SFR* 00000096H   DATA     WORD      CAN0ERR
*SFR* 00000097H   DATA     BYTE      CAN0ERRH
*SFR* 00000096H   DATA     BYTE      CAN0ERRL
*SFR* 000000CAH   DATA     WORD      CAN0IF1A1
*SFR* 000000CBH   DATA     BYTE      CAN0IF1A1H
*SFR* 000000CAH   DATA     BYTE      CAN0IF1A1L
LX51 LINKER/LOCATER V4.66.100.0                                                       06/27/2024  15:21:32  PAGE 3


*SFR* 000000CCH   DATA     WORD      CAN0IF1A2
*SFR* 000000CDH   DATA     BYTE      CAN0IF1A2H
*SFR* 000000CCH   DATA     BYTE      CAN0IF1A2L
*SFR* 000000C2H   DATA     WORD      CAN0IF1CM
*SFR* 000000C3H   DATA     BYTE      CAN0IF1CMH
*SFR* 000000C2H   DATA     BYTE      CAN0IF1CML
*SFR* 000000BEH   DATA     WORD      CAN0IF1CR
*SFR* 000000BFH   DATA     BYTE      CAN0IF1CRH
*SFR* 000000BEH   DATA     BYTE      CAN0IF1CRL
*SFR* 000000D4H   DATA     WORD      CAN0IF1DA1
*SFR* 000000D5H   DATA     BYTE      CAN0IF1DA1H
*SFR* 000000D4H   DATA     BYTE      CAN0IF1DA1L
*SFR* 000000D6H   DATA     WORD      CAN0IF1DA2
*SFR* 000000D7H   DATA     BYTE      CAN0IF1DA2H
*SFR* 000000D6H   DATA     BYTE      CAN0IF1DA2L
*SFR* 000000DAH   DATA     WORD      CAN0IF1DB1
*SFR* 000000DBH   DATA     BYTE      CAN0IF1DB1H
*SFR* 000000DAH   DATA     BYTE      CAN0IF1DB1L
*SFR* 000000DCH   DATA     WORD      CAN0IF1DB2
*SFR* 000000DDH   DATA     BYTE      CAN0IF1DB2H
*SFR* 000000DCH   DATA     BYTE      CAN0IF1DB2L
*SFR* 000000C4H   DATA     WORD      CAN0IF1M1
*SFR* 000000C5H   DATA     BYTE      CAN0IF1M1H
*SFR* 000000C4H   DATA     BYTE      CAN0IF1M1L
*SFR* 000000C6H   DATA     WORD      CAN0IF1M2
*SFR* 000000C7H   DATA     BYTE      CAN0IF1M2H
*SFR* 000000C6H   DATA     BYTE      CAN0IF1M2L
*SFR* 000000D2H   DATA     WORD      CAN0IF1MC
*SFR* 000000D3H   DATA     BYTE      CAN0IF1MCH
*SFR* 000000D2H   DATA     BYTE      CAN0IF1MCL
*SFR* 000000EEH   DATA     WORD      CAN0IF2A1
*SFR* 000000EFH   DATA     BYTE      CAN0IF2A1H
*SFR* 000000EEH   DATA     BYTE      CAN0IF2A1L
*SFR* 000000F2H   DATA     WORD      CAN0IF2A2
*SFR* 000000F3H   DATA     BYTE      CAN0IF2A2H
*SFR* 000000F2H   DATA     BYTE      CAN0IF2A2L
*SFR* 000000E2H   DATA     WORD      CAN0IF2CM
*SFR* 000000E3H   DATA     BYTE      CAN0IF2CMH
*SFR* 000000E2H   DATA     BYTE      CAN0IF2CML
*SFR* 000000DEH   DATA     WORD      CAN0IF2CR
*SFR* 000000DFH   DATA     BYTE      CAN0IF2CRH
*SFR* 000000DEH   DATA     BYTE      CAN0IF2CRL
*SFR* 000000F6H   DATA     WORD      CAN0IF2DA1
*SFR* 000000F7H   DATA     BYTE      CAN0IF2DA1H
*SFR* 000000F6H   DATA     BYTE      CAN0IF2DA1L
*SFR* 000000FAH   DATA     WORD      CAN0IF2DA2
*SFR* 000000FBH   DATA     BYTE      CAN0IF2DA2H
*SFR* 000000FAH   DATA     BYTE      CAN0IF2DA2L
*SFR* 000000FCH   DATA     WORD      CAN0IF2DB1
*SFR* 000000FDH   DATA     BYTE      CAN0IF2DB1H
*SFR* 000000FCH   DATA     BYTE      CAN0IF2DB1L
*SFR* 000000FEH   DATA     WORD      CAN0IF2DB2
*SFR* 000000FFH   DATA     BYTE      CAN0IF2DB2H
*SFR* 000000FEH   DATA     BYTE      CAN0IF2DB2L
*SFR* 000000EAH   DATA     WORD      CAN0IF2M1
*SFR* 000000EBH   DATA     BYTE      CAN0IF2M1H
*SFR* 000000EAH   DATA     BYTE      CAN0IF2M1L
*SFR* 000000ECH   DATA     WORD      CAN0IF2M2
*SFR* 000000EDH   DATA     BYTE      CAN0IF2M2H
*SFR* 000000ECH   DATA     BYTE      CAN0IF2M2L
*SFR* 000000F4H   DATA     WORD      CAN0IF2MC
*SFR* 000000CFH   DATA     BYTE      CAN0IF2MCH
*SFR* 000000CEH   DATA     BYTE      CAN0IF2MCL
*SFR* 0000009CH   DATA     WORD      CAN0IID
*SFR* 0000009DH   DATA     BYTE      CAN0IIDH
LX51 LINKER/LOCATER V4.66.100.0                                                       06/27/2024  15:21:32  PAGE 4


*SFR* 0000009CH   DATA     BYTE      CAN0IIDL
*SFR* 000000AEH   DATA     WORD      CAN0IP1
*SFR* 000000AFH   DATA     BYTE      CAN0IP1H
*SFR* 000000AEH   DATA     BYTE      CAN0IP1L
*SFR* 000000B2H   DATA     WORD      CAN0IP2
*SFR* 000000B3H   DATA     BYTE      CAN0IP2H
*SFR* 000000B2H   DATA     BYTE      CAN0IP2L
*SFR* 000000BAH   DATA     WORD      CAN0MV1
*SFR* 000000BBH   DATA     BYTE      CAN0MV1H
*SFR* 000000BAH   DATA     BYTE      CAN0MV1L
*SFR* 000000BCH   DATA     WORD      CAN0MV2
*SFR* 000000BDH   DATA     BYTE      CAN0MV2H
*SFR* 000000BCH   DATA     BYTE      CAN0MV2L
*SFR* 000000AAH   DATA     WORD      CAN0ND1
*SFR* 000000ABH   DATA     BYTE      CAN0ND1H
*SFR* 000000AAH   DATA     BYTE      CAN0ND1L
*SFR* 000000ACH   DATA     WORD      CAN0ND2
*SFR* 000000ADH   DATA     BYTE      CAN0ND2H
*SFR* 000000ACH   DATA     BYTE      CAN0ND2L
*SFR* 00000094H   DATA     BYTE      CAN0STAT
*SFR* 000000A2H   DATA     WORD      CAN0TR1
*SFR* 000000A3H   DATA     BYTE      CAN0TR1H
*SFR* 000000A2H   DATA     BYTE      CAN0TR1L
*SFR* 000000A4H   DATA     WORD      CAN0TR2
*SFR* 000000A5H   DATA     BYTE      CAN0TR2H
*SFR* 000000A4H   DATA     BYTE      CAN0TR2L
*SFR* 0000009EH   DATA     BYTE      CAN0TST
*SFR* 000000D8H.0 DATA     BIT       CCF0
*SFR* 000000D8H.1 DATA     BIT       CCF1
*SFR* 000000D8H.4 DATA     BIT       CCF10
*SFR* 000000D8H.5 DATA     BIT       CCF11
*SFR* 000000D8H.2 DATA     BIT       CCF2
*SFR* 000000D8H.3 DATA     BIT       CCF3
*SFR* 000000D8H.4 DATA     BIT       CCF4
*SFR* 000000D8H.5 DATA     BIT       CCF5
*SFR* 000000D8H.0 DATA     BIT       CCF6
*SFR* 000000D8H.1 DATA     BIT       CCF7
*SFR* 000000D8H.2 DATA     BIT       CCF8
*SFR* 000000D8H.3 DATA     BIT       CCF9
*SFR* 000000E3H   DATA     BYTE      CCH0CN
*SFR* 000000D8H.7 DATA     BIT       CF
*SFR* 000000D8H.7 DATA     BIT       CF1
*SFR* 0000008EH   DATA     BYTE      CKCON
*SFR* 00000097H   DATA     BYTE      CLKMUL
*SFR* 0000008FH   DATA     BYTE      CLKSEL
*SFR* 000000C8H.0 DATA     BIT       CPRL4
*SFR* 0000009AH   DATA     BYTE      CPT0CN
*SFR* 0000009BH   DATA     BYTE      CPT0MD
*SFR* 0000009CH   DATA     BYTE      CPT0MX
*SFR* 0000009DH   DATA     BYTE      CPT1CN
*SFR* 0000009EH   DATA     BYTE      CPT1MD
*SFR* 0000009FH   DATA     BYTE      CPT1MX
*SFR* 0000009AH   DATA     BYTE      CPT2CN
*SFR* 0000009BH   DATA     BYTE      CPT2MD
*SFR* 0000009CH   DATA     BYTE      CPT2MX
*SFR* 000000D8H.6 DATA     BIT       CR
*SFR* 000000D8H.6 DATA     BIT       CR1
*SFR* 000000C8H.1 DATA     BIT       CT4
*SFR* 000000D0H.7 DATA     BIT       CY
*SFR* 00000082H   DATA     WORD      DP
*SFR* 00000083H   DATA     BYTE      DPH
*SFR* 00000082H   DATA     BYTE      DPL
*SFR* 000000A8H.7 DATA     BIT       EA
*SFR* 000000E6H   DATA     BYTE      EIE1
*SFR* 000000E7H   DATA     BYTE      EIE2
LX51 LINKER/LOCATER V4.66.100.0                                                       06/27/2024  15:21:32  PAGE 5


*SFR* 000000F6H   DATA     BYTE      EIP1
*SFR* 000000F7H   DATA     BYTE      EIP2
*SFR* 000000B2H   DATA     BYTE      EMI0CF
*SFR* 000000AAH   DATA     BYTE      EMI0CN
*SFR* 000000AAH   DATA     BYTE      EMI0TC
*SFR* 000000A8H.4 DATA     BIT       ES0
*SFR* 000000A8H.6 DATA     BIT       ESPI0
*SFR* 000000A8H.1 DATA     BIT       ET0
*SFR* 000000A8H.3 DATA     BIT       ET1
*SFR* 000000A8H.5 DATA     BIT       ET2
*SFR* 000000A8H.0 DATA     BIT       EX0
*SFR* 000000A8H.2 DATA     BIT       EX1
*SFR* 000000C8H.3 DATA     BIT       EXE4
*SFR* 000000C8H.6 DATA     BIT       EXF4
*SFR* 000000D0H.5 DATA     BIT       F0
*SFR* 000000D0H.1 DATA     BIT       F1
*SFR* 000000B7H   DATA     BYTE      FLKEY
*SFR* 000000B6H   DATA     BYTE      FLSCL
*SFR* 000000A8H   DATA     BYTE      IE
*SFR* 00000088H.1 DATA     BIT       IE0
*SFR* 00000088H.3 DATA     BIT       IE1
*SFR* 000000B8H   DATA     BYTE      IP
*SFR* 00000088H.0 DATA     BIT       IT0
*SFR* 000000E4H   DATA     BYTE      IT01CF
*SFR* 00000088H.2 DATA     BIT       IT1
*SFR* 000000D3H   DATA     BYTE      LIN0ADR
*SFR* 000000C9H   DATA     BYTE      LIN0CF
*SFR* 000000D2H   DATA     BYTE      LIN0DAT
      01000144H   CODE     ---       main
*SFR* 000000C0H.7 DATA     BIT       MASTER
*SFR* 00000098H.5 DATA     BIT       MCE0
*SFR* 00000098H.5 DATA     BIT       MCE1
*SFR* 000000F8H.5 DATA     BIT       MODF
*SFR* 000000F8H.2 DATA     BIT       NSSMD0
*SFR* 000000F8H.3 DATA     BIT       NSSMD1
*SFR* 000000A1H   DATA     BYTE      OSCICN
*SFR* 000000A2H   DATA     BYTE      OSCICRS
*SFR* 0000009EH   DATA     BYTE      OSCIFIN
*SFR* 0000009FH   DATA     BYTE      OSCXCN
*SFR* 000000D0H.2 DATA     BIT       OV
*SFR* 000000D0H.0 DATA     BIT       P
*SFR* 00000080H   DATA     BYTE      P0
*SFR* 000000F2H   DATA     BYTE      P0MASK
*SFR* 000000F1H   DATA     BYTE      P0MAT
*SFR* 000000F1H   DATA     BYTE      P0MDIN
*SFR* 000000A4H   DATA     BYTE      P0MDOUT
*SFR* 000000D4H   DATA     BYTE      P0SKIP
*SFR* 00000090H   DATA     BYTE      P1
*SFR* 000000F4H   DATA     BYTE      P1MASK
*SFR* 000000F3H   DATA     BYTE      P1MAT
*SFR* 000000F2H   DATA     BYTE      P1MDIN
*SFR* 000000A5H   DATA     BYTE      P1MDOUT
*SFR* 000000D5H   DATA     BYTE      P1SKIP
*SFR* 000000A0H   DATA     BYTE      P2
*SFR* 000000B2H   DATA     BYTE      P2MASK
*SFR* 000000B1H   DATA     BYTE      P2MAT
*SFR* 000000F3H   DATA     BYTE      P2MDIN
*SFR* 000000A6H   DATA     BYTE      P2MDOUT
*SFR* 000000D6H   DATA     BYTE      P2SKIP
*SFR* 000000B0H   DATA     BYTE      P3
*SFR* 000000AFH   DATA     BYTE      P3MASK
*SFR* 000000AEH   DATA     BYTE      P3MAT
*SFR* 000000F4H   DATA     BYTE      P3MDIN
*SFR* 000000AEH   DATA     BYTE      P3MDOUT
*SFR* 000000D7H   DATA     BYTE      P3SKIP
LX51 LINKER/LOCATER V4.66.100.0                                                       06/27/2024  15:21:32  PAGE 6


*SFR* 000000B5H   DATA     BYTE      P4
*SFR* 000000AFH   DATA     BYTE      P4MDOUT
*SFR* 000000F9H   DATA     WORD      PCA0
*SFR* 000000D8H   DATA     BYTE      PCA0CN
*SFR* 000000FBH   DATA     WORD      PCA0CP0
*SFR* 000000E9H   DATA     WORD      PCA0CP1
*SFR* 000000EBH   DATA     WORD      PCA0CP2
*SFR* 000000EDH   DATA     WORD      PCA0CP3
*SFR* 000000FDH   DATA     WORD      PCA0CP4
*SFR* 000000CEH   DATA     WORD      PCA0CP5
*SFR* 000000FCH   DATA     BYTE      PCA0CPH0
*SFR* 000000EAH   DATA     BYTE      PCA0CPH1
*SFR* 000000ECH   DATA     BYTE      PCA0CPH2
*SFR* 000000EEH   DATA     BYTE      PCA0CPH3
*SFR* 000000FEH   DATA     BYTE      PCA0CPH4
*SFR* 000000CFH   DATA     BYTE      PCA0CPH5
*SFR* 000000FBH   DATA     BYTE      PCA0CPL0
*SFR* 000000E9H   DATA     BYTE      PCA0CPL1
*SFR* 000000EBH   DATA     BYTE      PCA0CPL2
*SFR* 000000EDH   DATA     BYTE      PCA0CPL3
*SFR* 000000FDH   DATA     BYTE      PCA0CPL4
*SFR* 000000CEH   DATA     BYTE      PCA0CPL5
*SFR* 000000DAH   DATA     BYTE      PCA0CPM0
*SFR* 000000DBH   DATA     BYTE      PCA0CPM1
*SFR* 000000DCH   DATA     BYTE      PCA0CPM2
*SFR* 000000DDH   DATA     BYTE      PCA0CPM3
*SFR* 000000DEH   DATA     BYTE      PCA0CPM4
*SFR* 000000DFH   DATA     BYTE      PCA0CPM5
*SFR* 000000FAH   DATA     BYTE      PCA0H
*SFR* 000000F9H   DATA     BYTE      PCA0L
*SFR* 000000D9H   DATA     BYTE      PCA0MD
*SFR* 000000D9H   DATA     BYTE      PCA0PWM
*SFR* 000000F9H   DATA     WORD      PCA1
*SFR* 000000D8H   DATA     BYTE      PCA1CN
*SFR* 000000FDH   DATA     WORD      PCA1CP10
*SFR* 000000CEH   DATA     WORD      PCA1CP11
*SFR* 000000FBH   DATA     WORD      PCA1CP6
*SFR* 000000E9H   DATA     WORD      PCA1CP7
*SFR* 000000EBH   DATA     WORD      PCA1CP8
*SFR* 000000EDH   DATA     WORD      PCA1CP9
*SFR* 000000EAH   DATA     BYTE      PCA1CPH1
*SFR* 000000FEH   DATA     BYTE      PCA1CPH10
*SFR* 000000CFH   DATA     BYTE      PCA1CPH11
*SFR* 000000ECH   DATA     BYTE      PCA1CPH2
*SFR* 000000EEH   DATA     BYTE      PCA1CPH3
*SFR* 000000FCH   DATA     BYTE      PCA1CPH6
*SFR* 000000E9H   DATA     BYTE      PCA1CPL1
*SFR* 000000FDH   DATA     BYTE      PCA1CPL10
*SFR* 000000CEH   DATA     BYTE      PCA1CPL11
*SFR* 000000EBH   DATA     BYTE      PCA1CPL2
*SFR* 000000EDH   DATA     BYTE      PCA1CPL3
*SFR* 000000FBH   DATA     BYTE      PCA1CPL6
*SFR* 000000DEH   DATA     BYTE      PCA1CPM10
*SFR* 000000DFH   DATA     BYTE      PCA1CPM11
*SFR* 000000DAH   DATA     BYTE      PCA1CPM6
*SFR* 000000DBH   DATA     BYTE      PCA1CPM7
*SFR* 000000DCH   DATA     BYTE      PCA1CPM8
*SFR* 000000DDH   DATA     BYTE      PCA1CPM9
*SFR* 000000FAH   DATA     BYTE      PCA1H
*SFR* 000000F9H   DATA     BYTE      PCA1L
*SFR* 000000D9H   DATA     BYTE      PCA1MD
*SFR* 000000DAH   DATA     BYTE      PCA1PWM
*SFR* 00000087H   DATA     BYTE      PCON
      01000197H   CODE     ---       PORT_Init
*SFR* 000000A0H   DATA     BYTE      PPAGE_SFR
LX51 LINKER/LOCATER V4.66.100.0                                                       06/27/2024  15:21:32  PAGE 7


*SFR* 000000B8H.4 DATA     BIT       PS
*SFR* 000000B8H.4 DATA     BIT       PS0
*SFR* 000000F5H   DATA     BYTE      PSBANK
*SFR* 0000008FH   DATA     BYTE      PSCTL
*SFR* 000000B8H.6 DATA     BIT       PSPI0
*SFR* 000000D0H   DATA     BYTE      PSW
*SFR* 000000B8H.1 DATA     BIT       PT0
*SFR* 000000B8H.3 DATA     BIT       PT1
*SFR* 000000B8H.5 DATA     BIT       PT2
*SFR* 000000B8H.0 DATA     BIT       PX0
*SFR* 000000B8H.2 DATA     BIT       PX1
*SFR* 00000098H.2 DATA     BIT       RB80
*SFR* 00000098H.2 DATA     BIT       RB81
*SFR* 000000D1H   DATA     BYTE      REF0CN
*SFR* 000000C9H   DATA     BYTE      REG0CN
*SFR* 00000098H.4 DATA     BIT       REN0
*SFR* 00000098H.4 DATA     BIT       REN1
*SFR* 00000098H.0 DATA     BIT       RI0
*SFR* 00000098H.0 DATA     BIT       RI1
*SFR* 000000D0H.3 DATA     BIT       RS0
*SFR* 000000D0H.4 DATA     BIT       RS1
*SFR* 000000EFH   DATA     BYTE      RSTSRC
*SFR* 000000F8H.4 DATA     BIT       RXOVRN
*SFR* 00000098H.7 DATA     BIT       S0MODE
*SFR* 00000098H.7 DATA     BIT       S1MODE
*SFR* 000000ABH   DATA     BYTE      SBCON0
*SFR* 000000ACH   DATA     WORD      SBRL0
*SFR* 000000ADH   DATA     BYTE      SBRLH0
*SFR* 000000ACH   DATA     BYTE      SBRLL0
*SFR* 00000099H   DATA     BYTE      SBUF0
*SFR* 00000099H   DATA     BYTE      SBUF1
*SFR* 00000098H   DATA     BYTE      SCON0
*SFR* 00000098H   DATA     BYTE      SCON1
*SFR* 00000084H   DATA     BYTE      SFR0CN
*SFR* 00000086H   DATA     BYTE      SFRLAST
*SFR* 00000085H   DATA     BYTE      SFRNEXT
*SFR* 000000A7H   DATA     BYTE      SFRPAGE
*SFR* 000000C0H.0 DATA     BIT       SI
*SFR* 000000BAH   DATA     BYTE      SMB0ADM
*SFR* 000000B9H   DATA     BYTE      SMB0ADR
*SFR* 000000C1H   DATA     BYTE      SMB0CF
*SFR* 000000C0H   DATA     BYTE      SMB0CN
*SFR* 000000C2H   DATA     BYTE      SMB0DAT
*SFR* 000000A9H   DATA     BYTE      SMOD0
*SFR* 000000F9H   DATA     BYTE      SN0
*SFR* 000000FAH   DATA     BYTE      SN1
*SFR* 000000FBH   DATA     BYTE      SN2
*SFR* 000000FCH   DATA     BYTE      SN3
*SFR* 00000081H   DATA     BYTE      SP
*SFR* 000000A1H   DATA     BYTE      SPI0CFG
*SFR* 000000A2H   DATA     BYTE      SPI0CKR
*SFR* 000000F8H   DATA     BYTE      SPI0CN
*SFR* 000000A3H   DATA     BYTE      SPI0DAT
*SFR* 000000F8H.0 DATA     BIT       SPIEN
*SFR* 000000F8H.7 DATA     BIT       SPIF
*SFR* 000000C0H.5 DATA     BIT       STA
*SFR* 000000C0H.4 DATA     BIT       STO
      010001BCH   CODE     ---       SYSCLK_Init
*SFR* 000000C8H.1 DATA     BIT       T2RCLK
*SFR* 000000C8H.3 DATA     BIT       T2SPLIT
*SFR* 000000C8H.0 DATA     BIT       T2XCLK
*SFR* 00000098H.3 DATA     BIT       TB80
*SFR* 00000098H.3 DATA     BIT       TB81
*SFR* 00000088H   DATA     BYTE      TCON
*SFR* 00000088H.5 DATA     BIT       TF0
LX51 LINKER/LOCATER V4.66.100.0                                                       06/27/2024  15:21:32  PAGE 8


*SFR* 00000088H.7 DATA     BIT       TF1
*SFR* 000000C8H.4 DATA     BIT       TF2CEN
*SFR* 000000C8H.7 DATA     BIT       TF2H
*SFR* 000000C8H.6 DATA     BIT       TF2L
*SFR* 000000C8H.5 DATA     BIT       TF2LEN
*SFR* 000000C8H.7 DATA     BIT       TF4
*SFR* 0000008CH   DATA     BYTE      TH0
*SFR* 0000008DH   DATA     BYTE      TH1
*SFR* 00000098H.1 DATA     BIT       TI0
*SFR* 00000098H.1 DATA     BIT       TI1
*SFR* 0000008AH   DATA     BYTE      TL0
*SFR* 0000008BH   DATA     BYTE      TL1
*SFR* 00000089H   DATA     BYTE      TMOD
*SFR* 000000CCH   DATA     WORD      TMR2
*SFR* 000000C8H   DATA     BYTE      TMR2CN
*SFR* 000000CDH   DATA     BYTE      TMR2H
*SFR* 000000CCH   DATA     BYTE      TMR2L
*SFR* 000000CAH   DATA     WORD      TMR2RL
*SFR* 000000CBH   DATA     BYTE      TMR2RLH
*SFR* 000000CAH   DATA     BYTE      TMR2RLL
*SFR* 00000094H   DATA     WORD      TMR3
*SFR* 00000091H   DATA     BYTE      TMR3CN
*SFR* 00000095H   DATA     BYTE      TMR3H
*SFR* 00000094H   DATA     BYTE      TMR3L
*SFR* 00000092H   DATA     WORD      TMR3RL
*SFR* 00000093H   DATA     BYTE      TMR3RLH
*SFR* 00000092H   DATA     BYTE      TMR3RLL
*SFR* 000000CCH   DATA     WORD      TMR4
*SFR* 000000CAH   DATA     WORD      TMR4CAP
*SFR* 000000CBH   DATA     BYTE      TMR4CAPH
*SFR* 000000CAH   DATA     BYTE      TMR4CAPL
*SFR* 000000C9H   DATA     BYTE      TMR4CF
*SFR* 000000C8H   DATA     BYTE      TMR4CN
*SFR* 000000CDH   DATA     BYTE      TMR4H
*SFR* 000000CCH   DATA     BYTE      TMR4L
*SFR* 00000094H   DATA     WORD      TMR5
*SFR* 00000092H   DATA     WORD      TMR5CAP
*SFR* 00000093H   DATA     BYTE      TMR5CAPH
*SFR* 00000092H   DATA     BYTE      TMR5CAPL
*SFR* 00000096H   DATA     BYTE      TMR5CF
*SFR* 00000091H   DATA     BYTE      TMR5CN
*SFR* 00000095H   DATA     BYTE      TMR5H
*SFR* 00000094H   DATA     BYTE      TMR5L
*SFR* 00000088H.4 DATA     BIT       TR0
*SFR* 00000088H.6 DATA     BIT       TR1
*SFR* 000000C8H.2 DATA     BIT       TR2
*SFR* 000000C8H.2 DATA     BIT       TR4
      02000000H   XDATA    BYTE      TX_Ready
*SFR* 000000F8H.1 DATA     BIT       TXBMT
*SFR* 000000C0H.6 DATA     BIT       TXMODE
      02000003H   XDATA    ---       UART1_Buffer
      02000002H   XDATA    BYTE      UART1_Buffer_Size
      01000175H   CODE     ---       UART1_Init
      02000043H   XDATA    BYTE      UART1_Input_First
      01000096H   CODE     ---       UART1_ISR
      02000044H   XDATA    BYTE      UART1_Output_First
*SFR* 000000FFH   DATA     BYTE      VDM0CN
*SFR* 000000F8H.6 DATA     BIT       WCOL
*SFR* 000000E1H   DATA     BYTE      XBR0
*SFR* 000000E2H   DATA     BYTE      XBR1
*SFR* 000000C7H   DATA     BYTE      XBR2
*SFR* 000000C6H   DATA     BYTE      XBR3



LX51 LINKER/LOCATER V4.66.100.0                                                       06/27/2024  15:21:32  PAGE 9


SYMBOL TABLE OF MODULE:  .\Objects\UART (?C_STARTUP)

      VALUE       REP       CLASS    TYPE      SYMBOL NAME
      ====================================================
      ---         MODULE    ---      ---       ?C_STARTUP
      01000000H   PUBLIC    CODE     NEAR LAB  ?C_STARTUP
      000000E0H   SFRSYM    DATA     BYTE      ACC
      000000F0H   SFRSYM    DATA     BYTE      B
      00000083H   SFRSYM    DATA     BYTE      DPH
      00000082H   SFRSYM    DATA     BYTE      DPL
      000000A0H   SFRSYM    DATA     BYTE      PPAGE_SFR
      00000081H   SFRSYM    DATA     BYTE      SP
      00000000H   SYMBOL    NUMBER   ---       IBPSTACK
      00000100H   SYMBOL    NUMBER   ---       IBPSTACKTOP
      00000080H   SYMBOL    NUMBER   ---       IDATALEN
      01000006H   SYMBOL    CODE     NEAR LAB  IDATALOOP
      00000000H   SYMBOL    NUMBER   ---       PBPSTACK
      00000100H   SYMBOL    NUMBER   ---       PBPSTACKTOP
      00000000H   SYMBOL    NUMBER   ---       PDATALEN
      00000000H   SYMBOL    NUMBER   ---       PDATASTART
      00000000H   SYMBOL    NUMBER   ---       PPAGE
      00000000H   SYMBOL    NUMBER   ---       PPAGEENABLE
      01000003H   SYMBOL    CODE     NEAR LAB  STARTUP1
      00000000H   SYMBOL    NUMBER   ---       XBPSTACK
      00010000H   SYMBOL    NUMBER   ---       XBPSTACKTOP
      00000000H   SYMBOL    NUMBER   ---       XDATALEN
      00000000H   SYMBOL    NUMBER   ---       XDATASTART

      01000000H   BLOCK     CODE     NEAR LAB  LVL=0
      01000000H   LINE      CODE     ---       #126
      ---         BLOCKEND  ---      ---       LVL=0

      01000003H   BLOCK     CODE     NEAR LAB  LVL=0
      01000003H   LINE      CODE     ---       #133
      01000005H   LINE      CODE     ---       #134
      01000006H   LINE      CODE     ---       #135
      01000007H   LINE      CODE     ---       #136
      01000009H   LINE      CODE     ---       #185
      0100000CH   LINE      CODE     ---       #196
      ---         BLOCKEND  ---      ---       LVL=0

      ---         MODULE    ---      ---       MAIN
      02000044H   PUBLIC    XDATA    BYTE      UART1_Output_First
      02000043H   PUBLIC    XDATA    BYTE      UART1_Input_First
      02000003H   PUBLIC    XDATA    ---       UART1_Buffer
      02000002H   PUBLIC    XDATA    BYTE      UART1_Buffer_Size
      02000000H   PUBLIC    XDATA    BYTE      TX_Ready
      01000096H   PUBLIC    CODE     ---       UART1_ISR
      01000175H   PUBLIC    CODE     ---       UART1_Init
      010001BCH   PUBLIC    CODE     ---       SYSCLK_Init
      01000197H   PUBLIC    CODE     ---       PORT_Init
      01000144H   PUBLIC    CODE     ---       main
      000000D8H.2 SFRSYM    DATA     BIT       CCF2
      00000098H.3 SFRSYM    DATA     BIT       TB80
      000000FEH   SFRSYM    DATA     WORD      CAN0IF2DB2
      00000092H   SFRSYM    DATA     WORD      TMR5CAP
      000000A2H   SFRSYM    DATA     BYTE      SPI0CKR
      000000D8H.3 SFRSYM    DATA     BIT       CCF3
      00000098H.3 SFRSYM    DATA     BIT       TB81
      000000CBH   SFRSYM    DATA     BYTE      CAN0IF1A1H
      0000009EH   SFRSYM    DATA     BYTE      CAN0TST
      00000080H   SFRSYM    DATA     BYTE      P0
      000000F8H.0 SFRSYM    DATA     BIT       SPIEN
      000000D8H.4 SFRSYM    DATA     BIT       CCF4
      000000EFH   SFRSYM    DATA     BYTE      CAN0IF2A1H
LX51 LINKER/LOCATER V4.66.100.0                                                       06/27/2024  15:21:32  PAGE 10


      000000CDH   SFRSYM    DATA     BYTE      CAN0IF1A2H
      00000090H   SFRSYM    DATA     BYTE      P1
      000000D8H.5 SFRSYM    DATA     BIT       CCF5
      000000F3H   SFRSYM    DATA     BYTE      CAN0IF2A2H
      000000A0H   SFRSYM    DATA     BYTE      P2
      000000D8H.0 SFRSYM    DATA     BIT       CCF6
      000000BCH   SFRSYM    DATA     BYTE      ADC0CF
      000000B0H   SFRSYM    DATA     BYTE      P3
      000000D8H.1 SFRSYM    DATA     BIT       CCF7
      000000D0H.6 SFRSYM    DATA     BIT       AC
      000000CAH   SFRSYM    DATA     BYTE      CAN0IF1A1L
      000000B5H   SFRSYM    DATA     BYTE      P4
      000000D8H.2 SFRSYM    DATA     BIT       CCF8
      000000F9H   SFRSYM    DATA     WORD      PCA0
      000000EEH   SFRSYM    DATA     BYTE      CAN0IF2A1L
      000000CCH   SFRSYM    DATA     BYTE      CAN0IF1A2L
      000000E6H   SFRSYM    DATA     BYTE      EIE1
      000000D8H.3 SFRSYM    DATA     BIT       CCF9
      000000A8H.7 SFRSYM    DATA     BIT       EA
      00000098H.5 SFRSYM    DATA     BIT       MCE0
      000000F9H   SFRSYM    DATA     WORD      PCA1
      000000F2H   SFRSYM    DATA     BYTE      CAN0IF2A2L
      000000E7H   SFRSYM    DATA     BYTE      EIE2
      00000098H.5 SFRSYM    DATA     BIT       MCE1
      0000008FH   SFRSYM    DATA     BYTE      PSCTL
      000000D8H.7 SFRSYM    DATA     BIT       CF
      000000E4H   SFRSYM    DATA     BYTE      IT01CF
      000000E8H   SFRSYM    DATA     BYTE      ADC0CN
      000000A7H   SFRSYM    DATA     BYTE      SFRPAGE
      000000C5H   SFRSYM    DATA     BYTE      CAN0IF1M1H
      000000A4H   SFRSYM    DATA     BYTE      P0MDOUT
      000000EBH   SFRSYM    DATA     BYTE      CAN0IF2M1H
      000000C7H   SFRSYM    DATA     BYTE      CAN0IF1M2H
      000000A5H   SFRSYM    DATA     BYTE      P1MDOUT
      000000EDH   SFRSYM    DATA     BYTE      CAN0IF2M2H
      000000CBH   SFRSYM    DATA     BYTE      TMR2RLH
      000000A8H   SFRSYM    DATA     BYTE      IE
      000000A6H   SFRSYM    DATA     BYTE      P2MDOUT
      0000009EH   SFRSYM    DATA     BYTE      OSCIFIN
      000000AEH   SFRSYM    DATA     BYTE      P3MDOUT
      00000093H   SFRSYM    DATA     BYTE      TMR3RLH
      000000C4H   SFRSYM    DATA     BYTE      CAN0IF1M1L
      000000ABH   SFRSYM    DATA     BYTE      CAN0ND1H
      000000F6H   SFRSYM    DATA     BYTE      EIP1
      000000AFH   SFRSYM    DATA     BYTE      P4MDOUT
      000000F8H.1 SFRSYM    DATA     BIT       TXBMT
      000000EAH   SFRSYM    DATA     BYTE      CAN0IF2M1L
      000000C6H   SFRSYM    DATA     BYTE      CAN0IF1M2L
      000000ADH   SFRSYM    DATA     BYTE      CAN0ND2H
      000000F7H   SFRSYM    DATA     BYTE      EIP2
      000000E3H   SFRSYM    DATA     BYTE      CCH0CN
      000000ECH   SFRSYM    DATA     BYTE      CAN0IF2M2L
      000000FCH   SFRSYM    DATA     BYTE      PCA0CPH0
      000000CAH   SFRSYM    DATA     BYTE      TMR2RLL
      000000EAH   SFRSYM    DATA     BYTE      PCA0CPH1
      00000092H   SFRSYM    DATA     BYTE      TMR3RLL
      00000082H   SFRSYM    DATA     WORD      DP
      000000AAH   SFRSYM    DATA     BYTE      CAN0ND1L
      000000ECH   SFRSYM    DATA     BYTE      PCA0CPH2
      000000EAH   SFRSYM    DATA     BYTE      PCA1CPH1
      000000D8H.6 SFRSYM    DATA     BIT       CR
      000000C8H.3 SFRSYM    DATA     BIT       T2SPLIT
      000000C8H.7 SFRSYM    DATA     BIT       TF2H
      000000C3H   SFRSYM    DATA     WORD      ADC0GT
      000000C0H   SFRSYM    DATA     BYTE      CAN0CN
LX51 LINKER/LOCATER V4.66.100.0                                                       06/27/2024  15:21:32  PAGE 11


      000000ACH   SFRSYM    DATA     BYTE      CAN0ND2L
      000000EEH   SFRSYM    DATA     BYTE      PCA0CPH3
      000000ECH   SFRSYM    DATA     BYTE      PCA1CPH2
      00000098H.4 SFRSYM    DATA     BIT       REN0
      000000FEH   SFRSYM    DATA     BYTE      PCA0CPH4
      000000FBH   SFRSYM    DATA     BYTE      PCA0CPL0
      000000EEH   SFRSYM    DATA     BYTE      PCA1CPH3
      000000B2H   SFRSYM    DATA     BYTE      EMI0CF
      000000C8H.3 SFRSYM    DATA     BIT       EXE4
      00000098H.4 SFRSYM    DATA     BIT       REN1
      000000AFH   SFRSYM    DATA     BYTE      CAN0IP1H
      000000E9H   SFRSYM    DATA     BYTE      PCA0CPL1
      000000DAH   SFRSYM    DATA     BYTE      PCA0CPM0
      000000D9H   SFRSYM    DATA     BYTE      PCA0MD
      000000D8H   SFRSYM    DATA     BYTE      PCA0CN
      000000CFH   SFRSYM    DATA     BYTE      PCA0CPH5
      000000C8H.6 SFRSYM    DATA     BIT       EXF4
      000000B3H   SFRSYM    DATA     BYTE      CAN0IP2H
      000000EBH   SFRSYM    DATA     BYTE      PCA0CPL2
      000000E9H   SFRSYM    DATA     BYTE      PCA1CPL1
      000000DBH   SFRSYM    DATA     BYTE      PCA0CPM1
      000000D9H   SFRSYM    DATA     BYTE      PCA1MD
      000000D8H   SFRSYM    DATA     BYTE      PCA1CN
      000000C8H.6 SFRSYM    DATA     BIT       TF2L
      000000FCH   SFRSYM    DATA     BYTE      PCA1CPH6
      000000EDH   SFRSYM    DATA     BYTE      PCA0CPL3
      000000EBH   SFRSYM    DATA     BYTE      PCA1CPL2
      000000DCH   SFRSYM    DATA     BYTE      PCA0CPM2
      000000BAH   SFRSYM    DATA     BYTE      ADC0TK
      000000B8H   SFRSYM    DATA     BYTE      IP
      000000A2H   SFRSYM    DATA     BYTE      OSCICRS
      000000C0H.2 SFRSYM    DATA     BIT       ARBLOST
      0000009AH   SFRSYM    DATA     WORD      CAN0BT
      000000C5H   SFRSYM    DATA     WORD      ADC0LT
      000000FDH   SFRSYM    DATA     BYTE      PCA0CPL4
      000000EDH   SFRSYM    DATA     BYTE      PCA1CPL3
      000000DDH   SFRSYM    DATA     BYTE      PCA0CPM3
      000000AEH   SFRSYM    DATA     BYTE      CAN0IP1L
      000000DEH   SFRSYM    DATA     BYTE      PCA0CPM4
      000000CEH   SFRSYM    DATA     BYTE      PCA0CPL5
      000000D0H.7 SFRSYM    DATA     BIT       CY
      000000C0H.0 SFRSYM    DATA     BIT       SI
      000000B2H   SFRSYM    DATA     BYTE      CAN0IP2L
      000000DFH   SFRSYM    DATA     BYTE      PCA0CPM5
      000000FBH   SFRSYM    DATA     BYTE      PCA1CPL6
      000000E1H   SFRSYM    DATA     BYTE      XBR0
      000000C1H   SFRSYM    DATA     BYTE      SMB0CF
      000000D3H   SFRSYM    DATA     BYTE      CAN0IF1MCH
      000000C3H   SFRSYM    DATA     BYTE      CAN0IF1CMH
      000000E2H   SFRSYM    DATA     BYTE      XBR1
      000000DAH   SFRSYM    DATA     BYTE      PCA1CPM6
      000000C9H   SFRSYM    DATA     BYTE      LIN0CF
      000000AAH   SFRSYM    DATA     BYTE      EMI0CN
      000000E3H   SFRSYM    DATA     BYTE      CAN0IF2CMH
      000000CFH   SFRSYM    DATA     BYTE      CAN0IF2MCH
      000000DBH   SFRSYM    DATA     BYTE      PCA1CPM7
      000000C7H   SFRSYM    DATA     BYTE      XBR2
      000000BBH   SFRSYM    DATA     BYTE      ADC0MX
      000000DCH   SFRSYM    DATA     BYTE      PCA1CPM8
      000000D1H   SFRSYM    DATA     BYTE      REF0CN
      000000C6H   SFRSYM    DATA     BYTE      XBR3
      000000BBH   SFRSYM    DATA     BYTE      CAN0MV1H
      000000DDH   SFRSYM    DATA     BYTE      PCA1CPM9
      000000C9H   SFRSYM    DATA     BYTE      REG0CN
      000000E8H.5 SFRSYM    DATA     BIT       AD0INT
LX51 LINKER/LOCATER V4.66.100.0                                                       06/27/2024  15:21:32  PAGE 12


      000000D2H   SFRSYM    DATA     BYTE      CAN0IF1MCL
      000000C2H   SFRSYM    DATA     BYTE      CAN0IF1CML
      000000BDH   SFRSYM    DATA     BYTE      CAN0MV2H
      00000086H   SFRSYM    DATA     BYTE      SFRLAST
      000000B8H.4 SFRSYM    DATA     BIT       PS
      000000E2H   SFRSYM    DATA     BYTE      CAN0IF2CML
      000000CEH   SFRSYM    DATA     BYTE      CAN0IF2MCL
      000000BFH   SFRSYM    DATA     BYTE      CAN0IF1CRH
      0000009DH   SFRSYM    DATA     BYTE      CAN0IIDH
      00000081H   SFRSYM    DATA     BYTE      SP
      000000C8H.4 SFRSYM    DATA     BIT       TF2CEN
      000000DFH   SFRSYM    DATA     BYTE      CAN0IF2CRH
      000000A3H   SFRSYM    DATA     BYTE      CAN0TR1H
      000000AAH   SFRSYM    DATA     BYTE      EMI0TC
      000000D0H.2 SFRSYM    DATA     BIT       OV
      000000BAH   SFRSYM    DATA     BYTE      CAN0MV1L
      000000A5H   SFRSYM    DATA     BYTE      CAN0TR2H
      000000C0H   SFRSYM    DATA     BYTE      SMB0CN
      000000E8H.6 SFRSYM    DATA     BIT       BURSTEN
      000000CCH   SFRSYM    DATA     WORD      TMR2
      000000BCH   SFRSYM    DATA     BYTE      CAN0MV2L
      000000F8H.5 SFRSYM    DATA     BIT       MODF
      00000094H   SFRSYM    DATA     WORD      TMR3
      000000BEH   SFRSYM    DATA     BYTE      CAN0IF1CRL
      0000009CH   SFRSYM    DATA     BYTE      CAN0IIDL
      000000ABH   SFRSYM    DATA     BYTE      SBCON0
      000000CCH   SFRSYM    DATA     WORD      TMR4
      000000DEH   SFRSYM    DATA     BYTE      CAN0IF2CRL
      000000A2H   SFRSYM    DATA     BYTE      CAN0TR1L
      00000094H   SFRSYM    DATA     WORD      TMR5
      000000A4H   SFRSYM    DATA     BYTE      CAN0TR2L
      00000098H.7 SFRSYM    DATA     BIT       S0MODE
      000000FFH   SFRSYM    DATA     BYTE      VDM0CN
      000000F1H   SFRSYM    DATA     BYTE      P0MDIN
      0000009BH   SFRSYM    DATA     BYTE      CPT0MD
      0000009AH   SFRSYM    DATA     BYTE      CPT0CN
      00000098H.7 SFRSYM    DATA     BIT       S1MODE
      000000F2H   SFRSYM    DATA     BYTE      P1MDIN
      0000009EH   SFRSYM    DATA     BYTE      CPT1MD
      0000009DH   SFRSYM    DATA     BYTE      CPT1CN
      000000F3H   SFRSYM    DATA     BYTE      P2MDIN
      0000009BH   SFRSYM    DATA     BYTE      CPT2MD
      0000009AH   SFRSYM    DATA     BYTE      CPT2CN
      000000C8H.5 SFRSYM    DATA     BIT       TF2LEN
      000000F4H   SFRSYM    DATA     BYTE      P3MDIN
      000000ADH   SFRSYM    DATA     BYTE      SBRLH0
      00000085H   SFRSYM    DATA     BYTE      SFRNEXT
      000000D8H.4 SFRSYM    DATA     BIT       CCF10
      000000A1H   SFRSYM    DATA     BYTE      CAN0BRPE
      000000F2H   SFRSYM    DATA     BYTE      P0MASK
      00000084H   SFRSYM    DATA     BYTE      SFR0CN
      000000D8H.5 SFRSYM    DATA     BIT       CCF11
      000000F8H   SFRSYM    DATA     BYTE      SPI0CN
      000000F4H   SFRSYM    DATA     BYTE      P1MASK
      000000B2H   SFRSYM    DATA     BYTE      P2MASK
      000000AFH   SFRSYM    DATA     BYTE      P3MASK
      000000ACH   SFRSYM    DATA     BYTE      SBRLL0
      00000087H   SFRSYM    DATA     BYTE      PCON
      000000C9H   SFRSYM    DATA     BYTE      TMR4CF
      000000F8H.7 SFRSYM    DATA     BIT       SPIF
      00000096H   SFRSYM    DATA     BYTE      TMR5CF
      000000C8H.1 SFRSYM    DATA     BIT       T2RCLK
      00000089H   SFRSYM    DATA     BYTE      TMOD
      00000088H   SFRSYM    DATA     BYTE      TCON
      000000F8H.6 SFRSYM    DATA     BIT       WCOL
LX51 LINKER/LOCATER V4.66.100.0                                                       06/27/2024  15:21:32  PAGE 13


      00000097H   SFRSYM    DATA     BYTE      CAN0ERRH
      000000F8H.2 SFRSYM    DATA     BIT       NSSMD0
      000000CAH   SFRSYM    DATA     WORD      CAN0IF1A1
      000000F8H.3 SFRSYM    DATA     BIT       NSSMD1
      000000EEH   SFRSYM    DATA     WORD      CAN0IF2A1
      000000CCH   SFRSYM    DATA     WORD      CAN0IF1A2
      000000C8H   SFRSYM    DATA     BYTE      TMR2CN
      000000F2H   SFRSYM    DATA     WORD      CAN0IF2A2
      000000D4H   SFRSYM    DATA     BYTE      P0SKIP
      00000091H   SFRSYM    DATA     BYTE      TMR3CN
      000000D8H.7 SFRSYM    DATA     BIT       CF1
      000000C8H.0 SFRSYM    DATA     BIT       T2XCLK
      00000096H   SFRSYM    DATA     BYTE      CAN0ERRL
      000000D5H   SFRSYM    DATA     BYTE      P1SKIP
      000000C8H   SFRSYM    DATA     BYTE      TMR4CN
      000000D6H   SFRSYM    DATA     BYTE      P2SKIP
      00000091H   SFRSYM    DATA     BYTE      TMR5CN
      000000D7H   SFRSYM    DATA     BYTE      P3SKIP
      00000088H.1 SFRSYM    DATA     BIT       IE0
      0000009CH   SFRSYM    DATA     BYTE      CPT0MX
      00000088H.3 SFRSYM    DATA     BIT       IE1
      0000009FH   SFRSYM    DATA     BYTE      CPT1MX
      0000009CH   SFRSYM    DATA     BYTE      CPT2MX
      0000008FH   SFRSYM    DATA     BYTE      CLKSEL
      00000094H   SFRSYM    DATA     BYTE      CAN0STAT
      000000F5H   SFRSYM    DATA     BYTE      PSBANK
      000000F0H   SFRSYM    DATA     BYTE      B
      000000BEH   SFRSYM    DATA     BYTE      ADC0H
      000000A1H   SFRSYM    DATA     BYTE      OSCICN
      000000C4H   SFRSYM    DATA     WORD      CAN0IF1M1
      000000EAH   SFRSYM    DATA     WORD      CAN0IF2M1
      000000C6H   SFRSYM    DATA     WORD      CAN0IF1M2
      000000D5H   SFRSYM    DATA     BYTE      CAN0IF1DA1H
      000000FEH   SFRSYM    DATA     BYTE      PCA1CPH10
      000000ECH   SFRSYM    DATA     WORD      CAN0IF2M2
      000000CAH   SFRSYM    DATA     WORD      TMR2RL
      000000F7H   SFRSYM    DATA     BYTE      CAN0IF2DA1H
      000000DBH   SFRSYM    DATA     BYTE      CAN0IF1DB1H
      000000D7H   SFRSYM    DATA     BYTE      CAN0IF1DA2H
      000000CFH   SFRSYM    DATA     BYTE      PCA1CPH11
      000000BDH   SFRSYM    DATA     BYTE      ADC0L
      000000D8H.6 SFRSYM    DATA     BIT       CR1
      00000092H   SFRSYM    DATA     WORD      TMR3RL
      000000FDH   SFRSYM    DATA     BYTE      CAN0IF2DB1H
      000000FBH   SFRSYM    DATA     BYTE      CAN0IF2DA2H
      000000DDH   SFRSYM    DATA     BYTE      CAN0IF1DB2H
      000000CBH   SFRSYM    DATA     BYTE      TMR4CAPH
      000000AAH   SFRSYM    DATA     WORD      CAN0ND1
      000000FFH   SFRSYM    DATA     BYTE      CAN0IF2DB2H
      000000E0H   SFRSYM    DATA     BYTE      ACC
      00000093H   SFRSYM    DATA     BYTE      TMR5CAPH
      000000A8H.4 SFRSYM    DATA     BIT       ES0
      000000ACH   SFRSYM    DATA     WORD      CAN0ND2
      000000D4H   SFRSYM    DATA     BYTE      CAN0IF1DA1L
      000000FDH   SFRSYM    DATA     BYTE      PCA1CPL10
      000000E8H.7 SFRSYM    DATA     BIT       AD0EN
      000000A8H.1 SFRSYM    DATA     BIT       ET0
      000000FBH   SFRSYM    DATA     WORD      PCA0CP0
      000000F6H   SFRSYM    DATA     BYTE      CAN0IF2DA1L
      000000DAH   SFRSYM    DATA     BYTE      CAN0IF1DB1L
      000000D6H   SFRSYM    DATA     BYTE      CAN0IF1DA2L
      000000DEH   SFRSYM    DATA     BYTE      PCA1CPM10
      000000CEH   SFRSYM    DATA     BYTE      PCA1CPL11
      000000A8H.3 SFRSYM    DATA     BIT       ET1
      00000088H.5 SFRSYM    DATA     BIT       TF0
LX51 LINKER/LOCATER V4.66.100.0                                                       06/27/2024  15:21:32  PAGE 14


      000000E9H   SFRSYM    DATA     WORD      PCA0CP1
      000000FCH   SFRSYM    DATA     BYTE      CAN0IF2DB1L
      000000FAH   SFRSYM    DATA     BYTE      CAN0IF2DA2L
      000000DCH   SFRSYM    DATA     BYTE      CAN0IF1DB2L
      000000DFH   SFRSYM    DATA     BYTE      PCA1CPM11
      000000CAH   SFRSYM    DATA     BYTE      TMR4CAPL
      00000097H   SFRSYM    DATA     BYTE      CLKMUL
      000000C8H.1 SFRSYM    DATA     BIT       CT4
      000000A8H.5 SFRSYM    DATA     BIT       ET2
      00000098H.0 SFRSYM    DATA     BIT       RI0
      00000088H.7 SFRSYM    DATA     BIT       TF1
      000000EBH   SFRSYM    DATA     WORD      PCA0CP2
      000000FEH   SFRSYM    DATA     BYTE      CAN0IF2DB2L
      00000092H   SFRSYM    DATA     BYTE      TMR5CAPL
      00000098H.0 SFRSYM    DATA     BIT       RI1
      000000EDH   SFRSYM    DATA     WORD      PCA0CP3
      0000008CH   SFRSYM    DATA     BYTE      TH0
      000000A8H.0 SFRSYM    DATA     BIT       EX0
      00000098H.1 SFRSYM    DATA     BIT       TI0
      00000088H.0 SFRSYM    DATA     BIT       IT0
      000000FDH   SFRSYM    DATA     WORD      PCA0CP4
      000000FAH   SFRSYM    DATA     BYTE      PCA0H
      0000008DH   SFRSYM    DATA     BYTE      TH1
      000000C8H.7 SFRSYM    DATA     BIT       TF4
      000000C0H.7 SFRSYM    DATA     BIT       MASTER
      000000A8H.2 SFRSYM    DATA     BIT       EX1
      00000098H.1 SFRSYM    DATA     BIT       TI1
      00000088H.2 SFRSYM    DATA     BIT       IT1
      000000AEH   SFRSYM    DATA     WORD      CAN0IP1
      000000CEH   SFRSYM    DATA     WORD      PCA0CP5
      000000FAH   SFRSYM    DATA     BYTE      PCA1H
      000000D0H.0 SFRSYM    DATA     BIT       P
      000000C0H.1 SFRSYM    DATA     BIT       ACK
      000000B2H   SFRSYM    DATA     WORD      CAN0IP2
      000000FBH   SFRSYM    DATA     WORD      PCA1CP6
      0000009FH   SFRSYM    DATA     BYTE      OSCXCN
      0000008AH   SFRSYM    DATA     BYTE      TL0
      000000E9H   SFRSYM    DATA     WORD      PCA1CP7
      000000F9H   SFRSYM    DATA     BYTE      SN0
      000000F9H   SFRSYM    DATA     BYTE      PCA0L
      0000008BH   SFRSYM    DATA     BYTE      TL1
      000000EBH   SFRSYM    DATA     WORD      PCA1CP8
      000000FAH   SFRSYM    DATA     BYTE      SN1
      000000F9H   SFRSYM    DATA     BYTE      PCA1L
      000000C0H.6 SFRSYM    DATA     BIT       TXMODE
      000000B8H.4 SFRSYM    DATA     BIT       PS0
      000000EDH   SFRSYM    DATA     WORD      PCA1CP9
      000000FBH   SFRSYM    DATA     BYTE      SN2
      000000B8H.1 SFRSYM    DATA     BIT       PT0
      00000092H   SFRSYM    DATA     BYTE      CAN0CFG
      000000FCH   SFRSYM    DATA     BYTE      SN3
      000000D0H.3 SFRSYM    DATA     BIT       RS0
      000000B8H.3 SFRSYM    DATA     BIT       PT1
      000000D2H   SFRSYM    DATA     WORD      CAN0IF1MC
      000000C2H   SFRSYM    DATA     WORD      CAN0IF1CM
      000000D0H.4 SFRSYM    DATA     BIT       RS1
      000000B8H.5 SFRSYM    DATA     BIT       PT2
      00000088H.4 SFRSYM    DATA     BIT       TR0
      000000F4H   SFRSYM    DATA     WORD      CAN0IF2MC
      000000E2H   SFRSYM    DATA     WORD      CAN0IF2CM
      00000088H.6 SFRSYM    DATA     BIT       TR1
      000000C8H.2 SFRSYM    DATA     BIT       TR2
      000000B8H.0 SFRSYM    DATA     BIT       PX0
      000000BAH   SFRSYM    DATA     WORD      CAN0MV1
      000000B8H.2 SFRSYM    DATA     BIT       PX1
LX51 LINKER/LOCATER V4.66.100.0                                                       06/27/2024  15:21:32  PAGE 15


      000000BCH   SFRSYM    DATA     WORD      CAN0MV2
      000000C8H.2 SFRSYM    DATA     BIT       TR4
      000000BEH   SFRSYM    DATA     WORD      CAN0IF1CR
      0000009CH   SFRSYM    DATA     WORD      CAN0IID
      000000DEH   SFRSYM    DATA     WORD      CAN0IF2CR
      000000A2H   SFRSYM    DATA     WORD      CAN0TR1
      000000A4H   SFRSYM    DATA     WORD      CAN0TR2
      00000083H   SFRSYM    DATA     BYTE      DPH
      000000C4H   SFRSYM    DATA     BYTE      ADC0GTH
      00000082H   SFRSYM    DATA     BYTE      DPL
      000000C3H   SFRSYM    DATA     BYTE      ADC0GTL
      00000099H   SFRSYM    DATA     BYTE      SBUF0
      000000A8H.6 SFRSYM    DATA     BIT       ESPI0
      0000009BH   SFRSYM    DATA     BYTE      CAN0BTH
      000000C6H   SFRSYM    DATA     BYTE      ADC0LTH
      00000099H   SFRSYM    DATA     BYTE      SBUF1
      000000F1H   SFRSYM    DATA     BYTE      P0MAT
      000000EFH   SFRSYM    DATA     BYTE      RSTSRC
      000000ACH   SFRSYM    DATA     WORD      SBRL0
      000000F3H   SFRSYM    DATA     BYTE      P1MAT
      000000A9H   SFRSYM    DATA     BYTE      SMOD0
      00000098H   SFRSYM    DATA     BYTE      SCON0
      000000B1H   SFRSYM    DATA     BYTE      P2MAT
      00000098H   SFRSYM    DATA     BYTE      SCON1
      000000C8H.0 SFRSYM    DATA     BIT       CPRL4
      0000009AH   SFRSYM    DATA     BYTE      CAN0BTL
      000000C5H   SFRSYM    DATA     BYTE      ADC0LTL
      000000BAH   SFRSYM    DATA     BYTE      SMB0ADM
      000000AEH   SFRSYM    DATA     BYTE      P3MAT
      000000C0H.5 SFRSYM    DATA     BIT       STA
      000000B9H   SFRSYM    DATA     BYTE      SMB0ADR
      000000D3H   SFRSYM    DATA     BYTE      LIN0ADR
      000000B8H.6 SFRSYM    DATA     BIT       PSPI0
      00000096H   SFRSYM    DATA     WORD      CAN0ERR
      000000C2H   SFRSYM    DATA     BYTE      SMB0DAT
      000000D2H   SFRSYM    DATA     BYTE      LIN0DAT
      000000CDH   SFRSYM    DATA     BYTE      TMR2H
      000000A1H   SFRSYM    DATA     BYTE      SPI0CFG
      00000095H   SFRSYM    DATA     BYTE      TMR3H
      0000008EH   SFRSYM    DATA     BYTE      CKCON
      000000CDH   SFRSYM    DATA     BYTE      TMR4H
      000000F8H.4 SFRSYM    DATA     BIT       RXOVRN
      00000095H   SFRSYM    DATA     BYTE      TMR5H
      000000CCH   SFRSYM    DATA     BYTE      TMR2L
      000000C0H.3 SFRSYM    DATA     BIT       ACKRQ
      00000094H   SFRSYM    DATA     BYTE      TMR3L
      000000E8H.2 SFRSYM    DATA     BIT       AD0LJST
      000000CCH   SFRSYM    DATA     BYTE      TMR4L
      000000D0H.5 SFRSYM    DATA     BIT       F0
      000000B6H   SFRSYM    DATA     BYTE      FLSCL
      00000094H   SFRSYM    DATA     BYTE      TMR5L
      000000E8H.0 SFRSYM    DATA     BIT       AD0CM0
      000000D0H.1 SFRSYM    DATA     BIT       F1
      000000C0H.4 SFRSYM    DATA     BIT       STO
      000000E8H.1 SFRSYM    DATA     BIT       AD0CM1
      000000A3H   SFRSYM    DATA     BYTE      SPI0DAT
      000000BDH   SFRSYM    DATA     WORD      ADC0
      000000E8H.3 SFRSYM    DATA     BIT       AD0WINT
      000000E8H.4 SFRSYM    DATA     BIT       AD0BUSY
      000000D9H   SFRSYM    DATA     BYTE      PCA0PWM
      000000D0H   SFRSYM    DATA     BYTE      PSW
      000000D4H   SFRSYM    DATA     WORD      CAN0IF1DA1
      000000FDH   SFRSYM    DATA     WORD      PCA1CP10
      000000DAH   SFRSYM    DATA     BYTE      PCA1PWM
      000000D8H.0 SFRSYM    DATA     BIT       CCF0
LX51 LINKER/LOCATER V4.66.100.0                                                       06/27/2024  15:21:32  PAGE 16


      00000098H.2 SFRSYM    DATA     BIT       RB80
      000000F6H   SFRSYM    DATA     WORD      CAN0IF2DA1
      000000DAH   SFRSYM    DATA     WORD      CAN0IF1DB1
      000000D6H   SFRSYM    DATA     WORD      CAN0IF1DA2
      000000CEH   SFRSYM    DATA     WORD      PCA1CP11
      000000B7H   SFRSYM    DATA     BYTE      FLKEY
      000000D8H.1 SFRSYM    DATA     BIT       CCF1
      00000098H.2 SFRSYM    DATA     BIT       RB81
      000000FCH   SFRSYM    DATA     WORD      CAN0IF2DB1
      000000FAH   SFRSYM    DATA     WORD      CAN0IF2DA2
      000000DCH   SFRSYM    DATA     WORD      CAN0IF1DB2
      000000CAH   SFRSYM    DATA     WORD      TMR4CAP
      02000001H   SYMBOL    XDATA    BYTE      Byte

      01000144H   BLOCK     CODE     ---       LVL=0
      01000144H   LINE      CODE     ---       #73
      01000144H   LINE      CODE     ---       #74
      01000144H   LINE      CODE     ---       #75
      01000147H   LINE      CODE     ---       #77
      0100014AH   LINE      CODE     ---       #78
      0100014DH   LINE      CODE     ---       #79
      01000150H   LINE      CODE     ---       #80
      01000153H   LINE      CODE     ---       #82
      01000156H   LINE      CODE     ---       #84
      01000158H   LINE      CODE     ---       #86
      01000158H   LINE      CODE     ---       #87
      01000158H   LINE      CODE     ---       #91
      0100016CH   LINE      CODE     ---       #92
      0100016CH   LINE      CODE     ---       #93
      01000171H   LINE      CODE     ---       #94
      01000173H   LINE      CODE     ---       #95
      01000173H   LINE      CODE     ---       #96
      ---         BLOCKEND  ---      ---       LVL=0

      01000197H   BLOCK     CODE     ---       LVL=0
      01000197H   BLOCK     CODE     NEAR LAB  LVL=1
      00000007H   SYMBOL    DATA     BYTE      SFRPAGE_save
      ---         BLOCKEND  ---      ---       LVL=1
      01000197H   LINE      CODE     ---       #116
      01000197H   LINE      CODE     ---       #117
      01000197H   LINE      CODE     ---       #118
      01000199H   LINE      CODE     ---       #119
      0100019CH   LINE      CODE     ---       #121
      0100019FH   LINE      CODE     ---       #122
      010001A2H   LINE      CODE     ---       #123
      010001A5H   LINE      CODE     ---       #125
      010001A8H   LINE      CODE     ---       #127
      010001AAH   LINE      CODE     ---       #128
      ---         BLOCKEND  ---      ---       LVL=0

      010001BCH   BLOCK     CODE     ---       LVL=0
      010001BCH   BLOCK     CODE     NEAR LAB  LVL=1
      00000007H   SYMBOL    DATA     BYTE      SFRPAGE_save
      ---         BLOCKEND  ---      ---       LVL=1
      010001BCH   LINE      CODE     ---       #143
      010001BCH   LINE      CODE     ---       #144
      010001BCH   LINE      CODE     ---       #145
      010001BEH   LINE      CODE     ---       #146
      010001C1H   LINE      CODE     ---       #148
      010001C4H   LINE      CODE     ---       #150
      010001C7H   LINE      CODE     ---       #152
      010001C9H   LINE      CODE     ---       #153
      ---         BLOCKEND  ---      ---       LVL=0

      01000175H   BLOCK     CODE     ---       LVL=0
LX51 LINKER/LOCATER V4.66.100.0                                                       06/27/2024  15:21:32  PAGE 17


      01000175H   BLOCK     CODE     NEAR LAB  LVL=1
      00000007H   SYMBOL    DATA     BYTE      SFRPAGE_save
      ---         BLOCKEND  ---      ---       LVL=1
      01000175H   LINE      CODE     ---       #164
      01000175H   LINE      CODE     ---       #165
      01000175H   LINE      CODE     ---       #166
      01000177H   LINE      CODE     ---       #167
      0100017AH   LINE      CODE     ---       #169
      0100017DH   LINE      CODE     ---       #174
      0100017DH   LINE      CODE     ---       #175
      0100017DH   LINE      CODE     ---       #176
      01000180H   LINE      CODE     ---       #177
      01000183H   LINE      CODE     ---       #178
      01000186H   LINE      CODE     ---       #179
      01000186H   LINE      CODE     ---       #180
      01000186H   LINE      CODE     ---       #181
      01000186H   LINE      CODE     ---       #182
      01000186H   LINE      CODE     ---       #183
      01000186H   LINE      CODE     ---       #184
      01000186H   LINE      CODE     ---       #185
      01000186H   LINE      CODE     ---       #186
      01000186H   LINE      CODE     ---       #187
      01000186H   LINE      CODE     ---       #188
      01000186H   LINE      CODE     ---       #189
      01000186H   LINE      CODE     ---       #190
      01000186H   LINE      CODE     ---       #192
      01000186H   LINE      CODE     ---       #193
      01000186H   LINE      CODE     ---       #194
      01000186H   LINE      CODE     ---       #195
      01000186H   LINE      CODE     ---       #196
      01000186H   LINE      CODE     ---       #198
      01000189H   LINE      CODE     ---       #199
      0100018CH   LINE      CODE     ---       #200
      0100018FH   LINE      CODE     ---       #201
      01000191H   LINE      CODE     ---       #203
      01000194H   LINE      CODE     ---       #205
      01000196H   LINE      CODE     ---       #206
      ---         BLOCKEND  ---      ---       LVL=0

      01000096H   BLOCK     CODE     ---       LVL=0
      01000096H   LINE      CODE     ---       #221
      010000A5H   LINE      CODE     ---       #223
      010000A8H   LINE      CODE     ---       #224
      010000A8H   LINE      CODE     ---       #225
      010000AFH   LINE      CODE     ---       #226
      010000AFH   LINE      CODE     ---       #227
      010000B3H   LINE      CODE     ---       #228
      010000B3H   LINE      CODE     ---       #230
      010000B5H   LINE      CODE     ---       #232
      010000BBH   LINE      CODE     ---       #234
      010000C1H   LINE      CODE     ---       #235
      010000C1H   LINE      CODE     ---       #236
      010000D2H   LINE      CODE     ---       #238
      010000D8H   LINE      CODE     ---       #240
      010000DEH   LINE      CODE     ---       #241
      010000DEH   LINE      CODE     ---       #242
      010000DEH   LINE      CODE     ---       #244
      010000E1H   LINE      CODE     ---       #245
      010000E1H   LINE      CODE     ---       #246
      010000E3H   LINE      CODE     ---       #248
      010000ECH   LINE      CODE     ---       #249
      010000ECH   LINE      CODE     ---       #251
      010000F5H   LINE      CODE     ---       #252
      010000F8H   LINE      CODE     ---       #255
      0100010AH   LINE      CODE     ---       #257
LX51 LINKER/LOCATER V4.66.100.0                                                       06/27/2024  15:21:32  PAGE 18


      01000115H   LINE      CODE     ---       #258
      01000119H   LINE      CODE     ---       #260
      0100011FH   LINE      CODE     ---       #262
      01000125H   LINE      CODE     ---       #264
      0100012BH   LINE      CODE     ---       #266
      0100012DH   LINE      CODE     ---       #268
      0100012DH   LINE      CODE     ---       #269
      01000132H   LINE      CODE     ---       #270
      01000137H   LINE      CODE     ---       #271
      01000137H   LINE      CODE     ---       #272
      01000137H   LINE      CODE     ---       #273
      ---         BLOCKEND  ---      ---       LVL=0

      ---         MODULE    ---      ---       ?C_INIT
      0100004AH   PUBLIC    CODE     ---       ?C_START

Program Size: data=9.0 xdata=69 const=0 code=454
LX51 RUN COMPLETE.  0 WARNING(S),  0 ERROR(S)
