BL51 BANKED LINKER/LOCATER V6.22.2.0                                                    10/28/2023  03:59:00  PAGE 1


BL51 BANKED LINKER/LOCATER V6.22.2.0, INVOKED BY:
C:\KEIL_V5\C51\BIN\BL51.EXE D:\micom_diag\UPDATE_MODULE\trunk\FIRMWARE\Application_CAN_SAS_Tx_Module_Tu\F50x_Target_App_
>> InfoBlock.obj, D:\micom_diag\UPDATE_MODULE\trunk\FIRMWARE\Application_CAN_SAS_Tx_Module_Tu\main.obj, D:\micom_diag\UP
>> DATE_MODULE\trunk\FIRMWARE\Application_CAN_SAS_Tx_Module_Tu\Startup_WatchdogDisable.obj, D:\micom_diag\UPDATE_MODULE\
>> trunk\FIRMWARE\Application_CAN_SAS_Tx_Module_Tu\drv_mcu.obj, BANK1 {D:\micom_diag\UPDATE_MODULE\trunk\FIRMWARE\Applic
>> ation_CAN_SAS_Tx_Module_Tu\mgr_mcu.obj}, BANK1 {D:\micom_diag\UPDATE_MODULE\trunk\FIRMWARE\Application_CAN_SAS_Tx_Mod
>> ule_Tu\drv_timer.obj}, BANK1 {D:\micom_diag\UPDATE_MODULE\trunk\FIRMWARE\Application_CAN_SAS_Tx_Module_Tu\mgr_comm.ob
>> j}, D:\micom_diag\UPDATE_MODULE\trunk\FIRMWARE\Application_CAN_SAS_Tx_Module_Tu\drv_can.obj, BANK1 {D:\micom_diag\UPD
>> ATE_MODULE\trunk\FIRMWARE\Application_CAN_SAS_Tx_Module_Tu\drv_spi.obj}, D:\micom_diag\UPDATE_MODULE\trunk\FIRMWARE\A
>> pplication_CAN_SAS_Tx_Module_Tu\L51_BANK.obj, BANK1 {D:\micom_diag\UPDATE_MODULE\trunk\FIRMWARE\Application_CAN_SAS_T
>> x_Module_Tu\mgr_diag.obj}, BANK1 {D:\micom_diag\UPDATE_MODULE\trunk\FIRMWARE\Application_CAN_SAS_Tx_Module_Tu\drv_mem
>> .obj} TO D:\micom_diag\UPDATE_MODULE\trunk\FIRMWARE\Application_CAN_SAS_Tx_Module_Tu\SteeringCamera_App.omf NOOL CODE
>>  (0X4000-0X7EFF) BANK0 (?CO?F50X_TARGET_APP_INFOBLOCK (0X7FF0)) BANKAREA (8000H, 0FFFFH)


MEMORY MODEL: LARGE


INPUT MODULES INCLUDED:
  D:\micom_diag\UPDATE_MODULE\trunk\FIRMWARE\Application_CAN_SAS_Tx_Module_Tu\F50x_Target_App_InfoBlock.obj (F50X_TARGET
>> _APP_INFOBLOCK)
  D:\micom_diag\UPDATE_MODULE\trunk\FIRMWARE\Application_CAN_SAS_Tx_Module_Tu\main.obj (MAIN)
  D:\micom_diag\UPDATE_MODULE\trunk\FIRMWARE\Application_CAN_SAS_Tx_Module_Tu\Startup_WatchdogDisable.obj (?C_STARTUP)
  D:\micom_diag\UPDATE_MODULE\trunk\FIRMWARE\Application_CAN_SAS_Tx_Module_Tu\drv_mcu.obj (DRV_MCU)
  D:\micom_diag\UPDATE_MODULE\trunk\FIRMWARE\Application_CAN_SAS_Tx_Module_Tu\mgr_mcu.obj (MGR_MCU)
  D:\micom_diag\UPDATE_MODULE\trunk\FIRMWARE\Application_CAN_SAS_Tx_Module_Tu\drv_timer.obj (DRV_TIMER)
  D:\micom_diag\UPDATE_MODULE\trunk\FIRMWARE\Application_CAN_SAS_Tx_Module_Tu\mgr_comm.obj (MGR_COMM)
  D:\micom_diag\UPDATE_MODULE\trunk\FIRMWARE\Application_CAN_SAS_Tx_Module_Tu\drv_can.obj (DRV_CAN)
  D:\micom_diag\UPDATE_MODULE\trunk\FIRMWARE\Application_CAN_SAS_Tx_Module_Tu\drv_spi.obj (DRV_SPI)
  D:\micom_diag\UPDATE_MODULE\trunk\FIRMWARE\Application_CAN_SAS_Tx_Module_Tu\L51_BANK.obj (?BANK?SWITCHING)
  D:\micom_diag\UPDATE_MODULE\trunk\FIRMWARE\Application_CAN_SAS_Tx_Module_Tu\mgr_diag.obj (MGR_DIAG)
  D:\micom_diag\UPDATE_MODULE\trunk\FIRMWARE\Application_CAN_SAS_Tx_Module_Tu\drv_mem.obj (DRV_MEM)
  C:\KEIL_V5\C51\LIB\C51L.LIB (?C_INIT)
  C:\KEIL_V5\C51\LIB\C51L.LIB (?C?COPY)
  C:\KEIL_V5\C51\LIB\C51L.LIB (?C?CLDPTR)
  C:\KEIL_V5\C51\LIB\C51L.LIB (?C?CLDOPTR)
  C:\KEIL_V5\C51\LIB\C51L.LIB (?C?CSTPTR)
  C:\KEIL_V5\C51\LIB\C51L.LIB (?C?CSTOPTR)
  C:\KEIL_V5\C51\LIB\C51L.LIB (?C?ILDIX)
  C:\KEIL_V5\C51\LIB\C51L.LIB (?C?ISTPTR)
  C:\KEIL_V5\C51\LIB\C51L.LIB (?C?LMUL)
  C:\KEIL_V5\C51\LIB\C51L.LIB (?C?ULCMP)
  C:\KEIL_V5\C51\LIB\C51L.LIB (?C?ULSHR)
  C:\KEIL_V5\C51\LIB\C51L.LIB (?C?LSTXDATA)
  C:\KEIL_V5\C51\LIB\C51L.LIB (?C?LSTKXDATA)
  C:\KEIL_V5\C51\LIB\C51L.LIB (?C?CCASE)
  C:\KEIL_V5\C51\LIB\C51L.LIB (?C?MEMSET)


LINK MAP OF MODULE:  D:\micom_diag\UPDATE_MODULE\trunk\FIRMWARE\Application_CAN_SAS_Tx_Module_Tu\SteeringCamera_App.omf 
>> (F50X_TARGET_APP_INFOBLOCK)


            TYPE    BASE      LENGTH    RELOCATION   SEGMENT NAME
            -----------------------------------------------------

            * * * * * * *   D A T A   M E M O R Y   * * * * * * *
            REG     0000H     0008H     ABSOLUTE     "REG BANK 0"
BL51 BANKED LINKER/LOCATER V6.22.2.0                                                  10/28/2023  03:59:00  PAGE 2


            DATA    0008H     0002H     UNIT         ?DT?_FLASH_BYTEWRITE?DRV_MEM
            DATA    000AH     0002H     UNIT         ?DT?_FLASH_BYTEREAD?DRV_MEM
            DATA    000CH     0002H     UNIT         ?DT?_FLASH_PAGEERASE?DRV_MEM
            DATA    000EH     0001H     UNIT         ?DT?DRV_CAN
            DATA    000FH     0001H     UNIT         ?BANK?DATA
                    0010H     0010H                  *** GAP ***
            BIT     0020H.0   0000H.1   UNIT         ?BI?DRV_CAN
            BIT     0020H.1   0000H.1   UNIT         ?BI?_FLASH_BYTEWRITE?DRV_MEM
            BIT     0020H.2   0000H.1   UNIT         ?BI?_FLASH_BYTEREAD?DRV_MEM
            BIT     0020H.3   0000H.1   UNIT         ?BI?_FLASH_PAGEERASE?DRV_MEM
                    0020H.4   0000H.4                *** GAP ***
            IDATA   0021H     0001H     UNIT         ?STACK

            * * * * * * *  X D A T A   M E M O R Y  * * * * * * *
            XDATA   0000H     031EH     UNIT         ?XD?MGR_DIAG
            XDATA   031EH     0107H     UNIT         ?XD?_DIAG_WRITE_TRANSFER_DATA?MGR_DIAG
            XDATA   0425H     00F6H     UNIT         ?XD?MGR_COMM
            XDATA   051BH     00BFH     UNIT         ?XD?DRV_TIMER
            XDATA   05DAH     002FH     UNIT         ?XD?DRV_CAN
            XDATA   0609H     002DH     UNIT         ?XD?_SYS_FLASH_READ?MGR_DIAG
            XDATA   0636H     0019H     UNIT         ?XD?OPERATE_COMMTASK?MGR_COMM
            XDATA   064FH     000CH     UNIT         ?XD?_FLASH_READ?DRV_SPI
            XDATA   065BH     000CH     UNIT         ?XD?_FLASH_WRITE_BUF?DRV_MEM
            XDATA   0667H     000CH     UNIT         ?XD?_FLASH_READ_BUF?DRV_MEM
            XDATA   0673H     000AH     UNIT         ?XD?_TGT_WRITE_FLASH?DRV_CAN
            XDATA   067DH     0009H     UNIT         ?XD?_FLASH_WRITE?DRV_SPI
            XDATA   0686H     0005H     UNIT         ?XD?_TGT_GET_INFO?DRV_CAN
            XDATA   068BH     0005H     UNIT         ?XD?_DIAG_READ_SYS?MGR_DIAG
            XDATA   0690H     0004H     UNIT         ?XD?MAIN
            XDATA   0694H     0004H     UNIT         ?XD?_DELAY_TIME_SET?DRV_TIMER
            XDATA   0698H     0004H     UNIT         ?XD?_DELAY_TIME_GET?DRV_TIMER
            XDATA   069CH     0004H     UNIT         ?XD?_TGT_GET_PAGE_CRC?DRV_CAN
            XDATA   06A0H     0004H     UNIT         ?XD?_TGT_WRITE_SIGNATURE?DRV_CAN
            XDATA   06A4H     0004H     UNIT         ?XD?_FLASH_ERASESECTOR?DRV_SPI
            XDATA   06A8H     0004H     UNIT         ?XD?OPERATE_DIAGTASK?MGR_DIAG
            XDATA   06ACH     0004H     UNIT         ?XD?DIAG_ECU_RESET?MGR_DIAG
            XDATA   06B0H     0004H     UNIT         ?XD?_DIAG_WRITE_SYS?MGR_DIAG
            XDATA   06B4H     0003H     UNIT         ?XD?_TGT_ENTER_DIAGNOSTIC_MODE?DRV_CAN
            XDATA   06B7H     0003H     UNIT         ?XD?_DIAG_EXTRA_DATA_PROCESS?MGR_DIAG
            XDATA   06BAH     0002H     UNIT         ?XD?OPERATE_MCUTASK?MGR_MCU
            XDATA   06BCH     0002H     UNIT         ?XD?_ISR_SAS?DRV_CAN
            XDATA   06BEH     0002H     UNIT         ?XD?_ISR_HUTYPE?DRV_CAN
            XDATA   06C0H     0002H     UNIT         ?XD?_ISR_NAVIONOFF?DRV_CAN
            XDATA   06C2H     0002H     UNIT         ?XD?_ISR_COUNTRYCFG?DRV_CAN
            XDATA   06C4H     0002H     UNIT         ?XD?_ISR_LANGUAGEINFO?DRV_CAN
            XDATA   06C6H     0002H     UNIT         ?XD?_ISR_MDPSTYPE?DRV_CAN
            XDATA   06C8H     0002H     UNIT         ?XD?_CAN0_SEND_MESSAGE?DRV_CAN
            XDATA   06CAH     0002H     UNIT         ?XD?DRV_SPI
            XDATA   06CCH     0002H     UNIT         ?XD?_FLASH_BYTEWRITE?DRV_MEM
            XDATA   06CEH     0001H     UNIT         ?XD?MAIN?MAIN
            XDATA   06CFH     0001H     UNIT         ?XD?TIMER2_ISR?MAIN
            XDATA   06D0H     0001H     UNIT         ?XD?DRV_MCU
            XDATA   06D1H     0001H     UNIT         ?XD?INIT_MCUTASK?MGR_MCU
            XDATA   06D2H     0001H     UNIT         ?XD?MGR_MCU
            XDATA   06D3H     0001H     UNIT         ?XD?_WAIT_MS?DRV_TIMER
            XDATA   06D4H     0001H     UNIT         ?XD?INIT_COMMTASK?MGR_COMM
            XDATA   06D5H     0001H     UNIT         ?XD?APPLNMBASICFIRSTBUSOFFSLOW?DRV_CAN
BL51 BANKED LINKER/LOCATER V6.22.2.0                                                  10/28/2023  03:59:00  PAGE 3


            XDATA   06D6H     0001H     UNIT         ?XD?_SPI_MASTER_WRITE?DRV_SPI
            XDATA   06D7H     0001H     UNIT         ?XD?CHECK_FLASH_ID?DRV_SPI
            XDATA   06D8H     0001H     UNIT         ?XD?_RECORD_DTC_ERROR?MGR_DIAG
            XDATA   06D9H     0001H     UNIT         ?XD?_RECORD_DTC_CLEAR?MGR_DIAG
            XDATA   06DAH     0001H     UNIT         ?XD?_DIAG_READ_DTC?MGR_DIAG
            XDATA   06DBH     0001H     UNIT         ?XD?_DIAG_GUID_ONOFF?MGR_DIAG
            XDATA   06DCH     0001H     UNIT         ?XD?_FLASH_PAGEERASE?DRV_MEM

            * * * * * * *   C O D E   M E M O R Y   * * * * * * *
                    0000H     4000H                  *** GAP ***
            CODE    4000H     0003H     ABSOLUTE     
            CODE    4003H     0024H     UNIT         ?PR?TGT_ERASE_PAGE?DRV_CAN
            CODE    4027H     0004H     UNIT         ?PR?VDD_MONITOR_INIT?DRV_MCU
            CODE    402BH     0003H     ABSOLUTE     
            CODE    402EH     0052H     UNIT         ?PR?_TGT_GET_PAGE_CRC?DRV_CAN
            CODE    4080H     0003H     UNIT         ?PR?_APPLILFATALERROR?DRV_CAN
            CODE    4083H     0003H     ABSOLUTE     
            CODE    4086H     0412H     UNIT         ?C_INITSEG
            CODE    4498H     02A7H     UNIT         ?C?LIB_CODE
            CODE    473FH     0270H     UNIT         ?PR?ID_7AA_FUNCTION?DRV_CAN
            CODE    49AFH     023AH     UNIT         ?PR?_SEND_796?DRV_CAN
            CODE    4BE9H     0201H     UNIT         ?PR?TIMER2_ISR?MAIN
            CODE    4DEAH     01BAH     UNIT         ?PR?_TGT_WRITE_FLASH?DRV_CAN
            CODE    4FA4H     016EH     UNIT         ?PR?CAN0_ISR?DRV_CAN
            CODE    5112H     015FH     UNIT         ?PR?_SEND_7DF?DRV_CAN
            CODE    5271H     0127H     UNIT         ?PR?CAN_INIT?DRV_CAN
            CODE    5398H     0123H     UNIT         ?PR?MODE_COMPLETE?DRV_CAN
            CODE    54BBH     009AH     UNIT         ?PR?ID_54F_FUNCTION?DRV_CAN
            CODE    5555H     0092H     UNIT         ?C_C51STARTUP
            CODE    55E7H     0070H     UNIT         ?PR?ID_2F2_FUNCTION?DRV_CAN
            CODE    5657H     0065H     UNIT         ?PR?_RX_MES?DRV_CAN
            CODE    56BCH     003FH     UNIT         ?PR?_TGT_ENTER_DIAGNOSTIC_MODE?DRV_CAN
            CODE    56FBH     0004H     UNIT         ?PR?RSTSRC_INIT?DRV_MCU
            CODE    56FFH     0001H     UNIT         ?PR?APPLNMBASICSWITCHTRANSCEIVERON?DRV_CAN
            CODE    5700H     0068H     PAGE         ?BANK?SWITCH
            CODE    5768H     0064H     UNIT         ?PR?_SEND_GST?DRV_CAN
            CODE    57CCH     0064H     UNIT         ?PR?_SEND_LED?DRV_CAN
            CODE    5830H     0056H     UNIT         ?PR?_CAN0_SEND_MESSAGE?DRV_CAN
            CODE    5886H     004AH     UNIT         ?PR?MAIN?MAIN
            CODE    58D0H     0045H     UNIT         ?PR?_TGT_GET_INFO?DRV_CAN
            CODE    5915H     003DH     UNIT         ?PR?ID_19F_FUNCTION?DRV_CAN
            CODE    5952H     003AH     UNIT         ?PR?_SEND_52A?DRV_CAN
            CODE    598CH     0038H     UNIT         ?PR?_SEND_2B0?DRV_CAN
            CODE    59C4H     0035H     UNIT         ?PR?_TGT_WRITE_SIGNATURE?DRV_CAN
            CODE    59F9H     002AH     UNIT         ?PR?_TGT_SET_FLASH_KEYS?DRV_CAN
            CODE    5A23H     002AH     UNIT         ?CO?MGR_DIAG
            CODE    5A4DH     001FH     UNIT         ?PR?TGT_SW_RESET?DRV_CAN
            CODE    5A6CH     001DH     UNIT         ?PR?APPLNMBASICFIRSTBUSOFFSLOW?DRV_CAN
            CODE    5A89H     001CH     UNIT         ?PR?PORT_INIT?DRV_MCU
            CODE    5AA5H     0019H     UNIT         ?PR?VCAN_INIT?DRV_CAN
            CODE    5ABEH     0013H     UNIT         ?PR?VCAN_TASK?DRV_CAN
            CODE    5AD1H     000CH     UNIT         ?PR?EXINTERRUPT_INIT?DRV_MCU
            CODE    5ADDH     000CH     UNIT         ?BANK?SELECT
            CODE    5AE9H     000AH     UNIT         ?PR?OSC_INIT?DRV_MCU
            CODE    5AF3H     000AH     UNIT         ?PR?VCAN_START?DRV_CAN
            CODE    5AFDH     0009H     UNIT         ?PR?_ISR_SAS?DRV_CAN
            CODE    5B06H     0009H     UNIT         ?PR?_ISR_HUTYPE?DRV_CAN
BL51 BANKED LINKER/LOCATER V6.22.2.0                                                  10/28/2023  03:59:00  PAGE 4


            CODE    5B0FH     0009H     UNIT         ?PR?_ISR_NAVIONOFF?DRV_CAN
            CODE    5B18H     0009H     UNIT         ?PR?_ISR_COUNTRYCFG?DRV_CAN
            CODE    5B21H     0009H     UNIT         ?PR?_ISR_LANGUAGEINFO?DRV_CAN
            CODE    5B2AH     0009H     UNIT         ?PR?_ISR_MDPSTYPE?DRV_CAN
            CODE    5B33H     0007H     UNIT         ?PR?APPLNMBASICENABLEDCOM?DRV_CAN
            CODE    5B3AH     0007H     UNIT         ?PR?APPLNMBASICBUSOFFEND?DRV_CAN
            CODE    5B41H     0007H     UNIT         ?PR?APPLNMBASICBUSOFFSTART?DRV_CAN
            CODE    5B48H     0007H     UNIT         ?PR?APPLNMBASICDISABLEDCOM?DRV_CAN
            CODE    5B4FH     0006H     UNIT         ?CO?MGR_COMM
            CODE    5B55H     0004H     UNIT         ?PR?MCU_RESET?DRV_MCU
            CODE    5B59H     0003H     UNIT         ?PR?APPLNMBASICSWITCHTRANSCEIVEROFF?DRV_CAN
            CODE    5B5CH     0003H     UNIT         ?PR?_APPLTPFATALERROR?DRV_CAN
            CODE    5B5FH     0001H     UNIT         ?PR?APPLNMBASICBUSOFFRESTART?DRV_CAN
            CODE    5B60H     0001H     UNIT         ?PR?APPLHU_MON_PE_01MSGTIMEOUT?DRV_CAN
            CODE    5B61H     0001H     UNIT         ?PR?APPLHU_TYPERXSIGTIMEOUT?DRV_CAN
            CODE    5B62H     0001H     UNIT         ?PR?APPLCGW4MSGTIMEOUT?DRV_CAN
            CODE    5B63H     0001H     UNIT         ?PR?APPLCF_GWAY_NAVI_ON_OFFRXSIGTIMEOUT?DRV_CAN
            CODE    5B64H     0001H     UNIT         ?PR?APPLCGW2MSGTIMEOUT?DRV_CAN
            CODE    5B65H     0001H     UNIT         ?PR?APPLCF_GWAY_COUNTRYCFGRXSIGTIMEOUT?DRV_CAN
            CODE    5B66H     0001H     UNIT         ?PR?APPLCLU15MSGTIMEOUT?DRV_CAN
            CODE    5B67H     0001H     UNIT         ?PR?APPLCF_CLU_LANGUAGEINFORXSIGTIMEOUT?DRV_CAN
            CODE    5B68H     0001H     UNIT         ?PR?APPLMDPS11MSGTIMEOUT?DRV_CAN
            CODE    5B69H     0001H     UNIT         ?PR?APPLCF_MDPS_TYPERXSIGTIMEOUT?DRV_CAN
            CODE    5B6AH     0001H     UNIT         ?PR?APPLCF_MDPS_TYPE_1RXSIGTIMEOUT?DRV_CAN
            CODE    5B6BH     0001H     UNIT         ?PR?APPLSAS1MSGTIMEOUT?DRV_CAN
            CODE    5B6CH     0001H     UNIT         ?PR?APPLSAS_ANGLERXSIGTIMEOUT?DRV_CAN

            * * * * * * *   C O D E   B A N K   0   * * * * * * *
                    0000H     7FF0H                  *** GAP ***
            BANK0   7FF0H     0004H     UNIT         ?CO?F50X_TARGET_APP_INFOBLOCK

            * * * * * * *   C O D E   B A N K   1   * * * * * * *
                    0000H     8000H                  *** GAP ***
            BANK1   8000H     0673H     UNIT         ?PR?_DIAG_WRITE_TRANSFER_DATA?MGR_DIAG
            BANK1   8673H     0358H     UNIT         ?PR?OPERATE_COMMTASK?MGR_COMM
            BANK1   89CBH     017FH     UNIT         ?PR?_SYS_FLASH_READ?MGR_DIAG
            BANK1   8B4AH     0105H     UNIT         ?PR?_DELAY_TIME_SET?DRV_TIMER
            BANK1   8C4FH     00E7H     UNIT         ?PR?_FLASH_WRITE?DRV_SPI
            BANK1   8D36H     00D2H     UNIT         ?PR?_FLASH_READ?DRV_SPI
            BANK1   8E08H     00C7H     UNIT         ?PR?CHECK_FLASH_ID?DRV_SPI
            BANK1   8ECFH     00B3H     UNIT         ?PR?DIAG_ECU_RESET?MGR_DIAG
            BANK1   8F82H     00ACH     UNIT         ?PR?_FLASH_ERASESECTOR?DRV_SPI
            BANK1   902EH     00A8H     UNIT         ?PR?_DELAY_TIME_GET?DRV_TIMER
            BANK1   90D6H     008BH     UNIT         ?PR?_FLASH_BYTEWRITE?DRV_MEM
            BANK1   9161H     008BH     UNIT         ?PR?_FLASH_PAGEERASE?DRV_MEM
            BANK1   91ECH     0089H     UNIT         ?PR?_FLASH_WRITE_BUF?DRV_MEM
            BANK1   9275H     007FH     UNIT         ?PR?_FLASH_READ_BUF?DRV_MEM
            BANK1   92F4H     007DH     UNIT         ?PR?GLOBAL_TIMER_INIT?DRV_TIMER
            BANK1   9371H     0051H     UNIT         ?PR?_DELAY_TIME_EXPIRE?DRV_TIMER
            BANK1   93C2H     003AH     UNIT         ?PR?_WAIT_MS?DRV_TIMER
            BANK1   93FCH     0030H     UNIT         ?PR?OPERATE_DIAGTASK?MGR_DIAG
            BANK1   942CH     0025H     UNIT         ?PR?INIT_MCUTASK?MGR_MCU
            BANK1   9451H     0024H     UNIT         ?PR?_SPI_MASTER_WRITE?DRV_SPI
            BANK1   9475H     0023H     UNIT         ?PR?FIRMWARE_UPDATE?MGR_DIAG
            BANK1   9498H     0023H     UNIT         ?PR?DIAG_EEPROM_UPDATE?MGR_DIAG
            BANK1   94BBH     0021H     UNIT         ?PR?_SPI_MASTER_READ?DRV_SPI
            BANK1   94DCH     0016H     UNIT         ?PR?TIMER1_INIT?DRV_TIMER
BL51 BANKED LINKER/LOCATER V6.22.2.0                                                  10/28/2023  03:59:00  PAGE 5


            BANK1   94F2H     0016H     UNIT         ?PR?_FLASH_BYTEREAD?DRV_MEM
            BANK1   9508H     0013H     UNIT         ?PR?TIMER5_INIT?DRV_TIMER
            BANK1   951BH     0010H     UNIT         ?PR?SPI_INIT?DRV_SPI
            BANK1   952BH     000FH     UNIT         ?PR?FLASH_WAIT?DRV_SPI
            BANK1   953AH     000FH     UNIT         ?PR?_DIAG_READ_SYS?MGR_DIAG
            BANK1   9549H     000FH     UNIT         ?PR?_DIAG_WRITE_SYS?MGR_DIAG
            BANK1   9558H     000DH     UNIT         ?PR?GET_TIME?DRV_TIMER
            BANK1   9565H     000CH     UNIT         ?PR?_DIAG_EXTRA_DATA_PROCESS?MGR_DIAG
            BANK1   9571H     0007H     UNIT         ?PR?INIT_COMMTASK?MGR_COMM
            BANK1   9578H     0006H     UNIT         ?PR?OPERATE_MCUTASK?MGR_MCU
            BANK1   957EH     0006H     UNIT         ?PR?_RECORD_DTC_ERROR?MGR_DIAG
            BANK1   9584H     0006H     UNIT         ?PR?_RECORD_DTC_CLEAR?MGR_DIAG
            BANK1   958AH     0006H     UNIT         ?PR?_DIAG_READ_DTC?MGR_DIAG
            BANK1   9590H     0006H     UNIT         ?PR?_DIAG_GUID_ONOFF?MGR_DIAG
            BANK1   9596H     0005H     UNIT         ?PR?_FLASH_DATASET?DRV_SPI
            BANK1   959BH     0005H     UNIT         ?PR?FLASH_SLAVE_SELECT?DRV_SPI
            BANK1   95A0H     0005H     UNIT         ?PR?_FLASH_SLAVE_COMMAND?DRV_SPI
            BANK1   95A5H     0004H     UNIT         ?PR?RESET_MCU?MGR_MCU
            BANK1   95A9H     0004H     UNIT         ?PR?DIAG_GET_TIME?MGR_DIAG
            BANK1   95ADH     0001H     UNIT         ?PR?INIT_DIAGTASK?MGR_DIAG
            BANK1   95AEH     0001H     UNIT         ?PR?CLEAR_DTC_STRUCT?MGR_DIAG
            BANK1   95AFH     0001H     UNIT         ?PR?DIAG_CLEAR_DTC?MGR_DIAG
            BANK1   95B0H     0001H     UNIT         ?PR?DIAG_SENSOR_RESET?MGR_DIAG
            BANK1   95B1H     0001H     UNIT         ?PR?DIAG_EXIT_UPDATE?MGR_DIAG
            BANK1   95B2H     0001H     UNIT         ?PR?DIAG_DTC_SET_ON?MGR_DIAG
            BANK1   95B3H     0001H     UNIT         ?PR?DIAG_DTC_SET_OFF?MGR_DIAG
            BANK1   95B4H     0001H     UNIT         ?PR?FLASH_DTC_WRITE?MGR_DIAG
            BANK1   95B5H     0001H     UNIT         ?PR?FLASH_DTC_READ?MGR_DIAG



INTERBANK CALL TABLE OF MODULE:  D:\micom_diag\UPDATE_MODULE\trunk\FIRMWARE\Application_CAN_SAS_Tx_Module_Tu\SteeringCam
>> era_App.omf (F50X_TARGET_APP_INFOBLOCK)

ADDRESS    FUNCTION NAME
------------------------
 5744H     INIT_MCUTASK
 5749H     INIT_COMMTASK
 574EH     _DELAY_TIME_SET
 5753H     OPERATE_COMMTASK
 5758H     OPERATE_MCUTASK
 575DH     OPERATE_DIAGTASK
 5762H     GET_TIME



UNRESOLVED EXTERNAL SYMBOLS:
   CANINITPOWERON
   CANONLINE
   CAN_RX_COMPLETE_FLAG
   DESCTASK
   DOWNLOAD_TYPE
   ILINITPOWERON
   ILRXRELEASE
   ILRXSTART
   ILRXSTOP
   ILRXTASK
BL51 BANKED LINKER/LOCATER V6.22.2.0                                                  10/28/2023  03:59:00  PAGE 6


   ILRXWAIT
   ILTXRELEASE
   ILTXSTART
   ILTXSTOP
   ILTXTASK
   ILTXWAIT
   NMBASICINITPOWERON
   NMBASICSTART
   NMBASICTASK
   TGT_INFO
   TIMEOUT
   TPINITPOWERON
   TPRXTASK
   TPTXTASK
   TX_STANDARD_MODE
   TX_SWVERSION_REQ
   _?CANGETSTATUS
   _?CANOFFLINE
   _CANSETPARTOFFLINE
   _DESCINITPOWERON



SYMBOL TABLE OF MODULE:  D:\micom_diag\UPDATE_MODULE\trunk\FIRMWARE\Application_CAN_SAS_Tx_Module_Tu\SteeringCamera_App.
>> omf (F50X_TARGET_APP_INFOBLOCK)

  VALUE           TYPE          NAME
  ----------------------------------

  -------         MODULE        F50X_TARGET_APP_INFOBLOCK
  C:0000H         SYMBOL        _ICE_DUMMY_
 C0:7FF0H         PUBLIC        INFOBLOCK
  -------         ENDMOD        F50X_TARGET_APP_INFOBLOCK

  -------         MODULE        MAIN
  C:0000H         SYMBOL        _ICE_DUMMY_
  B:00C8H.7       PUBLIC        TF2H
  D:00A8H         PUBLIC        VSTDLIB_IE
  X:0692H         PUBLIC        EEPROM_Update_Mode
  X:0693H         SYMBOL        AMUX_INPUT
  C:5886H         PUBLIC        main
  C:4BE9H         PUBLIC        TIMER2_ISR
  -------         PROC          MAIN
  -------         DO            
  X:06CEH         SYMBOL        On_Time
  -------         ENDDO         
  C:5886H         LINE#         48
  C:5886H         LINE#         49
  C:5886H         LINE#         50
  C:588BH         LINE#         51
  C:588EH         LINE#         52
  C:5891H         LINE#         54
  C:589AH         LINE#         55
  C:58A3H         LINE#         56
  C:58ACH         LINE#         57
  C:58B5H         LINE#         58
  C:58BEH         LINE#         60
BL51 BANKED LINKER/LOCATER V6.22.2.0                                                  10/28/2023  03:59:00  PAGE 7


  C:58BEH         LINE#         61
  C:58BEH         LINE#         62
  C:58C4H         LINE#         63
  C:58C4H         LINE#         64
  C:58C7H         LINE#         65
  C:58CAH         LINE#         66
  C:58CDH         LINE#         67
  C:58CDH         LINE#         68
  -------         ENDPROC       MAIN
  -------         PROC          TIMER2_ISR
  -------         DO            
  X:06CFH         SYMBOL        i
  X:0690H         SYMBOL        vcan_count
  -------         ENDDO         
  C:4BE9H         LINE#         71
  C:4C0BH         LINE#         73
  C:4C10H         LINE#         75
  C:4C12H         LINE#         77
  C:4C37H         LINE#         79
  C:4C3FH         LINE#         80
  C:4C3FH         LINE#         81
  C:4C4DH         LINE#         82
  C:4C5CH         LINE#         83
  C:4C5CH         LINE#         84
  C:4C60H         LINE#         86
  C:4C60H         LINE#         87
  C:4C62H         LINE#         89
  C:4C62H         LINE#         91
  C:4C69H         LINE#         92
  C:4C69H         LINE#         94
  C:4C72H         LINE#         95
  C:4C72H         LINE#         96
  C:4C8FH         LINE#         97
  C:4C8FH         LINE#         98
  C:4CADH         LINE#         99
  C:4CADH         LINE#         100
  C:4CB7H         LINE#         101
  C:4CCCH         LINE#         102
  C:4CCCH         LINE#         103
  C:4CE1H         LINE#         104
  C:4CE9H         LINE#         105
  C:4CE9H         LINE#         107
  C:4CE9H         LINE#         108
  C:4CEFH         LINE#         109
  C:4D10H         LINE#         110
  C:4D10H         LINE#         111
  C:4D10H         LINE#         112
  C:4D13H         LINE#         114
  C:4D13H         LINE#         115
  C:4D39H         LINE#         116
  C:4D52H         LINE#         117
  C:4D52H         LINE#         118
  C:4D5CH         LINE#         119
  C:4D61H         LINE#         120
  C:4D72H         LINE#         121
  C:4D72H         LINE#         122
  C:4DBFH         LINE#         123
BL51 BANKED LINKER/LOCATER V6.22.2.0                                                  10/28/2023  03:59:00  PAGE 8


  C:4DC7H         LINE#         124
  C:4DC7H         LINE#         125
  C:4DC7H         LINE#         126
  -------         ENDPROC       TIMER2_ISR
  -------         ENDMOD        MAIN

  -------         MODULE        ?C_STARTUP
  C:5555H         SEGMENT       ?C_C51STARTUP
  I:0021H         SEGMENT       ?STACK
  C:4000H         PUBLIC        ?C_STARTUP
  D:00E0H         SYMBOL        ACC
  D:00F0H         SYMBOL        B
  D:0083H         SYMBOL        DPH
  D:0082H         SYMBOL        DPL
  N:0000H         SYMBOL        IBPSTACK
  N:0100H         SYMBOL        IBPSTACKTOP
  N:0080H         SYMBOL        IDATALEN
  C:555BH         SYMBOL        IDATALOOP
  N:0000H         SYMBOL        PBPSTACK
  N:0100H         SYMBOL        PBPSTACKTOP
  D:00D9H         SYMBOL        PCA0MD
  N:0000H         SYMBOL        PDATALEN
  N:0000H         SYMBOL        PDATASTART
  N:0000H         SYMBOL        PPAGE
  N:0000H         SYMBOL        PPAGEENABLE
  D:00A0H         SYMBOL        PPAGE_SFR
  D:0081H         SYMBOL        SP
  C:5555H         SYMBOL        STARTUP1
  N:0000H         SYMBOL        XBPSTACK
  N:0000H         SYMBOL        XBPSTACKTOP
  N:0000H         SYMBOL        XDATALEN
  N:0000H         SYMBOL        XDATASTART
  C:4000H         LINE#         149
  C:5555H         LINE#         155
  C:5558H         LINE#         158
  C:555AH         LINE#         159
  C:555BH         LINE#         160
  C:555CH         LINE#         161
  C:555EH         LINE#         210
  C:5561H         LINE#         218
  C:5564H         LINE#         221
  -------         ENDMOD        ?C_STARTUP

  -------         MODULE        DRV_MCU
  C:0000H         SYMBOL        _ICE_DUMMY_
  D:0088H         PUBLIC        TCON
  D:00A1H         PUBLIC        OSCICN
  D:00A4H         PUBLIC        P0MDOUT
  D:00A6H         PUBLIC        P2MDOUT
  D:00A7H         PUBLIC        SFRPAGE
  D:00C7H         PUBLIC        XBR2
  D:00D4H         PUBLIC        P0SKIP
  D:00E1H         PUBLIC        XBR0
  D:00EFH         PUBLIC        RSTSRC
  D:00FFH         PUBLIC        VDM0CN
  B:00A8H.2       PUBLIC        EX1
  B:00A0H.0       PUBLIC        LED_STATUS_ERROR
BL51 BANKED LINKER/LOCATER V6.22.2.0                                                  10/28/2023  03:59:00  PAGE 9


  B:00A0H.1       PUBLIC        LED_STATUS_UPDOWNLOAD
  B:00A0H.3       PUBLIC        MCU_F_ENABLE
  C:4027H         PUBLIC        Vdd_Monitor_Init
  C:5AE9H         PUBLIC        Osc_Init
  C:5A89H         PUBLIC        Port_Init
  C:56FBH         PUBLIC        Rstsrc_Init
  C:5AD1H         PUBLIC        Exinterrupt_Init
  C:5B55H         PUBLIC        MCU_Reset
  X:06D0H         SYMBOL        g_FrameSync
  -------         PROC          PORT_INIT
  C:5A89H         LINE#         11
  C:5A89H         LINE#         12
  C:5A89H         LINE#         53
  C:5A8CH         LINE#         54
  C:5A8FH         LINE#         55
  C:5A92H         LINE#         56
  C:5A95H         LINE#         57
  C:5A98H         LINE#         58
  C:5A9BH         LINE#         59
  C:5A9EH         LINE#         61
  C:5AA0H         LINE#         62
  C:5AA2H         LINE#         63
  C:5AA4H         LINE#         64
  -------         ENDPROC       PORT_INIT
  -------         PROC          VDD_MONITOR_INIT
  C:4027H         LINE#         67
  C:4027H         LINE#         68
  C:4027H         LINE#         77
  C:402AH         LINE#         82
  -------         ENDPROC       VDD_MONITOR_INIT
  -------         PROC          OSC_INIT
  C:5AE9H         LINE#         84
  C:5AE9H         LINE#         85
  C:5AE9H         LINE#         86
  C:5AECH         LINE#         87
  C:5AEFH         LINE#         88
  C:5AF2H         LINE#         89
  -------         ENDPROC       OSC_INIT
  -------         PROC          RSTSRC_INIT
  C:56FBH         LINE#         91
  C:56FBH         LINE#         92
  C:56FBH         LINE#         93
  C:56FEH         LINE#         94
  -------         ENDPROC       RSTSRC_INIT
  -------         PROC          EXINTERRUPT_INIT
  C:5AD1H         LINE#         96
  C:5AD1H         LINE#         97
  C:5AD1H         LINE#         98
  C:5AD4H         LINE#         99
  C:5AD7H         LINE#         101
  C:5AD9H         LINE#         102
  C:5ADCH         LINE#         103
  -------         ENDPROC       EXINTERRUPT_INIT
  -------         PROC          MCU_RESET
  C:5B55H         LINE#         106
  C:5B55H         LINE#         107
  C:5B55H         LINE#         108
BL51 BANKED LINKER/LOCATER V6.22.2.0                                                  10/28/2023  03:59:00  PAGE 10


  C:5B58H         LINE#         109
  -------         ENDPROC       MCU_RESET
  -------         ENDMOD        DRV_MCU

  -------         MODULE        MGR_MCU
  C:0000H         SYMBOL        _ICE_DUMMY_
  D:00A7H         PUBLIC        SFRPAGE
  D:00D9H         PUBLIC        PCA0MD
  D:00FFH         PUBLIC        VDM0CN
  B:00A8H.7       PUBLIC        EA
 C1:942CH         PUBLIC        Init_McuTask
 C1:95A5H         PUBLIC        Reset_Mcu
 C1:9578H         PUBLIC        Operate_McuTask

  -------         PROC BANK=1   INIT_MCUTASK
  -------         DO            
  D:0007H         SYMBOL        i
  X:06D1H         SYMBOL        ret
  -------         ENDDO         
 C1:942CH         LINE#         15
 C1:942CH         LINE#         16
 C1:942CH         LINE#         18
 C1:942FH         LINE#         20
 C1:9432H         LINE#         22
 C1:9435H         LINE#         24
 C1:9442H         LINE#         26
 C1:9445H         LINE#         27
 C1:9448H         LINE#         28
 C1:944BH         LINE#         29
 C1:944EH         LINE#         30
 C1:9450H         LINE#         31
  -------         ENDPROC       INIT_MCUTASK

  -------         PROC BANK=1   OPERATE_MCUTASK
  -------         DO            
  X:06BAH         SYMBOL        On_Time
  X:06BBH         SYMBOL        ret
  X:06D2H         SYMBOL        init_flag
  -------         ENDDO         
 C1:9578H         LINE#         33
 C1:9578H         LINE#         34
 C1:9578H         LINE#         36
 C1:957DH         LINE#         38
  -------         ENDPROC       OPERATE_MCUTASK

  -------         PROC BANK=1   RESET_MCU
 C1:95A5H         LINE#         40
 C1:95A5H         LINE#         41
 C1:95A5H         LINE#         42
 C1:95A8H         LINE#         43
  -------         ENDPROC       RESET_MCU
  -------         ENDMOD        MGR_MCU

  -------         MODULE        DRV_TIMER
  C:0000H         SYMBOL        _ICE_DUMMY_
  D:0088H         PUBLIC        TCON
  D:0089H         PUBLIC        TMOD
BL51 BANKED LINKER/LOCATER V6.22.2.0                                                  10/28/2023  03:59:00  PAGE 11


  D:008AH         PUBLIC        TL0
  D:008BH         PUBLIC        TL1
  D:008CH         PUBLIC        TH0
  D:008DH         PUBLIC        TH1
  D:008EH         PUBLIC        CKCON
  D:0091H         PUBLIC        TMR5CN
  D:0092H         PUBLIC        TMR5CAPL
  D:0093H         PUBLIC        TMR5CAPH
  D:0096H         PUBLIC        TMR5CF
  D:00A7H         PUBLIC        SFRPAGE
  B:0088H.6       PUBLIC        TR1
  B:0088H.5       PUBLIC        TF0
  B:0088H.4       PUBLIC        TR0
 C1:94DCH         PUBLIC        Timer1_Init
 C1:9508H         PUBLIC        Timer5_Init
 C1:93C2H         PUBLIC        _Wait_ms
 C1:92F4H         PUBLIC        Global_Timer_Init
 C1:8B4AH         PUBLIC        _Delay_Time_Set
 C1:902EH         PUBLIC        _Delay_Time_Get
 C1:9371H         PUBLIC        _Delay_Time_Expire
 C1:9558H         PUBLIC        Get_Time
  X:051BH         PUBLIC        g_Global_Tick_Msg
  X:0524H         PUBLIC        ga_tCAN_Time_Msg

  -------         PROC BANK=1   GLOBAL_TIMER_INIT
  -------         DO            
  D:0003H         SYMBOL        i
  -------         ENDDO         
 C1:92F4H         LINE#         13
 C1:92F4H         LINE#         14
 C1:92F4H         LINE#         15
 C1:92F6H         LINE#         16
 C1:9300H         LINE#         17
 C1:930AH         LINE#         18
 C1:930FH         LINE#         20
 C1:9318H         LINE#         21
 C1:9318H         LINE#         22
 C1:9328H         LINE#         23
 C1:933DH         LINE#         24
 C1:9352H         LINE#         25
 C1:9367H         LINE#         26
 C1:936AH         LINE#         32
 C1:936DH         LINE#         44
 C1:9370H         LINE#         47
  -------         ENDPROC       GLOBAL_TIMER_INIT

  -------         PROC BANK=1   TIMER1_INIT
  -------         DO            
  D:0007H         SYMBOL        SFRPAGE_save
  -------         ENDDO         
 C1:94DCH         LINE#         76
 C1:94DCH         LINE#         77
 C1:94DCH         LINE#         78
 C1:94DEH         LINE#         79
 C1:94E1H         LINE#         84
 C1:94E4H         LINE#         86
 C1:94E7H         LINE#         89
BL51 BANKED LINKER/LOCATER V6.22.2.0                                                  10/28/2023  03:59:00  PAGE 12


 C1:94EAH         LINE#         92
 C1:94EDH         LINE#         94
 C1:94EFH         LINE#         96
 C1:94F1H         LINE#         97
  -------         ENDPROC       TIMER1_INIT

  -------         PROC BANK=1   TIMER5_INIT
 C1:9508H         LINE#         145
 C1:9508H         LINE#         146
 C1:9508H         LINE#         147
 C1:950BH         LINE#         148
 C1:950EH         LINE#         149
 C1:9511H         LINE#         150
 C1:9514H         LINE#         151
 C1:9517H         LINE#         152
 C1:951AH         LINE#         153
  -------         ENDPROC       TIMER5_INIT

  -------         PROC BANK=1   _WAIT_MS
  D:0006H         SYMBOL        ms
  -------         DO            
  X:06D3H         SYMBOL        reg_tval
  -------         ENDDO         
 C1:93C2H         LINE#         156
 C1:93C2H         LINE#         157
 C1:93C2H         LINE#         161
 C1:93C5H         LINE#         162
 C1:93C8H         LINE#         163
 C1:93CBH         LINE#         165
 C1:93CEH         LINE#         167
 C1:93D7H         LINE#         168
 C1:93D7H         LINE#         169
 C1:93D9H         LINE#         170
 C1:93DCH         LINE#         172
 C1:93DFH         LINE#         173
 C1:93E1H         LINE#         174
 C1:93E3H         LINE#         176
 C1:93E3H         LINE#         177
 C1:93EBH         LINE#         178
 C1:93EEH         LINE#         179
 C1:93EEH         LINE#         180
 C1:93F0H         LINE#         181
 C1:93F0H         LINE#         182
 C1:93F2H         LINE#         183
 C1:93F7H         LINE#         184
 C1:93F9H         LINE#         185
 C1:93FBH         LINE#         186
  -------         ENDPROC       _WAIT_MS

  -------         PROC BANK=1   _DELAY_TIME_EXPIRE
  D:0003H         SYMBOL        ID
 C1:9371H         LINE#         188
 C1:9373H         LINE#         189
 C1:9373H         LINE#         190
 C1:9382H         LINE#         191
 C1:9397H         LINE#         192
 C1:93ACH         LINE#         193
BL51 BANKED LINKER/LOCATER V6.22.2.0                                                  10/28/2023  03:59:00  PAGE 13


 C1:93C1H         LINE#         194
  -------         ENDPROC       _DELAY_TIME_EXPIRE

  -------         PROC BANK=1   _DELAY_TIME_SET
  X:0694H         SYMBOL        ID
  X:0695H         SYMBOL        Delay_Time
  -------         DO            
  X:0697H         SYMBOL        Set_Delay_Time
  -------         ENDDO         
 C1:8B4AH         LINE#         196
 C1:8B55H         LINE#         197
 C1:8B55H         LINE#         198
 C1:8B58H         LINE#         200
 C1:8B7BH         LINE#         201
 C1:8B97H         LINE#         202
 C1:8BA8H         LINE#         204
 C1:8BF9H         LINE#         205
 C1:8C2CH         LINE#         206
 C1:8C2CH         LINE#         207
 C1:8C4EH         LINE#         208
 C1:8C4EH         LINE#         210
  -------         ENDPROC       _DELAY_TIME_SET

  -------         PROC BANK=1   _DELAY_TIME_GET
  X:0698H         SYMBOL        ID
  -------         DO            
  X:0699H         SYMBOL        ret
  X:069AH         SYMBOL        i
  X:069BH         SYMBOL        cnt
  -------         ENDDO         
 C1:902EH         LINE#         212
 C1:9033H         LINE#         213
 C1:9033H         LINE#         214
 C1:9036H         LINE#         215
 C1:9038H         LINE#         216
 C1:903AH         LINE#         218
 C1:905DH         LINE#         219
 C1:9070H         LINE#         220
 C1:9070H         LINE#         221
 C1:90A8H         LINE#         222
 C1:90A8H         LINE#         223
 C1:90CAH         LINE#         224
 C1:90D0H         LINE#         225
 C1:90D0H         LINE#         226
 C1:90D0H         LINE#         227
 C1:90D5H         LINE#         228
  -------         ENDPROC       _DELAY_TIME_GET

  -------         PROC BANK=1   GET_TIME
 C1:9558H         LINE#         230
 C1:9558H         LINE#         231
 C1:9558H         LINE#         232
 C1:9564H         LINE#         233
  -------         ENDPROC       GET_TIME
  -------         ENDMOD        DRV_TIMER

  -------         MODULE        MGR_COMM
BL51 BANKED LINKER/LOCATER V6.22.2.0                                                  10/28/2023  03:59:00  PAGE 14


  C:0000H         SYMBOL        _ICE_DUMMY_
  D:0090H         PUBLIC        P1
 C1:9571H         PUBLIC        Init_CommTask
 C1:8673H         PUBLIC        Operate_CommTask
  D:00A8H         PUBLIC        VSTDLIB_IE
  B:0090H.2       PUBLIC        SW2_UPDATE_START
  B:00A0H.0       PUBLIC        LED_STATUS_ERROR
  B:00A0H.1       PUBLIC        LED_STATUS_UPDOWNLOAD
  X:0429H         PUBLIC        ADD_F
  X:0431H         PUBLIC        SCAN_F
  X:0439H         PUBLIC        DEL_F
  X:0441H         PUBLIC        Ex
  X:0449H         PUBLIC        IOCBI
  X:0451H         PUBLIC        FPM_Enroll
  X:0459H         PUBLIC        Flow
  X:0461H         PUBLIC        STC1
  X:0469H         PUBLIC        STC2
  X:0471H         PUBLIC        STC3
  X:0479H         PUBLIC        STC4
  X:0481H         PUBLIC        RDBI
  X:0489H         PUBLIC        ExS
  X:0491H         PUBLIC        LED_Red
  X:0499H         PUBLIC        LED_Gre
  X:04A1H         PUBLIC        LED_Blu
  X:04A9H         PUBLIC        LED_Whi
  X:04B1H         PUBLIC        LED_Off
  X:04B9H         PUBLIC        Manu_Data_1
  X:04C1H         PUBLIC        Manu_Data_2
  X:04C9H         PUBLIC        Manu_Data_3
  X:04D1H         PUBLIC        Manu_Infor
  X:04D9H         PUBLIC        ECU_Seri_Num
  X:04E1H         PUBLIC        Sup_HW_Ver
  X:04E9H         PUBLIC        Vih_SW_Ver
  X:04F1H         PUBLIC        Suply_code
  X:04F9H         PUBLIC        SW_Unit_Num
  X:0501H         PUBLIC        SW_Unit_Ver
  X:0509H         PUBLIC        Part_num
  X:0511H         PUBLIC        HSM_Lock_check
  X:0519H         PUBLIC        SW
  X:051AH         PUBLIC        State_machine
  C:5B4FH         SYMBOL        _?ix1000
  C:5B53H         SYMBOL        _?ix1001

  -------         PROC BANK=1   INIT_COMMTASK
  -------         DO            
  X:06D4H         SYMBOL        i
  -------         ENDDO         
 C1:9571H         LINE#         95
 C1:9571H         LINE#         96
 C1:9571H         LINE#         98
 C1:9574H         LINE#         99
 C1:9577H         LINE#         100
  -------         ENDPROC       INIT_COMMTASK

  -------         PROC BANK=1   OPERATE_COMMTASK
  -------         DO            
  X:0636H         SYMBOL        index
BL51 BANKED LINKER/LOCATER V6.22.2.0                                                  10/28/2023  03:59:00  PAGE 15


  X:0638H         SYMBOL        cnt
  X:063AH         SYMBOL        send_cnt
  X:063CH         SYMBOL        last_addr_cnt
  X:0640H         SYMBOL        mode
  X:0641H         SYMBOL        Read_Buf
  X:0425H         SYMBOL        address
  X:0645H         SYMBOL        Pre_Time
  X:0647H         SYMBOL        Cur_Time
  X:0649H         SYMBOL        push_count
  X:064BH         SYMBOL        Tx_Buf
  X:064DH         SYMBOL        On_Time
  X:064EH         SYMBOL        HISTERY
  -------         ENDDO         
 C1:8673H         LINE#         102
 C1:8673H         LINE#         103
 C1:8673H         LINE#         104
 C1:867AH         LINE#         105
 C1:8682H         LINE#         106
 C1:8687H         LINE#         107
 C1:869DH         LINE#         109
 C1:86A4H         LINE#         110
 C1:86AAH         LINE#         111
 C1:86B0H         LINE#         112
 C1:86CAH         LINE#         114
 C1:86CFH         LINE#         116
 C1:86CFH         LINE#         117
 C1:86CFH         LINE#         118
 C1:86D2H         LINE#         119
 C1:86D2H         LINE#         120
 C1:86D5H         LINE#         121
 C1:86D7H         LINE#         122
 C1:86D9H         LINE#         123
 C1:86E4H         LINE#         125
 C1:86E7H         LINE#         127
 C1:86E7H         LINE#         129
 C1:8714H         LINE#         130
 C1:8714H         LINE#         131
 C1:8714H         LINE#         140
 C1:8714H         LINE#         141
 C1:8714H         LINE#         142
 C1:871AH         LINE#         143
 C1:871AH         LINE#         144
 C1:871EH         LINE#         145
 C1:8727H         LINE#         146
 C1:872DH         LINE#         147
 C1:872FH         LINE#         148
 C1:8737H         LINE#         149
 C1:8737H         LINE#         150
 C1:873EH         LINE#         151
 C1:8747H         LINE#         152
 C1:874EH         LINE#         153
 C1:8757H         LINE#         154
 C1:875EH         LINE#         155
 C1:8767H         LINE#         156
 C1:876DH         LINE#         157
 C1:8770H         LINE#         158
 C1:877BH         LINE#         159
BL51 BANKED LINKER/LOCATER V6.22.2.0                                                  10/28/2023  03:59:00  PAGE 16


 C1:877BH         LINE#         160
 C1:8784H         LINE#         161
 C1:878AH         LINE#         162
 C1:878AH         LINE#         164
 C1:878DH         LINE#         165
 C1:878DH         LINE#         166
 C1:8796H         LINE#         167
 C1:8796H         LINE#         168
 C1:879FH         LINE#         169
 C1:87A5H         LINE#         170
 C1:87B1H         LINE#         171
 C1:87B1H         LINE#         173
 C1:87B4H         LINE#         175
 C1:87B4H         LINE#         176
 C1:87BAH         LINE#         177
 C1:87BAH         LINE#         178
 C1:87C3H         LINE#         179
 C1:87CAH         LINE#         180
 C1:87D3H         LINE#         181
 C1:87DAH         LINE#         182
 C1:87E0H         LINE#         183
 C1:87E0H         LINE#         184
 C1:87EBH         LINE#         185
 C1:87EBH         LINE#         186
 C1:87F4H         LINE#         187
 C1:87FBH         LINE#         188
 C1:8804H         LINE#         189
 C1:880AH         LINE#         190
 C1:880AH         LINE#         191
 C1:880DH         LINE#         193
 C1:880DH         LINE#         194
 C1:8816H         LINE#         195
 C1:8816H         LINE#         196
 C1:881FH         LINE#         197
 C1:8826H         LINE#         198
 C1:882FH         LINE#         199
 C1:8835H         LINE#         200
 C1:8835H         LINE#         201
 C1:8838H         LINE#         203
 C1:8838H         LINE#         204
 C1:8841H         LINE#         205
 C1:8841H         LINE#         206
 C1:884AH         LINE#         207
 C1:8851H         LINE#         208
 C1:885AH         LINE#         209
 C1:8861H         LINE#         210
 C1:886AH         LINE#         211
 C1:8871H         LINE#         212
 C1:887AH         LINE#         213
 C1:8881H         LINE#         214
 C1:888AH         LINE#         215
 C1:8890H         LINE#         216
 C1:8890H         LINE#         217
 C1:8893H         LINE#         219
 C1:8893H         LINE#         220
 C1:889CH         LINE#         221
 C1:889CH         LINE#         222
BL51 BANKED LINKER/LOCATER V6.22.2.0                                                  10/28/2023  03:59:00  PAGE 17


 C1:88A5H         LINE#         223
 C1:88ACH         LINE#         224
 C1:88B5H         LINE#         225
 C1:88BCH         LINE#         226
 C1:88C5H         LINE#         227
 C1:88CCH         LINE#         229
 C1:88D5H         LINE#         230
 C1:88DCH         LINE#         231
 C1:88E5H         LINE#         232
 C1:88ECH         LINE#         233
 C1:88F5H         LINE#         234
 C1:88FCH         LINE#         235
 C1:8905H         LINE#         236
 C1:890CH         LINE#         237
 C1:8915H         LINE#         238
 C1:891CH         LINE#         239
 C1:8925H         LINE#         240
 C1:892CH         LINE#         241
 C1:8935H         LINE#         242
 C1:893CH         LINE#         243
 C1:8945H         LINE#         244
 C1:894CH         LINE#         245
 C1:8955H         LINE#         246
 C1:895BH         LINE#         247
 C1:895BH         LINE#         248
 C1:895EH         LINE#         249
 C1:895EH         LINE#         250
 C1:8964H         LINE#         251
 C1:8964H         LINE#         252
 C1:8968H         LINE#         253
 C1:8971H         LINE#         254
 C1:8978H         LINE#         255
 C1:8981H         LINE#         256
 C1:8988H         LINE#         257
 C1:8991H         LINE#         258
 C1:8998H         LINE#         259
 C1:89A1H         LINE#         260
 C1:89A7H         LINE#         261
 C1:89AAH         LINE#         262
 C1:89B5H         LINE#         263
 C1:89B5H         LINE#         264
 C1:89BEH         LINE#         265
 C1:89C4H         LINE#         266
 C1:89C4H         LINE#         267
 C1:89C7H         LINE#         268
 C1:89C7H         LINE#         269
 C1:89C7H         LINE#         319
  -------         ENDPROC       OPERATE_COMMTASK
  -------         ENDMOD        MGR_COMM

  -------         MODULE        DRV_CAN
  C:0000H         SYMBOL        _ICE_DUMMY_
  D:00A7H         PUBLIC        SFRPAGE
  D:00E7H         PUBLIC        EIE2
  D:0094H         PUBLIC        CAN0STAT
  D:00BFH         PUBLIC        CAN0IF1CRH
  D:00C0H         PUBLIC        CAN0CN
BL51 BANKED LINKER/LOCATER V6.22.2.0                                                  10/28/2023  03:59:00  PAGE 18


  D:00C2H         PUBLIC        CAN0IF1CML
  D:00D4H         PUBLIC        CAN0IF1DA1L
  D:00D5H         PUBLIC        CAN0IF1DA1H
  D:00D6H         PUBLIC        CAN0IF1DA2L
  D:00D7H         PUBLIC        CAN0IF1DA2H
  D:00DAH         PUBLIC        CAN0IF1DB1L
  D:00DBH         PUBLIC        CAN0IF1DB1H
  D:00DCH         PUBLIC        CAN0IF1DB2L
  D:00DDH         PUBLIC        CAN0IF1DB2H
  D:00DFH         PUBLIC        CAN0IF2CRH
  D:00E2H         PUBLIC        CAN0IF2CML
  D:009AH         PUBLIC        CAN0BT
  D:009CH         PUBLIC        CAN0IID
  D:00BEH         PUBLIC        CAN0IF1CR
  D:00C2H         PUBLIC        CAN0IF1CM
  D:00C4H         PUBLIC        CAN0IF1M1
  D:00C6H         PUBLIC        CAN0IF1M2
  D:00CAH         PUBLIC        CAN0IF1A1
  D:00CCH         PUBLIC        CAN0IF1A2
  D:00D2H         PUBLIC        CAN0IF1MC
  D:00DEH         PUBLIC        CAN0IF2CR
  B:00A8H.7       PUBLIC        EA
  D:00A8H         PUBLIC        VSTDLIB_IE
  C:5B06H         PUBLIC        _ISR_HuType
  C:5B0FH         PUBLIC        _ISR_NaviOnOff
  C:5B18H         PUBLIC        _ISR_CountryCfg
  C:5B21H         PUBLIC        _ISR_LanguageInfo
  C:5B2AH         PUBLIC        _ISR_MdpsType
  C:5AFDH         PUBLIC        _ISR_SAS
  C:5B5CH         PUBLIC        _ApplTpFatalError
  C:5B41H         PUBLIC        ApplNmBasicBusOffStart
  C:5B3AH         PUBLIC        ApplNmBasicBusOffEnd
  C:5A6CH         PUBLIC        ApplNmBasicFirstBusOffSlow
  C:5B5FH         PUBLIC        ApplNmBasicBusOffRestart
  C:5B33H         PUBLIC        ApplNmBasicEnabledCom
  C:56FFH         PUBLIC        ApplNmBasicSwitchTransceiverOn
  C:5B48H         PUBLIC        ApplNmBasicDisabledCom
  C:5B59H         PUBLIC        ApplNmBasicSwitchTransceiverOff
  C:5AA5H         PUBLIC        VCan_Init
  C:5AF3H         PUBLIC        VCan_Start
  C:5ABEH         PUBLIC        VCan_Task
  C:5B60H         PUBLIC        ApplHU_MON_PE_01MsgTimeout
  C:5B61H         PUBLIC        ApplHU_TYPERxSigTimeout
  C:5B62H         PUBLIC        ApplCGW4MsgTimeout
  C:5B63H         PUBLIC        ApplCF_Gway_Navi_On_OffRxSigTimeout
  C:5B64H         PUBLIC        ApplCGW2MsgTimeout
  C:5B65H         PUBLIC        ApplCF_Gway_CountryCfgRxSigTimeout
  C:5B66H         PUBLIC        ApplCLU15MsgTimeout
  C:5B67H         PUBLIC        ApplCF_Clu_LanguageInfoRxSigTimeout
  C:5B68H         PUBLIC        ApplMDPS11MsgTimeout
  C:5B69H         PUBLIC        ApplCF_Mdps_TypeRxSigTimeout
  C:5B6AH         PUBLIC        ApplCF_Mdps_Type_1RxSigTimeout
  C:5B6BH         PUBLIC        ApplSAS1MsgTimeout
  C:5B6CH         PUBLIC        ApplSAS_AngleRxSigTimeout
  C:58D0H         PUBLIC        _TGT_Get_Info
  C:59F9H         PUBLIC        _TGT_Set_Flash_Keys
  C:4003H         PUBLIC        TGT_Erase_Page
BL51 BANKED LINKER/LOCATER V6.22.2.0                                                  10/28/2023  03:59:00  PAGE 19


  C:4DEAH         PUBLIC        _TGT_Write_Flash
  C:402EH         PUBLIC        _TGT_Get_Page_CRC
  C:59C4H         PUBLIC        _TGT_Write_Signature
  C:5A4DH         PUBLIC        TGT_SW_Reset
  C:5112H         PUBLIC        _SEND_7DF
  C:49AFH         PUBLIC        _SEND_796
  C:598CH         PUBLIC        _SEND_2B0
  C:5952H         PUBLIC        _SEND_52A
  C:5768H         PUBLIC        _SEND_GST
  C:54BBH         PUBLIC        ID_54F_function
  C:5915H         PUBLIC        ID_19F_function
  C:473FH         PUBLIC        ID_7AA_function
  C:55E7H         PUBLIC        ID_2F2_function
  C:5657H         PUBLIC        _RX_Mes
  C:57CCH         PUBLIC        _SEND_LED
  B:00A0H.0       PUBLIC        LED_STATUS_ERROR
  B:00A0H.1       PUBLIC        LED_STATUS_UPDOWNLOAD
  C:4080H         PUBLIC        _ApplIlFatalError
  X:05ECH         SYMBOL        g_HuType_Interrupt
  X:05EDH         SYMBOL        g_LanguageInfo_Interrupt
  D:000EH         PUBLIC        Transfer_Mode
  B:0020H.0       PUBLIC        CAN_Error
  X:05EEH         PUBLIC        KeyData
  X:05F2H         PUBLIC        CAN_Rx_Buf
  X:05FAH         PUBLIC        CAN_Tx_Buf
  C:4FA4H         PUBLIC        CAN0_ISR
  C:5830H         PUBLIC        _CAN0_Send_Message
  C:5398H         PUBLIC        Mode_Complete
  C:5271H         PUBLIC        Can_Init
  C:56BCH         PUBLIC        _TGT_Enter_Diagnostic_Mode
  X:0602H         PUBLIC        Pre_time
  X:0606H         PUBLIC        ECU_info_flag
  X:0607H         PUBLIC        Pre_print
  X:0608H         PUBLIC        Sleep_flag
  -------         PROC          VCAN_INIT
  C:5AA5H         LINE#         40
  C:5AA5H         LINE#         41
  C:5AA5H         LINE#         42
  C:5AA8H         LINE#         43
  C:5AAAH         LINE#         45
  C:5AADH         LINE#         46
  C:5AB0H         LINE#         47
  C:5AB3H         LINE#         48
  C:5AB6H         LINE#         49
  C:5ABBH         LINE#         51
  C:5ABDH         LINE#         52
  -------         ENDPROC       VCAN_INIT
  -------         PROC          VCAN_START
  C:5AF3H         LINE#         54
  C:5AF3H         LINE#         55
  C:5AF3H         LINE#         56
  C:5AF6H         LINE#         57
  C:5AF9H         LINE#         58
  C:5AFCH         LINE#         59
  -------         ENDPROC       VCAN_START
  -------         PROC          VCAN_TASK
  C:5ABEH         LINE#         61
BL51 BANKED LINKER/LOCATER V6.22.2.0                                                  10/28/2023  03:59:00  PAGE 20


  C:5ABEH         LINE#         62
  C:5ABEH         LINE#         63
  C:5AC1H         LINE#         64
  C:5AC4H         LINE#         65
  C:5AC7H         LINE#         66
  C:5ACAH         LINE#         67
  C:5ACDH         LINE#         68
  C:5AD0H         LINE#         69
  -------         ENDPROC       VCAN_TASK
  -------         PROC          APPLNMBASICSWITCHTRANSCEIVERON
  C:56FFH         LINE#         71
  C:56FFH         LINE#         72
  C:56FFH         LINE#         73
  -------         ENDPROC       APPLNMBASICSWITCHTRANSCEIVERON
  -------         PROC          APPLNMBASICENABLEDCOM
  C:5B33H         LINE#         74
  C:5B33H         LINE#         75
  C:5B33H         LINE#         77
  C:5B36H         LINE#         78
  C:5B39H         LINE#         81
  -------         ENDPROC       APPLNMBASICENABLEDCOM
  -------         PROC          APPLNMBASICBUSOFFEND
  C:5B3AH         LINE#         82
  C:5B3AH         LINE#         83
  C:5B3AH         LINE#         86
  C:5B3DH         LINE#         87
  C:5B40H         LINE#         90
  -------         ENDPROC       APPLNMBASICBUSOFFEND
  -------         PROC          APPLNMBASICBUSOFFRESTART
  C:5B5FH         LINE#         91
  C:5B5FH         LINE#         92
  C:5B5FH         LINE#         93
  -------         ENDPROC       APPLNMBASICBUSOFFRESTART
  -------         PROC          APPLNMBASICBUSOFFSTART
  C:5B41H         LINE#         94
  C:5B41H         LINE#         95
  C:5B41H         LINE#         98
  C:5B44H         LINE#         99
  C:5B47H         LINE#         102
  -------         ENDPROC       APPLNMBASICBUSOFFSTART
  -------         PROC          APPLNMBASICDISABLEDCOM
  C:5B48H         LINE#         103
  C:5B48H         LINE#         104
  C:5B48H         LINE#         106
  C:5B4BH         LINE#         107
  C:5B4EH         LINE#         109
  -------         ENDPROC       APPLNMBASICDISABLEDCOM
  -------         PROC          APPLNMBASICFIRSTBUSOFFSLOW
  -------         DO            
  X:06D5H         SYMBOL        lFlgCanStatus
  -------         ENDDO         
  C:5A6CH         LINE#         110
  C:5A6CH         LINE#         111
  C:5A6CH         LINE#         114
  C:5A76H         LINE#         115
  C:5A79H         LINE#         116
  C:5A7EH         LINE#         117
BL51 BANKED LINKER/LOCATER V6.22.2.0                                                  10/28/2023  03:59:00  PAGE 21


  C:5A85H         LINE#         118
  C:5A85H         LINE#         119
  C:5A88H         LINE#         120
  C:5A88H         LINE#         121
  -------         ENDPROC       APPLNMBASICFIRSTBUSOFFSLOW
  -------         PROC          _APPLILFATALERROR
  D:0007H         SYMBOL        errorNumber
  C:4080H         LINE#         123
  C:4080H         LINE#         124
  C:4080H         LINE#         125
  C:4082H         LINE#         126
  -------         ENDPROC       _APPLILFATALERROR
  -------         PROC          APPLNMBASICSWITCHTRANSCEIVEROFF
  -------         DO            
  D:0007H         SYMBOL        ret
  -------         ENDDO         
  C:5B59H         LINE#         128
  C:5B59H         LINE#         129
  C:5B59H         LINE#         130
  C:5B5BH         LINE#         131
  C:5B5BH         LINE#         132
  -------         ENDPROC       APPLNMBASICSWITCHTRANSCEIVEROFF
  -------         PROC          _APPLTPFATALERROR
  D:0007H         SYMBOL        errorNumber
  C:5B5CH         LINE#         134
  C:5B5CH         LINE#         135
  C:5B5CH         LINE#         136
  C:5B5EH         LINE#         137
  -------         ENDPROC       _APPLTPFATALERROR
  -------         PROC          _ISR_SAS
  X:06BCH         SYMBOL        rcvObject
  C:5AFDH         LINE#         139
  C:5B05H         LINE#         140
  C:5B05H         LINE#         141
  -------         ENDPROC       _ISR_SAS
  -------         PROC          _ISR_HUTYPE
  X:06BEH         SYMBOL        rcvObject
  C:5B06H         LINE#         144
  C:5B0EH         LINE#         145
  C:5B0EH         LINE#         146
  -------         ENDPROC       _ISR_HUTYPE
  -------         PROC          _ISR_NAVIONOFF
  X:06C0H         SYMBOL        rcvObject
  C:5B0FH         LINE#         150
  C:5B17H         LINE#         151
  C:5B17H         LINE#         152
  -------         ENDPROC       _ISR_NAVIONOFF
  -------         PROC          _ISR_COUNTRYCFG
  X:06C2H         SYMBOL        rcvObject
  C:5B18H         LINE#         156
  C:5B20H         LINE#         157
  C:5B20H         LINE#         158
  -------         ENDPROC       _ISR_COUNTRYCFG
  -------         PROC          _ISR_LANGUAGEINFO
  X:06C4H         SYMBOL        rcvObject
  C:5B21H         LINE#         162
  C:5B29H         LINE#         163
BL51 BANKED LINKER/LOCATER V6.22.2.0                                                  10/28/2023  03:59:00  PAGE 22


  C:5B29H         LINE#         164
  -------         ENDPROC       _ISR_LANGUAGEINFO
  -------         PROC          _ISR_MDPSTYPE
  X:06C6H         SYMBOL        rcvObject
  C:5B2AH         LINE#         168
  C:5B32H         LINE#         169
  C:5B32H         LINE#         170
  -------         ENDPROC       _ISR_MDPSTYPE
  -------         PROC          APPLHU_MON_PE_01MSGTIMEOUT
  C:5B60H         LINE#         172
  -------         ENDPROC       APPLHU_MON_PE_01MSGTIMEOUT
  -------         PROC          APPLHU_TYPERXSIGTIMEOUT
  C:5B61H         LINE#         174
  -------         ENDPROC       APPLHU_TYPERXSIGTIMEOUT
  -------         PROC          APPLCGW4MSGTIMEOUT
  C:5B62H         LINE#         175
  -------         ENDPROC       APPLCGW4MSGTIMEOUT
  -------         PROC          APPLCF_GWAY_NAVI_ON_OFFRXSIGTIMEOUT
  C:5B63H         LINE#         176
  -------         ENDPROC       APPLCF_GWAY_NAVI_ON_OFFRXSIGTIMEOUT
  -------         PROC          APPLCGW2MSGTIMEOUT
  C:5B64H         LINE#         177
  -------         ENDPROC       APPLCGW2MSGTIMEOUT
  -------         PROC          APPLCF_GWAY_COUNTRYCFGRXSIGTIMEOUT
  C:5B65H         LINE#         178
  -------         ENDPROC       APPLCF_GWAY_COUNTRYCFGRXSIGTIMEOUT
  -------         PROC          APPLCLU15MSGTIMEOUT
  C:5B66H         LINE#         179
  -------         ENDPROC       APPLCLU15MSGTIMEOUT
  -------         PROC          APPLCF_CLU_LANGUAGEINFORXSIGTIMEOUT
  C:5B67H         LINE#         180
  -------         ENDPROC       APPLCF_CLU_LANGUAGEINFORXSIGTIMEOUT
  -------         PROC          APPLMDPS11MSGTIMEOUT
  C:5B68H         LINE#         181
  -------         ENDPROC       APPLMDPS11MSGTIMEOUT
  -------         PROC          APPLCF_MDPS_TYPERXSIGTIMEOUT
  C:5B69H         LINE#         182
  -------         ENDPROC       APPLCF_MDPS_TYPERXSIGTIMEOUT
  -------         PROC          APPLCF_MDPS_TYPE_1RXSIGTIMEOUT
  C:5B6AH         LINE#         183
  -------         ENDPROC       APPLCF_MDPS_TYPE_1RXSIGTIMEOUT
  -------         PROC          APPLSAS1MSGTIMEOUT
  C:5B6BH         LINE#         184
  -------         ENDPROC       APPLSAS1MSGTIMEOUT
  -------         PROC          APPLSAS_ANGLERXSIGTIMEOUT
  C:5B6CH         LINE#         185
  C:5B6CH         LINE#         186
  C:5B6CH         LINE#         187
  -------         ENDPROC       APPLSAS_ANGLERXSIGTIMEOUT
  -------         PROC          CAN_INIT
  -------         DO            
  D:0007H         SYMBOL        SFRPAGE_save
  -------         ENDDO         
  C:5271H         LINE#         190
  C:5271H         LINE#         191
  C:5271H         LINE#         192
  C:5273H         LINE#         193
BL51 BANKED LINKER/LOCATER V6.22.2.0                                                  10/28/2023  03:59:00  PAGE 23


  C:5276H         LINE#         195
  C:5279H         LINE#         199
  C:527CH         LINE#         205
  C:5282H         LINE#         217
  C:5288H         LINE#         224
  C:528DH         LINE#         225
  C:5293H         LINE#         231
  C:5298H         LINE#         235
  C:529CH         LINE#         238
  C:52A2H         LINE#         242
  C:52A7H         LINE#         244
  C:52ACH         LINE#         265
  C:52B2H         LINE#         269
  C:52B8H         LINE#         271
  C:52BDH         LINE#         290
  C:52C3H         LINE#         294
  C:52C9H         LINE#         296
  C:52CEH         LINE#         315
  C:52D4H         LINE#         319
  C:52DAH         LINE#         321
  C:52DFH         LINE#         339
  C:52E5H         LINE#         343
  C:52EBH         LINE#         345
  C:52F0H         LINE#         350
  C:52F6H         LINE#         352
  C:52FCH         LINE#         354
  C:5301H         LINE#         357
  C:5307H         LINE#         359
  C:530DH         LINE#         361
  C:5312H         LINE#         365
  C:5318H         LINE#         367
  C:531EH         LINE#         369
  C:5323H         LINE#         372
  C:5329H         LINE#         374
  C:532FH         LINE#         376
  C:5334H         LINE#         378
  C:533AH         LINE#         380
  C:5340H         LINE#         383
  C:5346H         LINE#         385
  C:534BH         LINE#         388
  C:5351H         LINE#         391
  C:5357H         LINE#         393
  C:535CH         LINE#         396
  C:5362H         LINE#         399
  C:5368H         LINE#         401
  C:536DH         LINE#         403
  C:5373H         LINE#         406
  C:5379H         LINE#         408
  C:537EH         LINE#         410
  C:5384H         LINE#         413
  C:538AH         LINE#         415
  C:538FH         LINE#         419
  C:5392H         LINE#         426
  C:5395H         LINE#         428
  C:5397H         LINE#         429
  -------         ENDPROC       CAN_INIT
  -------         PROC          _CAN0_SEND_MESSAGE
BL51 BANKED LINKER/LOCATER V6.22.2.0                                                  10/28/2023  03:59:00  PAGE 24


  D:0001H         SYMBOL        buf
  D:0005H         SYMBOL        msg_obj
  -------         DO            
  X:06C8H         SYMBOL        i
  D:0007H         SYMBOL        SFRPAGE_save
  -------         ENDDO         
  C:5830H         LINE#         431
  C:5830H         LINE#         432
  C:5830H         LINE#         438
  C:5832H         LINE#         439
  C:5835H         LINE#         441
  C:583AH         LINE#         442
  C:5842H         LINE#         443
  C:584AH         LINE#         444
  C:5852H         LINE#         445
  C:585AH         LINE#         446
  C:5862H         LINE#         447
  C:586AH         LINE#         448
  C:5872H         LINE#         450
  C:5878H         LINE#         453
  C:587EH         LINE#         455
  C:5883H         LINE#         457
  C:5885H         LINE#         458
  -------         ENDPROC       _CAN0_SEND_MESSAGE
  -------         PROC          _TGT_ENTER_DIAGNOSTIC_MODE
  X:06B4H         SYMBOL        request_response
  X:06B5H         SYMBOL        CAN_dev_addr
  -------         DO            
  X:06B6H         SYMBOL        SFRPAGE_save
  -------         ENDDO         
  C:56BCH         LINE#         461
  C:56C4H         LINE#         462
  C:56C4H         LINE#         463
  C:56C8H         LINE#         464
  C:56CBH         LINE#         470
  C:56CEH         LINE#         472
  C:56D1H         LINE#         474
  C:56D7H         LINE#         475
  C:56DFH         LINE#         480
  C:56E4H         LINE#         481
  C:56EFH         LINE#         483
  C:56F5H         LINE#         485
  C:56FAH         LINE#         486
  -------         ENDPROC       _TGT_ENTER_DIAGNOSTIC_MODE
  -------         PROC          _TGT_GET_INFO
  X:0686H         SYMBOL        target_info
  -------         DO            
  D:0006H         SYMBOL        packet_num
  X:0689H         SYMBOL        index
  X:068AH         SYMBOL        SFRPAGE_save
  -------         ENDDO         
  C:58D0H         LINE#         497
  C:58DBH         LINE#         498
  C:58DBH         LINE#         502
  C:58E1H         LINE#         503
  C:58E4H         LINE#         508
  C:58EAH         LINE#         511
BL51 BANKED LINKER/LOCATER V6.22.2.0                                                  10/28/2023  03:59:00  PAGE 25


  C:58F6H         LINE#         512
  C:58F6H         LINE#         513
  C:58FBH         LINE#         514
  C:5906H         LINE#         542
  C:5909H         LINE#         544
  C:590FH         LINE#         546
  C:5914H         LINE#         547
  -------         ENDPROC       _TGT_GET_INFO
  -------         PROC          _TGT_SET_FLASH_KEYS
  D:0007H         SYMBOL        flash_key0
  D:0005H         SYMBOL        flash_key1
  -------         DO            
  D:0006H         SYMBOL        SFRPAGE_save
  -------         ENDDO         
  C:59F9H         LINE#         559
  C:59F9H         LINE#         560
  C:59F9H         LINE#         561
  C:59FBH         LINE#         562
  C:59FEH         LINE#         569
  C:5A04H         LINE#         570
  C:5A07H         LINE#         571
  C:5A0AH         LINE#         574
  C:5A0FH         LINE#         575
  C:5A1AH         LINE#         582
  C:5A1DH         LINE#         584
  C:5A22H         LINE#         585
  -------         ENDPROC       _TGT_SET_FLASH_KEYS
  -------         PROC          TGT_ERASE_PAGE
  -------         DO            
  D:0006H         SYMBOL        SFRPAGE_save
  -------         ENDDO         
  C:4003H         LINE#         607
  C:4003H         LINE#         608
  C:4003H         LINE#         609
  C:4005H         LINE#         610
  C:4008H         LINE#         615
  C:400EH         LINE#         618
  C:4013H         LINE#         619
  C:401EH         LINE#         626
  C:4021H         LINE#         628
  C:4026H         LINE#         629
  -------         ENDPROC       TGT_ERASE_PAGE
  -------         PROC          _TGT_WRITE_FLASH
  X:0673H         SYMBOL        buf
  D:0004H         SYMBOL        index
  X:0678H         SYMBOL        numbytes
  X:0679H         SYMBOL        Page_Num
  -------         DO            
  X:067AH         SYMBOL        i
  X:05DAH         SYMBOL        cnt
  X:05DBH         SYMBOL        page
  X:067BH         SYMBOL        last_byte
  X:067CH         SYMBOL        SFRPAGE_save
  -------         ENDDO         
  C:4DEAH         LINE#         641
  C:4DF5H         LINE#         642
  C:4DF5H         LINE#         645
BL51 BANKED LINKER/LOCATER V6.22.2.0                                                  10/28/2023  03:59:00  PAGE 26


  C:4DFAH         LINE#         646
  C:4DFEH         LINE#         647
  C:4E01H         LINE#         662
  C:4E0DH         LINE#         663
  C:4E0DH         LINE#         664
  C:4E0FH         LINE#         665
  C:4E15H         LINE#         666
  C:4E19H         LINE#         667
  C:4E1DH         LINE#         668
  C:4E21H         LINE#         669
  C:4E36H         LINE#         670
  C:4E3DH         LINE#         671
  C:4E47H         LINE#         672
  C:4E51H         LINE#         673
  C:4E56H         LINE#         674
  C:4E59H         LINE#         676
  C:4E59H         LINE#         677
  C:4E61H         LINE#         678
  C:4E61H         LINE#         679
  C:4E77H         LINE#         680
  C:4E7BH         LINE#         681
  C:4E8BH         LINE#         682
  C:4E95H         LINE#         683
  C:4E9FH         LINE#         684
  C:4EA9H         LINE#         685
  C:4EB3H         LINE#         686
  C:4EBDH         LINE#         687
  C:4EC2H         LINE#         689
  C:4EC4H         LINE#         691
  C:4EC4H         LINE#         692
  C:4EDAH         LINE#         693
  C:4EE4H         LINE#         694
  C:4EF4H         LINE#         695
  C:4EFEH         LINE#         696
  C:4F08H         LINE#         697
  C:4F12H         LINE#         698
  C:4F1CH         LINE#         699
  C:4F26H         LINE#         700
  C:4F26H         LINE#         702
  C:4F2EH         LINE#         703
  C:4F2EH         LINE#         704
  C:4F44H         LINE#         705
  C:4F4EH         LINE#         706
  C:4F5EH         LINE#         707
  C:4F68H         LINE#         708
  C:4F6CH         LINE#         709
  C:4F76H         LINE#         710
  C:4F7AH         LINE#         711
  C:4F7CH         LINE#         712
  C:4F7CH         LINE#         714
  C:4F7CH         LINE#         715
  C:4F82H         LINE#         716
  C:4F88H         LINE#         719
  C:4F8DH         LINE#         720
  C:4F98H         LINE#         728
  C:4F9EH         LINE#         730
  C:4FA3H         LINE#         731
BL51 BANKED LINKER/LOCATER V6.22.2.0                                                  10/28/2023  03:59:00  PAGE 27


  -------         ENDPROC       _TGT_WRITE_FLASH
  -------         PROC          _TGT_GET_PAGE_CRC
  X:069CH         SYMBOL        target_page_crc
  -------         DO            
  X:069FH         SYMBOL        SFRPAGE_save
  -------         ENDDO         
  C:402EH         LINE#         743
  C:4039H         LINE#         744
  C:4039H         LINE#         745
  C:403DH         LINE#         746
  C:4040H         LINE#         751
  C:4046H         LINE#         754
  C:404BH         LINE#         755
  C:4056H         LINE#         764
  C:4074H         LINE#         766
  C:407AH         LINE#         768
  C:407FH         LINE#         769
  -------         ENDPROC       _TGT_GET_PAGE_CRC
  -------         PROC          _TGT_WRITE_SIGNATURE
  D:0007H         SYMBOL        sig_byte0
  D:0005H         SYMBOL        sig_byte1
  D:0003H         SYMBOL        sig_byte2
  X:06A3H         SYMBOL        sig_byte3
  -------         DO            
  D:0006H         SYMBOL        SFRPAGE_save
  -------         ENDDO         
  C:59C4H         LINE#         781
  C:59C4H         LINE#         782
  C:59C4H         LINE#         783
  C:59C6H         LINE#         784
  C:59C9H         LINE#         793
  C:59CFH         LINE#         794
  C:59D2H         LINE#         795
  C:59D5H         LINE#         796
  C:59D8H         LINE#         797
  C:59E0H         LINE#         800
  C:59E5H         LINE#         801
  C:59F0H         LINE#         809
  C:59F3H         LINE#         811
  C:59F8H         LINE#         812
  -------         ENDPROC       _TGT_WRITE_SIGNATURE
  -------         PROC          TGT_SW_RESET
  -------         DO            
  D:0006H         SYMBOL        SFRPAGE_save
  -------         ENDDO         
  C:5A4DH         LINE#         824
  C:5A4DH         LINE#         825
  C:5A4DH         LINE#         826
  C:5A4FH         LINE#         827
  C:5A52H         LINE#         832
  C:5A58H         LINE#         835
  C:5A5DH         LINE#         836
  C:5A68H         LINE#         849
  C:5A6BH         LINE#         850
  -------         ENDPROC       TGT_SW_RESET
  -------         PROC          _SEND_7DF
  D:0007H         SYMBOL        mode
BL51 BANKED LINKER/LOCATER V6.22.2.0                                                  10/28/2023  03:59:00  PAGE 28


  -------         DO            
  D:0006H         SYMBOL        SFRPAGE_save
  -------         ENDDO         
  C:5112H         LINE#         895
  C:5112H         LINE#         896
  C:5112H         LINE#         897
  C:5114H         LINE#         899
  C:5117H         LINE#         900
  C:511AH         LINE#         901
  C:511FH         LINE#         902
  C:5146H         LINE#         903
  C:5146H         LINE#         904
  C:5146H         LINE#         905
  C:5149H         LINE#         906
  C:514CH         LINE#         907
  C:514FH         LINE#         908
  C:5152H         LINE#         909
  C:5155H         LINE#         910
  C:5158H         LINE#         911
  C:515BH         LINE#         912
  C:515EH         LINE#         913
  C:5164H         LINE#         915
  C:516AH         LINE#         916
  C:5177H         LINE#         917
  C:517AH         LINE#         918
  C:517AH         LINE#         919
  C:517DH         LINE#         920
  C:5180H         LINE#         921
  C:5183H         LINE#         922
  C:5186H         LINE#         923
  C:5189H         LINE#         924
  C:518CH         LINE#         925
  C:518FH         LINE#         926
  C:5192H         LINE#         927
  C:5198H         LINE#         929
  C:519EH         LINE#         930
  C:51ABH         LINE#         931
  C:51AEH         LINE#         932
  C:51AEH         LINE#         933
  C:51B1H         LINE#         934
  C:51B4H         LINE#         935
  C:51B7H         LINE#         936
  C:51BAH         LINE#         937
  C:51BDH         LINE#         938
  C:51C0H         LINE#         939
  C:51C3H         LINE#         940
  C:51C6H         LINE#         941
  C:51CCH         LINE#         943
  C:51D2H         LINE#         944
  C:51DFH         LINE#         945
  C:51E2H         LINE#         946
  C:51E2H         LINE#         947
  C:51E5H         LINE#         948
  C:51E8H         LINE#         949
  C:51EBH         LINE#         950
  C:51EEH         LINE#         951
  C:51F1H         LINE#         952
BL51 BANKED LINKER/LOCATER V6.22.2.0                                                  10/28/2023  03:59:00  PAGE 29


  C:51F4H         LINE#         953
  C:51F7H         LINE#         954
  C:51FAH         LINE#         956
  C:5200H         LINE#         959
  C:5206H         LINE#         961
  C:5210H         LINE#         962
  C:5212H         LINE#         963
  C:5212H         LINE#         964
  C:5215H         LINE#         965
  C:5218H         LINE#         966
  C:521BH         LINE#         967
  C:521EH         LINE#         968
  C:5221H         LINE#         969
  C:5224H         LINE#         970
  C:5227H         LINE#         971
  C:522AH         LINE#         972
  C:5230H         LINE#         974
  C:5236H         LINE#         975
  C:523EH         LINE#         977
  C:523EH         LINE#         978
  C:5241H         LINE#         979
  C:5244H         LINE#         980
  C:5247H         LINE#         981
  C:524AH         LINE#         982
  C:524DH         LINE#         983
  C:5250H         LINE#         984
  C:5253H         LINE#         985
  C:5256H         LINE#         986
  C:525CH         LINE#         988
  C:5262H         LINE#         989
  C:526AH         LINE#         991
  C:526AH         LINE#         992
  C:526AH         LINE#         993
  C:526AH         LINE#         994
  C:526AH         LINE#         997
  C:526DH         LINE#         998
  C:5270H         LINE#         1000
  -------         ENDPROC       _SEND_7DF
  -------         PROC          _SEND_796
  D:0007H         SYMBOL        mode
  -------         DO            
  D:0006H         SYMBOL        SFRPAGE_save
  -------         ENDDO         
  C:49AFH         LINE#         1002
  C:49AFH         LINE#         1003
  C:49AFH         LINE#         1004
  C:49B1H         LINE#         1006
  C:49B4H         LINE#         1007
  C:49B7H         LINE#         1008
  C:49BCH         LINE#         1009
  C:49E2H         LINE#         1010
  C:49E2H         LINE#         1011
  C:49E2H         LINE#         1012
  C:49E5H         LINE#         1013
  C:49E8H         LINE#         1014
  C:49EBH         LINE#         1015
  C:49EEH         LINE#         1016
BL51 BANKED LINKER/LOCATER V6.22.2.0                                                  10/28/2023  03:59:00  PAGE 30


  C:49F1H         LINE#         1017
  C:49F4H         LINE#         1018
  C:49F7H         LINE#         1019
  C:49FAH         LINE#         1021
  C:4A00H         LINE#         1024
  C:4A06H         LINE#         1026
  C:4A13H         LINE#         1027
  C:4A16H         LINE#         1028
  C:4A16H         LINE#         1029
  C:4A19H         LINE#         1030
  C:4A1CH         LINE#         1031
  C:4A1FH         LINE#         1032
  C:4A22H         LINE#         1033
  C:4A25H         LINE#         1034
  C:4A28H         LINE#         1035
  C:4A2BH         LINE#         1036
  C:4A2EH         LINE#         1038
  C:4A34H         LINE#         1041
  C:4A3AH         LINE#         1043
  C:4A47H         LINE#         1044
  C:4A4AH         LINE#         1045
  C:4A4AH         LINE#         1046
  C:4A4DH         LINE#         1047
  C:4A50H         LINE#         1048
  C:4A53H         LINE#         1049
  C:4A56H         LINE#         1050
  C:4A58H         LINE#         1051
  C:4A5AH         LINE#         1052
  C:4A5CH         LINE#         1053
  C:4A5EH         LINE#         1055
  C:4A63H         LINE#         1057
  C:4A68H         LINE#         1058
  C:4A75H         LINE#         1060
  C:4A78H         LINE#         1061
  C:4A78H         LINE#         1062
  C:4A7BH         LINE#         1063
  C:4A7EH         LINE#         1064
  C:4A81H         LINE#         1065
  C:4A84H         LINE#         1066
  C:4A87H         LINE#         1067
  C:4A8AH         LINE#         1068
  C:4A8DH         LINE#         1069
  C:4A90H         LINE#         1071
  C:4A96H         LINE#         1073
  C:4A9CH         LINE#         1074
  C:4AA9H         LINE#         1075
  C:4AACH         LINE#         1076
  C:4AACH         LINE#         1077
  C:4AAFH         LINE#         1078
  C:4AB2H         LINE#         1079
  C:4AB5H         LINE#         1080
  C:4ABBH         LINE#         1081
  C:4ABFH         LINE#         1082
  C:4AC3H         LINE#         1083
  C:4AC7H         LINE#         1084
  C:4ACAH         LINE#         1086
  C:4AD0H         LINE#         1088
BL51 BANKED LINKER/LOCATER V6.22.2.0                                                  10/28/2023  03:59:00  PAGE 31


  C:4AD6H         LINE#         1089
  C:4AE3H         LINE#         1091
  C:4AE6H         LINE#         1092
  C:4AE6H         LINE#         1093
  C:4AE9H         LINE#         1094
  C:4AECH         LINE#         1095
  C:4AEFH         LINE#         1096
  C:4AF2H         LINE#         1097
  C:4AF5H         LINE#         1098
  C:4AFBH         LINE#         1100
  C:4AFEH         LINE#         1101
  C:4B01H         LINE#         1103
  C:4B07H         LINE#         1105
  C:4B0DH         LINE#         1106
  C:4B1AH         LINE#         1107
  C:4B1DH         LINE#         1108
  C:4B1DH         LINE#         1110
  C:4B20H         LINE#         1111
  C:4B23H         LINE#         1112
  C:4B26H         LINE#         1113
  C:4B29H         LINE#         1114
  C:4B2CH         LINE#         1115
  C:4B2EH         LINE#         1116
  C:4B31H         LINE#         1117
  C:4B33H         LINE#         1119
  C:4B38H         LINE#         1121
  C:4B3DH         LINE#         1122
  C:4B4AH         LINE#         1123
  C:4B4DH         LINE#         1124
  C:4B4DH         LINE#         1125
  C:4B50H         LINE#         1126
  C:4B56H         LINE#         1127
  C:4B5CH         LINE#         1128
  C:4B62H         LINE#         1129
  C:4B65H         LINE#         1130
  C:4B68H         LINE#         1131
  C:4B6BH         LINE#         1132
  C:4B6EH         LINE#         1134
  C:4B74H         LINE#         1136
  C:4B7AH         LINE#         1137
  C:4B84H         LINE#         1139
  C:4B86H         LINE#         1140
  C:4B86H         LINE#         1142
  C:4B89H         LINE#         1143
  C:4B8CH         LINE#         1144
  C:4B8FH         LINE#         1145
  C:4B92H         LINE#         1146
  C:4B95H         LINE#         1147
  C:4B98H         LINE#         1148
  C:4B9BH         LINE#         1149
  C:4B9EH         LINE#         1151
  C:4BA4H         LINE#         1153
  C:4BAAH         LINE#         1154
  C:4BB4H         LINE#         1155
  C:4BB6H         LINE#         1156
  C:4BB6H         LINE#         1157
  C:4BB9H         LINE#         1158
BL51 BANKED LINKER/LOCATER V6.22.2.0                                                  10/28/2023  03:59:00  PAGE 32


  C:4BBCH         LINE#         1159
  C:4BBFH         LINE#         1160
  C:4BC2H         LINE#         1161
  C:4BC5H         LINE#         1162
  C:4BC8H         LINE#         1163
  C:4BCBH         LINE#         1164
  C:4BCEH         LINE#         1166
[...]
  C:45D4H         PUBLIC        ?C?CSTPTR
BL51 BANKED LINKER/LOCATER V6.22.2.0                                                  10/28/2023  03:59:00  PAGE 57


  -------         ENDMOD        ?C?CSTPTR

  -------         MODULE        ?C?CSTOPTR
  C:45E6H         PUBLIC        ?C?CSTOPTR
  -------         ENDMOD        ?C?CSTOPTR

  -------         MODULE        ?C?ILDIX
  C:4608H         PUBLIC        ?C?ILDIX
  -------         ENDMOD        ?C?ILDIX

  -------         MODULE        ?C?ISTPTR
  C:461EH         PUBLIC        ?C?ISTPTR
  -------         ENDMOD        ?C?ISTPTR

  -------         MODULE        ?C?LMUL
  C:463DH         PUBLIC        ?C?LMUL
  -------         ENDMOD        ?C?LMUL

  -------         MODULE        ?C?ULCMP
  C:468CH         PUBLIC        ?C?ULCMP
  -------         ENDMOD        ?C?ULCMP

  -------         MODULE        ?C?ULSHR
  C:469DH         PUBLIC        ?C?ULSHR
  -------         ENDMOD        ?C?ULSHR

  -------         MODULE        ?C?LSTXDATA
  C:46B0H         PUBLIC        ?C?LSTXDATA
  -------         ENDMOD        ?C?LSTXDATA

  -------         MODULE        ?C?LSTKXDATA
  C:46BCH         PUBLIC        ?C?LSTKXDATA
  -------         ENDMOD        ?C?LSTKXDATA

  -------         MODULE        ?C?CCASE
  C:46EDH         PUBLIC        ?C?CCASE
  -------         ENDMOD        ?C?CCASE

  -------         MODULE        ?C?MEMSET
  C:4713H         PUBLIC        ?C?MEMSET
  -------         ENDMOD        ?C?MEMSET

*** WARNING L1: UNRESOLVED EXTERNAL SYMBOL
    SYMBOL:  TIMEOUT
    MODULE:  D:\micom_diag\UPDATE_MODULE\trunk\FIRMWARE\Application_CAN_SAS_Tx_Module_Tu\main.obj (MAIN)

*** WARNING L2: REFERENCE MADE TO UNRESOLVED EXTERNAL
    SYMBOL:  TIMEOUT
    MODULE:  D:\micom_diag\UPDATE_MODULE\trunk\FIRMWARE\Application_CAN_SAS_Tx_Module_Tu\main.obj (MAIN)
    ADDRESS: 4C38H

*** WARNING L1: UNRESOLVED EXTERNAL SYMBOL
    SYMBOL:  CANINITPOWERON
    MODULE:  D:\micom_diag\UPDATE_MODULE\trunk\FIRMWARE\Application_CAN_SAS_Tx_Module_Tu\drv_can.obj (DRV_CAN)

*** WARNING L1: UNRESOLVED EXTERNAL SYMBOL
    SYMBOL:  CANONLINE
BL51 BANKED LINKER/LOCATER V6.22.2.0                                                  10/28/2023  03:59:00  PAGE 58


    MODULE:  D:\micom_diag\UPDATE_MODULE\trunk\FIRMWARE\Application_CAN_SAS_Tx_Module_Tu\drv_can.obj (DRV_CAN)

*** WARNING L1: UNRESOLVED EXTERNAL SYMBOL
    SYMBOL:  _?CANOFFLINE
    MODULE:  D:\micom_diag\UPDATE_MODULE\trunk\FIRMWARE\Application_CAN_SAS_Tx_Module_Tu\drv_can.obj (DRV_CAN)

*** WARNING L1: UNRESOLVED EXTERNAL SYMBOL
    SYMBOL:  _CANSETPARTOFFLINE
    MODULE:  D:\micom_diag\UPDATE_MODULE\trunk\FIRMWARE\Application_CAN_SAS_Tx_Module_Tu\drv_can.obj (DRV_CAN)

*** WARNING L1: UNRESOLVED EXTERNAL SYMBOL
    SYMBOL:  _?CANGETSTATUS
    MODULE:  D:\micom_diag\UPDATE_MODULE\trunk\FIRMWARE\Application_CAN_SAS_Tx_Module_Tu\drv_can.obj (DRV_CAN)

*** WARNING L1: UNRESOLVED EXTERNAL SYMBOL
    SYMBOL:  TPINITPOWERON
    MODULE:  D:\micom_diag\UPDATE_MODULE\trunk\FIRMWARE\Application_CAN_SAS_Tx_Module_Tu\drv_can.obj (DRV_CAN)

*** WARNING L1: UNRESOLVED EXTERNAL SYMBOL
    SYMBOL:  TPTXTASK
    MODULE:  D:\micom_diag\UPDATE_MODULE\trunk\FIRMWARE\Application_CAN_SAS_Tx_Module_Tu\drv_can.obj (DRV_CAN)

*** WARNING L1: UNRESOLVED EXTERNAL SYMBOL
    SYMBOL:  TPRXTASK
    MODULE:  D:\micom_diag\UPDATE_MODULE\trunk\FIRMWARE\Application_CAN_SAS_Tx_Module_Tu\drv_can.obj (DRV_CAN)

*** WARNING L1: UNRESOLVED EXTERNAL SYMBOL
    SYMBOL:  NMBASICINITPOWERON
    MODULE:  D:\micom_diag\UPDATE_MODULE\trunk\FIRMWARE\Application_CAN_SAS_Tx_Module_Tu\drv_can.obj (DRV_CAN)

*** WARNING L1: UNRESOLVED EXTERNAL SYMBOL
    SYMBOL:  NMBASICTASK
    MODULE:  D:\micom_diag\UPDATE_MODULE\trunk\FIRMWARE\Application_CAN_SAS_Tx_Module_Tu\drv_can.obj (DRV_CAN)

*** WARNING L1: UNRESOLVED EXTERNAL SYMBOL
    SYMBOL:  NMBASICSTART
    MODULE:  D:\micom_diag\UPDATE_MODULE\trunk\FIRMWARE\Application_CAN_SAS_Tx_Module_Tu\drv_can.obj (DRV_CAN)

*** WARNING L1: UNRESOLVED EXTERNAL SYMBOL
    SYMBOL:  _DESCINITPOWERON
    MODULE:  D:\micom_diag\UPDATE_MODULE\trunk\FIRMWARE\Application_CAN_SAS_Tx_Module_Tu\drv_can.obj (DRV_CAN)

*** WARNING L1: UNRESOLVED EXTERNAL SYMBOL
    SYMBOL:  DESCTASK
    MODULE:  D:\micom_diag\UPDATE_MODULE\trunk\FIRMWARE\Application_CAN_SAS_Tx_Module_Tu\drv_can.obj (DRV_CAN)

*** WARNING L1: UNRESOLVED EXTERNAL SYMBOL
    SYMBOL:  ILINITPOWERON
    MODULE:  D:\micom_diag\UPDATE_MODULE\trunk\FIRMWARE\Application_CAN_SAS_Tx_Module_Tu\drv_can.obj (DRV_CAN)

*** WARNING L1: UNRESOLVED EXTERNAL SYMBOL
    SYMBOL:  ILRXSTART
    MODULE:  D:\micom_diag\UPDATE_MODULE\trunk\FIRMWARE\Application_CAN_SAS_Tx_Module_Tu\drv_can.obj (DRV_CAN)

*** WARNING L1: UNRESOLVED EXTERNAL SYMBOL
    SYMBOL:  ILTXSTART
    MODULE:  D:\micom_diag\UPDATE_MODULE\trunk\FIRMWARE\Application_CAN_SAS_Tx_Module_Tu\drv_can.obj (DRV_CAN)
BL51 BANKED LINKER/LOCATER V6.22.2.0                                                  10/28/2023  03:59:00  PAGE 59



*** WARNING L1: UNRESOLVED EXTERNAL SYMBOL
    SYMBOL:  ILRXSTOP
    MODULE:  D:\micom_diag\UPDATE_MODULE\trunk\FIRMWARE\Application_CAN_SAS_Tx_Module_Tu\drv_can.obj (DRV_CAN)

*** WARNING L1: UNRESOLVED EXTERNAL SYMBOL
    SYMBOL:  ILTXSTOP
    MODULE:  D:\micom_diag\UPDATE_MODULE\trunk\FIRMWARE\Application_CAN_SAS_Tx_Module_Tu\drv_can.obj (DRV_CAN)

*** WARNING L1: UNRESOLVED EXTERNAL SYMBOL
    SYMBOL:  ILRXWAIT
    MODULE:  D:\micom_diag\UPDATE_MODULE\trunk\FIRMWARE\Application_CAN_SAS_Tx_Module_Tu\drv_can.obj (DRV_CAN)

*** WARNING L1: UNRESOLVED EXTERNAL SYMBOL
    SYMBOL:  ILTXWAIT
    MODULE:  D:\micom_diag\UPDATE_MODULE\trunk\FIRMWARE\Application_CAN_SAS_Tx_Module_Tu\drv_can.obj (DRV_CAN)

*** WARNING L1: UNRESOLVED EXTERNAL SYMBOL
    SYMBOL:  ILRXRELEASE
    MODULE:  D:\micom_diag\UPDATE_MODULE\trunk\FIRMWARE\Application_CAN_SAS_Tx_Module_Tu\drv_can.obj (DRV_CAN)

*** WARNING L1: UNRESOLVED EXTERNAL SYMBOL
    SYMBOL:  ILTXRELEASE
    MODULE:  D:\micom_diag\UPDATE_MODULE\trunk\FIRMWARE\Application_CAN_SAS_Tx_Module_Tu\drv_can.obj (DRV_CAN)

*** WARNING L1: UNRESOLVED EXTERNAL SYMBOL
    SYMBOL:  ILRXTASK
    MODULE:  D:\micom_diag\UPDATE_MODULE\trunk\FIRMWARE\Application_CAN_SAS_Tx_Module_Tu\drv_can.obj (DRV_CAN)

*** WARNING L1: UNRESOLVED EXTERNAL SYMBOL
    SYMBOL:  ILTXTASK
    MODULE:  D:\micom_diag\UPDATE_MODULE\trunk\FIRMWARE\Application_CAN_SAS_Tx_Module_Tu\drv_can.obj (DRV_CAN)

*** WARNING L1: UNRESOLVED EXTERNAL SYMBOL
    SYMBOL:  CAN_RX_COMPLETE_FLAG
    MODULE:  D:\micom_diag\UPDATE_MODULE\trunk\FIRMWARE\Application_CAN_SAS_Tx_Module_Tu\drv_can.obj (DRV_CAN)

*** WARNING L1: UNRESOLVED EXTERNAL SYMBOL
    SYMBOL:  DOWNLOAD_TYPE
    MODULE:  D:\micom_diag\UPDATE_MODULE\trunk\FIRMWARE\Application_CAN_SAS_Tx_Module_Tu\drv_can.obj (DRV_CAN)

*** WARNING L1: UNRESOLVED EXTERNAL SYMBOL
    SYMBOL:  TGT_INFO
    MODULE:  D:\micom_diag\UPDATE_MODULE\trunk\FIRMWARE\Application_CAN_SAS_Tx_Module_Tu\drv_can.obj (DRV_CAN)

*** WARNING L1: UNRESOLVED EXTERNAL SYMBOL
    SYMBOL:  TX_STANDARD_MODE
    MODULE:  D:\micom_diag\UPDATE_MODULE\trunk\FIRMWARE\Application_CAN_SAS_Tx_Module_Tu\drv_can.obj (DRV_CAN)

*** WARNING L1: UNRESOLVED EXTERNAL SYMBOL
    SYMBOL:  TX_SWVERSION_REQ
    MODULE:  D:\micom_diag\UPDATE_MODULE\trunk\FIRMWARE\Application_CAN_SAS_Tx_Module_Tu\drv_can.obj (DRV_CAN)

*** WARNING L2: REFERENCE MADE TO UNRESOLVED EXTERNAL
    SYMBOL:  CANINITPOWERON
    MODULE:  D:\micom_diag\UPDATE_MODULE\trunk\FIRMWARE\Application_CAN_SAS_Tx_Module_Tu\drv_can.obj (DRV_CAN)
    ADDRESS: 5AABH
BL51 BANKED LINKER/LOCATER V6.22.2.0                                                  10/28/2023  03:59:00  PAGE 60



*** WARNING L2: REFERENCE MADE TO UNRESOLVED EXTERNAL
    SYMBOL:  ILINITPOWERON
    MODULE:  D:\micom_diag\UPDATE_MODULE\trunk\FIRMWARE\Application_CAN_SAS_Tx_Module_Tu\drv_can.obj (DRV_CAN)
    ADDRESS: 5AAEH

*** WARNING L2: REFERENCE MADE TO UNRESOLVED EXTERNAL
    SYMBOL:  TPINITPOWERON
    MODULE:  D:\micom_diag\UPDATE_MODULE\trunk\FIRMWARE\Application_CAN_SAS_Tx_Module_Tu\drv_can.obj (DRV_CAN)
    ADDRESS: 5AB1H

*** WARNING L2: REFERENCE MADE TO UNRESOLVED EXTERNAL
    SYMBOL:  NMBASICINITPOWERON
    MODULE:  D:\micom_diag\UPDATE_MODULE\trunk\FIRMWARE\Application_CAN_SAS_Tx_Module_Tu\drv_can.obj (DRV_CAN)
    ADDRESS: 5AB4H

*** WARNING L2: REFERENCE MADE TO UNRESOLVED EXTERNAL
    SYMBOL:  _DESCINITPOWERON
    MODULE:  D:\micom_diag\UPDATE_MODULE\trunk\FIRMWARE\Application_CAN_SAS_Tx_Module_Tu\drv_can.obj (DRV_CAN)
    ADDRESS: 5AB9H

*** WARNING L2: REFERENCE MADE TO UNRESOLVED EXTERNAL
    SYMBOL:  NMBASICSTART
    MODULE:  D:\micom_diag\UPDATE_MODULE\trunk\FIRMWARE\Application_CAN_SAS_Tx_Module_Tu\drv_can.obj (DRV_CAN)
    ADDRESS: 5AF4H

*** WARNING L2: REFERENCE MADE TO UNRESOLVED EXTERNAL
    SYMBOL:  ILTXSTART
    MODULE:  D:\micom_diag\UPDATE_MODULE\trunk\FIRMWARE\Application_CAN_SAS_Tx_Module_Tu\drv_can.obj (DRV_CAN)
    ADDRESS: 5AF7H

*** WARNING L2: REFERENCE MADE TO UNRESOLVED EXTERNAL
    SYMBOL:  ILRXSTART
    MODULE:  D:\micom_diag\UPDATE_MODULE\trunk\FIRMWARE\Application_CAN_SAS_Tx_Module_Tu\drv_can.obj (DRV_CAN)
    ADDRESS: 5AFAH

*** WARNING L2: REFERENCE MADE TO UNRESOLVED EXTERNAL
    SYMBOL:  ILRXTASK
    MODULE:  D:\micom_diag\UPDATE_MODULE\trunk\FIRMWARE\Application_CAN_SAS_Tx_Module_Tu\drv_can.obj (DRV_CAN)
    ADDRESS: 5ABFH

*** WARNING L2: REFERENCE MADE TO UNRESOLVED EXTERNAL
    SYMBOL:  ILTXTASK
    MODULE:  D:\micom_diag\UPDATE_MODULE\trunk\FIRMWARE\Application_CAN_SAS_Tx_Module_Tu\drv_can.obj (DRV_CAN)
    ADDRESS: 5AC2H

*** WARNING L2: REFERENCE MADE TO UNRESOLVED EXTERNAL
    SYMBOL:  TPRXTASK
    MODULE:  D:\micom_diag\UPDATE_MODULE\trunk\FIRMWARE\Application_CAN_SAS_Tx_Module_Tu\drv_can.obj (DRV_CAN)
    ADDRESS: 5AC5H

*** WARNING L2: REFERENCE MADE TO UNRESOLVED EXTERNAL
    SYMBOL:  DESCTASK
    MODULE:  D:\micom_diag\UPDATE_MODULE\trunk\FIRMWARE\Application_CAN_SAS_Tx_Module_Tu\drv_can.obj (DRV_CAN)
    ADDRESS: 5AC8H

*** WARNING L2: REFERENCE MADE TO UNRESOLVED EXTERNAL
BL51 BANKED LINKER/LOCATER V6.22.2.0                                                  10/28/2023  03:59:00  PAGE 61


    SYMBOL:  TPTXTASK
    MODULE:  D:\micom_diag\UPDATE_MODULE\trunk\FIRMWARE\Application_CAN_SAS_Tx_Module_Tu\drv_can.obj (DRV_CAN)
    ADDRESS: 5ACBH

*** WARNING L2: REFERENCE MADE TO UNRESOLVED EXTERNAL
    SYMBOL:  NMBASICTASK
    MODULE:  D:\micom_diag\UPDATE_MODULE\trunk\FIRMWARE\Application_CAN_SAS_Tx_Module_Tu\drv_can.obj (DRV_CAN)
    ADDRESS: 5ACEH

*** WARNING L2: REFERENCE MADE TO UNRESOLVED EXTERNAL
    SYMBOL:  ILRXSTART
    MODULE:  D:\micom_diag\UPDATE_MODULE\trunk\FIRMWARE\Application_CAN_SAS_Tx_Module_Tu\drv_can.obj (DRV_CAN)
    ADDRESS: 5B34H

*** WARNING L2: REFERENCE MADE TO UNRESOLVED EXTERNAL
    SYMBOL:  ILTXSTART
    MODULE:  D:\micom_diag\UPDATE_MODULE\trunk\FIRMWARE\Application_CAN_SAS_Tx_Module_Tu\drv_can.obj (DRV_CAN)
    ADDRESS: 5B37H

*** WARNING L2: REFERENCE MADE TO UNRESOLVED EXTERNAL
    SYMBOL:  ILRXRELEASE
    MODULE:  D:\micom_diag\UPDATE_MODULE\trunk\FIRMWARE\Application_CAN_SAS_Tx_Module_Tu\drv_can.obj (DRV_CAN)
    ADDRESS: 5B3BH

*** WARNING L2: REFERENCE MADE TO UNRESOLVED EXTERNAL
    SYMBOL:  ILTXRELEASE
    MODULE:  D:\micom_diag\UPDATE_MODULE\trunk\FIRMWARE\Application_CAN_SAS_Tx_Module_Tu\drv_can.obj (DRV_CAN)
    ADDRESS: 5B3EH

*** WARNING L2: REFERENCE MADE TO UNRESOLVED EXTERNAL
    SYMBOL:  ILTXWAIT
    MODULE:  D:\micom_diag\UPDATE_MODULE\trunk\FIRMWARE\Application_CAN_SAS_Tx_Module_Tu\drv_can.obj (DRV_CAN)
    ADDRESS: 5B42H

*** WARNING L2: REFERENCE MADE TO UNRESOLVED EXTERNAL
    SYMBOL:  ILRXWAIT
    MODULE:  D:\micom_diag\UPDATE_MODULE\trunk\FIRMWARE\Application_CAN_SAS_Tx_Module_Tu\drv_can.obj (DRV_CAN)
    ADDRESS: 5B45H

*** WARNING L2: REFERENCE MADE TO UNRESOLVED EXTERNAL
    SYMBOL:  ILRXSTOP
    MODULE:  D:\micom_diag\UPDATE_MODULE\trunk\FIRMWARE\Application_CAN_SAS_Tx_Module_Tu\drv_can.obj (DRV_CAN)
    ADDRESS: 5B49H

*** WARNING L2: REFERENCE MADE TO UNRESOLVED EXTERNAL
    SYMBOL:  ILTXSTOP
    MODULE:  D:\micom_diag\UPDATE_MODULE\trunk\FIRMWARE\Application_CAN_SAS_Tx_Module_Tu\drv_can.obj (DRV_CAN)
    ADDRESS: 5B4CH

*** WARNING L2: REFERENCE MADE TO UNRESOLVED EXTERNAL
    SYMBOL:  _?CANGETSTATUS
    MODULE:  D:\micom_diag\UPDATE_MODULE\trunk\FIRMWARE\Application_CAN_SAS_Tx_Module_Tu\drv_can.obj (DRV_CAN)
    ADDRESS: 5A6DH

*** WARNING L2: REFERENCE MADE TO UNRESOLVED EXTERNAL
    SYMBOL:  _?CANOFFLINE
    MODULE:  D:\micom_diag\UPDATE_MODULE\trunk\FIRMWARE\Application_CAN_SAS_Tx_Module_Tu\drv_can.obj (DRV_CAN)
BL51 BANKED LINKER/LOCATER V6.22.2.0                                                  10/28/2023  03:59:00  PAGE 62


    ADDRESS: 5A77H

*** WARNING L2: REFERENCE MADE TO UNRESOLVED EXTERNAL
    SYMBOL:  _CANSETPARTOFFLINE
    MODULE:  D:\micom_diag\UPDATE_MODULE\trunk\FIRMWARE\Application_CAN_SAS_Tx_Module_Tu\drv_can.obj (DRV_CAN)
    ADDRESS: 5A7CH

*** WARNING L2: REFERENCE MADE TO UNRESOLVED EXTERNAL
    SYMBOL:  CANONLINE
    MODULE:  D:\micom_diag\UPDATE_MODULE\trunk\FIRMWARE\Application_CAN_SAS_Tx_Module_Tu\drv_can.obj (DRV_CAN)
    ADDRESS: 5A86H

*** WARNING L2: REFERENCE MADE TO UNRESOLVED EXTERNAL
    SYMBOL:  TX_STANDARD_MODE
    MODULE:  D:\micom_diag\UPDATE_MODULE\trunk\FIRMWARE\Application_CAN_SAS_Tx_Module_Tu\drv_can.obj (DRV_CAN)
    ADDRESS: 56CCH

*** WARNING L2: REFERENCE MADE TO UNRESOLVED EXTERNAL
    SYMBOL:  TX_SWVERSION_REQ
    MODULE:  D:\micom_diag\UPDATE_MODULE\trunk\FIRMWARE\Application_CAN_SAS_Tx_Module_Tu\drv_can.obj (DRV_CAN)
    ADDRESS: 56CFH

*** WARNING L2: REFERENCE MADE TO UNRESOLVED EXTERNAL
    SYMBOL:  CAN_RX_COMPLETE_FLAG
    MODULE:  D:\micom_diag\UPDATE_MODULE\trunk\FIRMWARE\Application_CAN_SAS_Tx_Module_Tu\drv_can.obj (DRV_CAN)
    ADDRESS: 56E1H

*** WARNING L2: REFERENCE MADE TO UNRESOLVED EXTERNAL
    SYMBOL:  CAN_RX_COMPLETE_FLAG
    MODULE:  D:\micom_diag\UPDATE_MODULE\trunk\FIRMWARE\Application_CAN_SAS_Tx_Module_Tu\drv_can.obj (DRV_CAN)
    ADDRESS: 58F8H

*** WARNING L2: REFERENCE MADE TO UNRESOLVED EXTERNAL
    SYMBOL:  CAN_RX_COMPLETE_FLAG
    MODULE:  D:\micom_diag\UPDATE_MODULE\trunk\FIRMWARE\Application_CAN_SAS_Tx_Module_Tu\drv_can.obj (DRV_CAN)
    ADDRESS: 5A0CH

*** WARNING L2: REFERENCE MADE TO UNRESOLVED EXTERNAL
    SYMBOL:  CAN_RX_COMPLETE_FLAG
    MODULE:  D:\micom_diag\UPDATE_MODULE\trunk\FIRMWARE\Application_CAN_SAS_Tx_Module_Tu\drv_can.obj (DRV_CAN)
    ADDRESS: 4010H

*** WARNING L2: REFERENCE MADE TO UNRESOLVED EXTERNAL
    SYMBOL:  CAN_RX_COMPLETE_FLAG
    MODULE:  D:\micom_diag\UPDATE_MODULE\trunk\FIRMWARE\Application_CAN_SAS_Tx_Module_Tu\drv_can.obj (DRV_CAN)
    ADDRESS: 4F8AH

*** WARNING L2: REFERENCE MADE TO UNRESOLVED EXTERNAL
    SYMBOL:  CAN_RX_COMPLETE_FLAG
    MODULE:  D:\micom_diag\UPDATE_MODULE\trunk\FIRMWARE\Application_CAN_SAS_Tx_Module_Tu\drv_can.obj (DRV_CAN)
    ADDRESS: 4048H

*** WARNING L2: REFERENCE MADE TO UNRESOLVED EXTERNAL
    SYMBOL:  CAN_RX_COMPLETE_FLAG
    MODULE:  D:\micom_diag\UPDATE_MODULE\trunk\FIRMWARE\Application_CAN_SAS_Tx_Module_Tu\drv_can.obj (DRV_CAN)
    ADDRESS: 59E2H

BL51 BANKED LINKER/LOCATER V6.22.2.0                                                  10/28/2023  03:59:00  PAGE 63


*** WARNING L2: REFERENCE MADE TO UNRESOLVED EXTERNAL
    SYMBOL:  CAN_RX_COMPLETE_FLAG
    MODULE:  D:\micom_diag\UPDATE_MODULE\trunk\FIRMWARE\Application_CAN_SAS_Tx_Module_Tu\drv_can.obj (DRV_CAN)
    ADDRESS: 5A5AH

*** WARNING L2: REFERENCE MADE TO UNRESOLVED EXTERNAL
    SYMBOL:  CAN_RX_COMPLETE_FLAG
    MODULE:  D:\micom_diag\UPDATE_MODULE\trunk\FIRMWARE\Application_CAN_SAS_Tx_Module_Tu\drv_can.obj (DRV_CAN)
    ADDRESS: 511CH

*** WARNING L2: REFERENCE MADE TO UNRESOLVED EXTERNAL
    SYMBOL:  CAN_RX_COMPLETE_FLAG
    MODULE:  D:\micom_diag\UPDATE_MODULE\trunk\FIRMWARE\Application_CAN_SAS_Tx_Module_Tu\drv_can.obj (DRV_CAN)
    ADDRESS: 49B9H

*** WARNING L2: REFERENCE MADE TO UNRESOLVED EXTERNAL
    SYMBOL:  DOWNLOAD_TYPE
    MODULE:  D:\micom_diag\UPDATE_MODULE\trunk\FIRMWARE\Application_CAN_SAS_Tx_Module_Tu\drv_can.obj (DRV_CAN)
    ADDRESS: 4AF6H

*** WARNING L2: REFERENCE MADE TO UNRESOLVED EXTERNAL
    SYMBOL:  TGT_INFO
    MODULE:  D:\micom_diag\UPDATE_MODULE\trunk\FIRMWARE\Application_CAN_SAS_Tx_Module_Tu\drv_can.obj (DRV_CAN)
    ADDRESS: 4B51H

*** WARNING L2: REFERENCE MADE TO UNRESOLVED EXTERNAL
    SYMBOL:  TGT_INFO
    MODULE:  D:\micom_diag\UPDATE_MODULE\trunk\FIRMWARE\Application_CAN_SAS_Tx_Module_Tu\drv_can.obj (DRV_CAN)
    ADDRESS: 4B57H

*** WARNING L2: REFERENCE MADE TO UNRESOLVED EXTERNAL
    SYMBOL:  TGT_INFO
    MODULE:  D:\micom_diag\UPDATE_MODULE\trunk\FIRMWARE\Application_CAN_SAS_Tx_Module_Tu\drv_can.obj (DRV_CAN)
    ADDRESS: 4B5DH

*** WARNING L2: REFERENCE MADE TO UNRESOLVED EXTERNAL
    SYMBOL:  CAN_RX_COMPLETE_FLAG
    MODULE:  D:\micom_diag\UPDATE_MODULE\trunk\FIRMWARE\Application_CAN_SAS_Tx_Module_Tu\drv_can.obj (DRV_CAN)
    ADDRESS: 5996H

*** WARNING L2: REFERENCE MADE TO UNRESOLVED EXTERNAL
    SYMBOL:  CAN_RX_COMPLETE_FLAG
    MODULE:  D:\micom_diag\UPDATE_MODULE\trunk\FIRMWARE\Application_CAN_SAS_Tx_Module_Tu\drv_can.obj (DRV_CAN)
    ADDRESS: 5772H

*** WARNING L2: REFERENCE MADE TO UNRESOLVED EXTERNAL
    SYMBOL:  CAN_RX_COMPLETE_FLAG
    MODULE:  D:\micom_diag\UPDATE_MODULE\trunk\FIRMWARE\Application_CAN_SAS_Tx_Module_Tu\drv_can.obj (DRV_CAN)
    ADDRESS: 57D6H

*** WARNING L2: REFERENCE MADE TO UNRESOLVED EXTERNAL
    SYMBOL:  CAN_RX_COMPLETE_FLAG
    MODULE:  D:\micom_diag\UPDATE_MODULE\trunk\FIRMWARE\Application_CAN_SAS_Tx_Module_Tu\drv_can.obj (DRV_CAN)
    ADDRESS: 595CH

*** WARNING L2: REFERENCE MADE TO UNRESOLVED EXTERNAL
    SYMBOL:  CAN_RX_COMPLETE_FLAG
BL51 BANKED LINKER/LOCATER V6.22.2.0                                                  10/28/2023  03:59:00  PAGE 64


    MODULE:  D:\micom_diag\UPDATE_MODULE\trunk\FIRMWARE\Application_CAN_SAS_Tx_Module_Tu\drv_can.obj (DRV_CAN)
    ADDRESS: 56A4H

*** WARNING L2: REFERENCE MADE TO UNRESOLVED EXTERNAL
    SYMBOL:  CAN_RX_COMPLETE_FLAG
    MODULE:  D:\micom_diag\UPDATE_MODULE\trunk\FIRMWARE\Application_CAN_SAS_Tx_Module_Tu\drv_can.obj (DRV_CAN)
    ADDRESS: 53EAH

*** WARNING L2: REFERENCE MADE TO UNRESOLVED EXTERNAL
    SYMBOL:  CAN_RX_COMPLETE_FLAG
    MODULE:  D:\micom_diag\UPDATE_MODULE\trunk\FIRMWARE\Application_CAN_SAS_Tx_Module_Tu\drv_can.obj (DRV_CAN)
    ADDRESS: 5406H

*** WARNING L2: REFERENCE MADE TO UNRESOLVED EXTERNAL
    SYMBOL:  CAN_RX_COMPLETE_FLAG
    MODULE:  D:\micom_diag\UPDATE_MODULE\trunk\FIRMWARE\Application_CAN_SAS_Tx_Module_Tu\drv_can.obj (DRV_CAN)
    ADDRESS: 5422H

*** WARNING L2: REFERENCE MADE TO UNRESOLVED EXTERNAL
    SYMBOL:  CAN_RX_COMPLETE_FLAG
    MODULE:  D:\micom_diag\UPDATE_MODULE\trunk\FIRMWARE\Application_CAN_SAS_Tx_Module_Tu\drv_can.obj (DRV_CAN)
    ADDRESS: 543EH

*** WARNING L2: REFERENCE MADE TO UNRESOLVED EXTERNAL
    SYMBOL:  CAN_RX_COMPLETE_FLAG
    MODULE:  D:\micom_diag\UPDATE_MODULE\trunk\FIRMWARE\Application_CAN_SAS_Tx_Module_Tu\drv_can.obj (DRV_CAN)
    ADDRESS: 547CH

*** WARNING L2: REFERENCE MADE TO UNRESOLVED EXTERNAL
    SYMBOL:  CAN_RX_COMPLETE_FLAG
    MODULE:  D:\micom_diag\UPDATE_MODULE\trunk\FIRMWARE\Application_CAN_SAS_Tx_Module_Tu\drv_can.obj (DRV_CAN)
    ADDRESS: 5483H

*** WARNING L2: REFERENCE MADE TO UNRESOLVED EXTERNAL
    SYMBOL:  CAN_RX_COMPLETE_FLAG
    MODULE:  D:\micom_diag\UPDATE_MODULE\trunk\FIRMWARE\Application_CAN_SAS_Tx_Module_Tu\drv_can.obj (DRV_CAN)
    ADDRESS: 549AH

*** WARNING L2: REFERENCE MADE TO UNRESOLVED EXTERNAL
    SYMBOL:  CAN_RX_COMPLETE_FLAG
    MODULE:  D:\micom_diag\UPDATE_MODULE\trunk\FIRMWARE\Application_CAN_SAS_Tx_Module_Tu\drv_can.obj (DRV_CAN)
    ADDRESS: 54B0H

*** WARNING L2: REFERENCE MADE TO UNRESOLVED EXTERNAL
    SYMBOL:  CAN_RX_COMPLETE_FLAG
    MODULE:  D:\micom_diag\UPDATE_MODULE\trunk\FIRMWARE\Application_CAN_SAS_Tx_Module_Tu\drv_can.obj (DRV_CAN)
    ADDRESS: 54B7H

Program Size: data=17.4 xdata=1757 code=12583
LINK/LOCATE RUN COMPLETE.  87 WARNING(S),  0 ERROR(S)
