C51 COMPILER V9.60.7.0   MAIN                                                              06/28/2024 16:42:17 PAGE 1   


C51 COMPILER V9.60.7.0, COMPILATION OF MODULE MAIN
OBJECT MODULE PLACED IN .\Objects\main.obj
COMPILER INVOKED BY: C:\Keil\C51\BIN\C51.EXE main.c OMF2 OPTIMIZE(8,SPEED) BROWSE INCDIR(..\driver\inc) DEBUG PRINT(.\Li
                    -stings\main.lst) TABS(2) OBJECT(.\Objects\main.obj)

line level    source

   1          #include "GPIO.h"
*** ERROR C141 IN LINE 42 OF C:\Keil\C51\Inc\Cygnal\C8051F580.h: syntax error near '0x80', expected 'bit'
*** ERROR C141 IN LINE 43 OF C:\Keil\C51\Inc\Cygnal\C8051F580.h: syntax error near '0x81', expected 'bit'
*** ERROR C141 IN LINE 44 OF C:\Keil\C51\Inc\Cygnal\C8051F580.h: syntax error near '0x82', expected 'bit'
*** ERROR C141 IN LINE 45 OF C:\Keil\C51\Inc\Cygnal\C8051F580.h: syntax error near '0x83', expected 'bit'
*** ERROR C141 IN LINE 46 OF C:\Keil\C51\Inc\Cygnal\C8051F580.h: syntax error near '0x84', expected 'bit'
*** ERROR C141 IN LINE 47 OF C:\Keil\C51\Inc\Cygnal\C8051F580.h: syntax error near '0x85', expected 'bit'
*** ERROR C141 IN LINE 48 OF C:\Keil\C51\Inc\Cygnal\C8051F580.h: syntax error near '0x86', expected 'bit'
*** ERROR C141 IN LINE 49 OF C:\Keil\C51\Inc\Cygnal\C8051F580.h: syntax error near '0x87', expected 'bit'
*** ERROR C141 IN LINE 50 OF C:\Keil\C51\Inc\Cygnal\C8051F580.h: syntax error near '0x88', expected 'bit'
*** ERROR C141 IN LINE 51 OF C:\Keil\C51\Inc\Cygnal\C8051F580.h: syntax error near '0x89', expected 'bit'
*** ERROR C141 IN LINE 52 OF C:\Keil\C51\Inc\Cygnal\C8051F580.h: syntax error near '0x8A', expected 'bit'
*** ERROR C141 IN LINE 53 OF C:\Keil\C51\Inc\Cygnal\C8051F580.h: syntax error near '0x8B', expected 'bit'
*** ERROR C141 IN LINE 54 OF C:\Keil\C51\Inc\Cygnal\C8051F580.h: syntax error near '0x8C', expected 'bit'
*** ERROR C141 IN LINE 55 OF C:\Keil\C51\Inc\Cygnal\C8051F580.h: syntax error near '0x8D', expected 'bit'
*** ERROR C141 IN LINE 56 OF C:\Keil\C51\Inc\Cygnal\C8051F580.h: syntax error near '0x8E', expected 'bit'
*** ERROR C141 IN LINE 57 OF C:\Keil\C51\Inc\Cygnal\C8051F580.h: syntax error near '0x8F', expected 'bit'
*** ERROR C141 IN LINE 58 OF C:\Keil\C51\Inc\Cygnal\C8051F580.h: syntax error near '0x8F', expected 'bit'
*** ERROR C141 IN LINE 59 OF C:\Keil\C51\Inc\Cygnal\C8051F580.h: syntax error near '0x90', expected 'bit'
*** ERROR C141 IN LINE 60 OF C:\Keil\C51\Inc\Cygnal\C8051F580.h: syntax error near '0x91', expected 'bit'
*** ERROR C141 IN LINE 61 OF C:\Keil\C51\Inc\Cygnal\C8051F580.h: syntax error near '0x91', expected 'bit'
*** ERROR C141 IN LINE 62 OF C:\Keil\C51\Inc\Cygnal\C8051F580.h: syntax error near '0x92', expected 'bit'
*** ERROR C141 IN LINE 63 OF C:\Keil\C51\Inc\Cygnal\C8051F580.h: syntax error near '0x92', expected 'bit'
*** ERROR C141 IN LINE 64 OF C:\Keil\C51\Inc\Cygnal\C8051F580.h: syntax error near '0x93', expected 'bit'
*** ERROR C141 IN LINE 65 OF C:\Keil\C51\Inc\Cygnal\C8051F580.h: syntax error near '0x93', expected 'bit'
*** ERROR C141 IN LINE 66 OF C:\Keil\C51\Inc\Cygnal\C8051F580.h: syntax error near '0x94', expected 'bit'
*** ERROR C141 IN LINE 67 OF C:\Keil\C51\Inc\Cygnal\C8051F580.h: syntax error near '0x94', expected 'bit'
*** ERROR C141 IN LINE 68 OF C:\Keil\C51\Inc\Cygnal\C8051F580.h: syntax error near '0x95', expected 'bit'
*** ERROR C141 IN LINE 69 OF C:\Keil\C51\Inc\Cygnal\C8051F580.h: syntax error near '0x95', expected 'bit'
*** ERROR C141 IN LINE 70 OF C:\Keil\C51\Inc\Cygnal\C8051F580.h: syntax error near '0x96', expected 'bit'
*** ERROR C141 IN LINE 71 OF C:\Keil\C51\Inc\Cygnal\C8051F580.h: syntax error near '0x97', expected 'bit'
*** ERROR C141 IN LINE 72 OF C:\Keil\C51\Inc\Cygnal\C8051F580.h: syntax error near '0x98', expected 'bit'
*** ERROR C141 IN LINE 73 OF C:\Keil\C51\Inc\Cygnal\C8051F580.h: syntax error near '0x98', expected 'bit'
*** ERROR C141 IN LINE 74 OF C:\Keil\C51\Inc\Cygnal\C8051F580.h: syntax error near '0x99', expected 'bit'
*** ERROR C141 IN LINE 75 OF C:\Keil\C51\Inc\Cygnal\C8051F580.h: syntax error near '0x99', expected 'bit'
*** ERROR C141 IN LINE 76 OF C:\Keil\C51\Inc\Cygnal\C8051F580.h: syntax error near '0x9A', expected 'bit'
*** ERROR C141 IN LINE 77 OF C:\Keil\C51\Inc\Cygnal\C8051F580.h: syntax error near '0x9A', expected 'bit'
*** ERROR C141 IN LINE 78 OF C:\Keil\C51\Inc\Cygnal\C8051F580.h: syntax error near '0x9B', expected 'bit'
*** ERROR C141 IN LINE 79 OF C:\Keil\C51\Inc\Cygnal\C8051F580.h: syntax error near '0x9B', expected 'bit'
*** ERROR C141 IN LINE 80 OF C:\Keil\C51\Inc\Cygnal\C8051F580.h: syntax error near '0x9C', expected 'bit'
*** ERROR C141 IN LINE 81 OF C:\Keil\C51\Inc\Cygnal\C8051F580.h: syntax error near '0x9C', expected 'bit'
*** ERROR C141 IN LINE 82 OF C:\Keil\C51\Inc\Cygnal\C8051F580.h: syntax error near '0x9D', expected 'bit'
*** ERROR C141 IN LINE 83 OF C:\Keil\C51\Inc\Cygnal\C8051F580.h: syntax error near '0x9E', expected 'bit'
*** ERROR C141 IN LINE 84 OF C:\Keil\C51\Inc\Cygnal\C8051F580.h: syntax error near '0x9E', expected 'bit'
*** ERROR C141 IN LINE 85 OF C:\Keil\C51\Inc\Cygnal\C8051F580.h: syntax error near '0x9F', expected 'bit'
*** ERROR C141 IN LINE 86 OF C:\Keil\C51\Inc\Cygnal\C8051F580.h: syntax error near '0x9F', expected 'bit'
*** ERROR C141 IN LINE 87 OF C:\Keil\C51\Inc\Cygnal\C8051F580.h: syntax error near '0xA0', expected 'bit'
*** ERROR C141 IN LINE 88 OF C:\Keil\C51\Inc\Cygnal\C8051F580.h: syntax error near '0xA1', expected 'bit'
*** ERROR C141 IN LINE 89 OF C:\Keil\C51\Inc\Cygnal\C8051F580.h: syntax error near '0xA1', expected 'bit'
*** ERROR C141 IN LINE 90 OF C:\Keil\C51\Inc\Cygnal\C8051F580.h: syntax error near '0xA2', expected 'bit'
*** ERROR C141 IN LINE 91 OF C:\Keil\C51\Inc\Cygnal\C8051F580.h: syntax error near '0xA2', expected 'bit'
*** ERROR C141 IN LINE 92 OF C:\Keil\C51\Inc\Cygnal\C8051F580.h: syntax error near '0xA3', expected 'bit'
*** ERROR C141 IN LINE 93 OF C:\Keil\C51\Inc\Cygnal\C8051F580.h: syntax error near '0xA4', expected 'bit'
*** ERROR C141 IN LINE 94 OF C:\Keil\C51\Inc\Cygnal\C8051F580.h: syntax error near '0xA5', expected 'bit'
C51 COMPILER V9.60.7.0   MAIN                                                              06/28/2024 16:42:17 PAGE 2   

*** ERROR C141 IN LINE 95 OF C:\Keil\C51\Inc\Cygnal\C8051F580.h: syntax error near '0xA6', expected 'bit'
*** ERROR C141 IN LINE 96 OF C:\Keil\C51\Inc\Cygnal\C8051F580.h: syntax error near '0xA7', expected 'bit'
*** ERROR C141 IN LINE 97 OF C:\Keil\C51\Inc\Cygnal\C8051F580.h: syntax error near '0xA8', expected 'bit'
*** ERROR C141 IN LINE 98 OF C:\Keil\C51\Inc\Cygnal\C8051F580.h: syntax error near '0xA9', expected 'bit'
*** ERROR C141 IN LINE 99 OF C:\Keil\C51\Inc\Cygnal\C8051F580.h: syntax error near '0xAA', expected 'bit'
*** ERROR C141 IN LINE 100 OF C:\Keil\C51\Inc\Cygnal\C8051F580.h: syntax error near '0xAA', expected 'bit'
*** ERROR C141 IN LINE 101 OF C:\Keil\C51\Inc\Cygnal\C8051F580.h: syntax error near '0xAB', expected 'bit'
*** ERROR C141 IN LINE 102 OF C:\Keil\C51\Inc\Cygnal\C8051F580.h: syntax error near '0xAC', expected 'bit'
*** ERROR C141 IN LINE 103 OF C:\Keil\C51\Inc\Cygnal\C8051F580.h: syntax error near '0xAD', expected 'bit'
*** ERROR C141 IN LINE 104 OF C:\Keil\C51\Inc\Cygnal\C8051F580.h: syntax error near '0xAE', expected 'bit'
*** ERROR C141 IN LINE 105 OF C:\Keil\C51\Inc\Cygnal\C8051F580.h: syntax error near '0xAE', expected 'bit'
*** ERROR C141 IN LINE 106 OF C:\Keil\C51\Inc\Cygnal\C8051F580.h: syntax error near '0xAF', expected 'bit'
*** ERROR C141 IN LINE 107 OF C:\Keil\C51\Inc\Cygnal\C8051F580.h: syntax error near '0xAF', expected 'bit'
*** ERROR C141 IN LINE 108 OF C:\Keil\C51\Inc\Cygnal\C8051F580.h: syntax error near '0xB0', expected 'bit'
*** ERROR C141 IN LINE 109 OF C:\Keil\C51\Inc\Cygnal\C8051F580.h: syntax error near '0xB1', expected 'bit'
*** ERROR C141 IN LINE 110 OF C:\Keil\C51\Inc\Cygnal\C8051F580.h: syntax error near '0xB2', expected 'bit'
*** ERROR C141 IN LINE 111 OF C:\Keil\C51\Inc\Cygnal\C8051F580.h: syntax error near '0xB2', expected 'bit'
*** ERROR C141 IN LINE 112 OF C:\Keil\C51\Inc\Cygnal\C8051F580.h: syntax error near '0xB5', expected 'bit'
*** ERROR C141 IN LINE 113 OF C:\Keil\C51\Inc\Cygnal\C8051F580.h: syntax error near '0xB6', expected 'bit'
*** ERROR C141 IN LINE 114 OF C:\Keil\C51\Inc\Cygnal\C8051F580.h: syntax error near '0xB7', expected 'bit'
*** ERROR C141 IN LINE 115 OF C:\Keil\C51\Inc\Cygnal\C8051F580.h: syntax error near '0xB8', expected 'bit'
*** ERROR C141 IN LINE 116 OF C:\Keil\C51\Inc\Cygnal\C8051F580.h: syntax error near '0xB9', expected 'bit'
*** ERROR C141 IN LINE 117 OF C:\Keil\C51\Inc\Cygnal\C8051F580.h: syntax error near '0xBA', expected 'bit'
*** ERROR C141 IN LINE 118 OF C:\Keil\C51\Inc\Cygnal\C8051F580.h: syntax error near '0xBA', expected 'bit'
*** ERROR C141 IN LINE 119 OF C:\Keil\C51\Inc\Cygnal\C8051F580.h: syntax error near '0xBB', expected 'bit'
*** ERROR C141 IN LINE 120 OF C:\Keil\C51\Inc\Cygnal\C8051F580.h: syntax error near '0xBC', expected 'bit'
*** ERROR C141 IN LINE 121 OF C:\Keil\C51\Inc\Cygnal\C8051F580.h: syntax error near '0xBD', expected 'bit'
*** ERROR C141 IN LINE 122 OF C:\Keil\C51\Inc\Cygnal\C8051F580.h: syntax error near '0xBE', expected 'bit'
*** ERROR C141 IN LINE 123 OF C:\Keil\C51\Inc\Cygnal\C8051F580.h: syntax error near '0xC0', expected 'bit'
*** ERROR C141 IN LINE 124 OF C:\Keil\C51\Inc\Cygnal\C8051F580.h: syntax error near '0xC1', expected 'bit'
*** ERROR C141 IN LINE 125 OF C:\Keil\C51\Inc\Cygnal\C8051F580.h: syntax error near '0xC2', expected 'bit'
*** ERROR C141 IN LINE 126 OF C:\Keil\C51\Inc\Cygnal\C8051F580.h: syntax error near '0xC3', expected 'bit'
*** ERROR C141 IN LINE 127 OF C:\Keil\C51\Inc\Cygnal\C8051F580.h: syntax error near '0xC4', expected 'bit'
*** ERROR C141 IN LINE 128 OF C:\Keil\C51\Inc\Cygnal\C8051F580.h: syntax error near '0xC5', expected 'bit'
*** ERROR C141 IN LINE 129 OF C:\Keil\C51\Inc\Cygnal\C8051F580.h: syntax error near '0xC6', expected 'bit'
*** ERROR C141 IN LINE 130 OF C:\Keil\C51\Inc\Cygnal\C8051F580.h: syntax error near '0xC6', expected 'bit'
*** ERROR C141 IN LINE 131 OF C:\Keil\C51\Inc\Cygnal\C8051F580.h: syntax error near '0xC7', expected 'bit'
*** ERROR C141 IN LINE 132 OF C:\Keil\C51\Inc\Cygnal\C8051F580.h: syntax error near '0xC8', expected 'bit'
*** ERROR C141 IN LINE 133 OF C:\Keil\C51\Inc\Cygnal\C8051F580.h: syntax error near '0xC8', expected 'bit'
*** ERROR C141 IN LINE 134 OF C:\Keil\C51\Inc\Cygnal\C8051F580.h: syntax error near '0xC9', expected 'bit'
*** ERROR C141 IN LINE 135 OF C:\Keil\C51\Inc\Cygnal\C8051F580.h: syntax error near '0xC9', expected 'bit'
*** ERROR C141 IN LINE 136 OF C:\Keil\C51\Inc\Cygnal\C8051F580.h: syntax error near '0xC9', expected 'bit'
*** ERROR C141 IN LINE 137 OF C:\Keil\C51\Inc\Cygnal\C8051F580.h: syntax error near '0xCA', expected 'bit'
*** ERROR C141 IN LINE 138 OF C:\Keil\C51\Inc\Cygnal\C8051F580.h: syntax error near '0xCA', expected 'bit'
*** ERROR C141 IN LINE 139 OF C:\Keil\C51\Inc\Cygnal\C8051F580.h: syntax error near '0xCB', expected 'bit'
*** ERROR C141 IN LINE 140 OF C:\Keil\C51\Inc\Cygnal\C8051F580.h: syntax error near '0xCB', expected 'bit'
*** ERROR C141 IN LINE 141 OF C:\Keil\C51\Inc\Cygnal\C8051F580.h: syntax error near '0xCC', expected 'bit'
*** ERROR C141 IN LINE 142 OF C:\Keil\C51\Inc\Cygnal\C8051F580.h: syntax error near '0xCC', expected 'bit'
*** ERROR C141 IN LINE 143 OF C:\Keil\C51\Inc\Cygnal\C8051F580.h: syntax error near '0xCD', expected 'bit'
*** ERROR C141 IN LINE 144 OF C:\Keil\C51\Inc\Cygnal\C8051F580.h: syntax error near '0xCD', expected 'bit'
*** ERROR C141 IN LINE 145 OF C:\Keil\C51\Inc\Cygnal\C8051F580.h: syntax error near '0xCE', expected 'bit'
*** ERROR C141 IN LINE 146 OF C:\Keil\C51\Inc\Cygnal\C8051F580.h: syntax error near '0xCE', expected 'bit'
*** ERROR C141 IN LINE 147 OF C:\Keil\C51\Inc\Cygnal\C8051F580.h: syntax error near '0xCF', expected 'bit'
*** ERROR C141 IN LINE 148 OF C:\Keil\C51\Inc\Cygnal\C8051F580.h: syntax error near '0xCF', expected 'bit'
*** ERROR C141 IN LINE 149 OF C:\Keil\C51\Inc\Cygnal\C8051F580.h: syntax error near '0xD0', expected 'bit'
*** ERROR C141 IN LINE 150 OF C:\Keil\C51\Inc\Cygnal\C8051F580.h: syntax error near '0xD1', expected 'bit'
*** ERROR C141 IN LINE 151 OF C:\Keil\C51\Inc\Cygnal\C8051F580.h: syntax error near '0xD2', expected 'bit'
*** ERROR C141 IN LINE 152 OF C:\Keil\C51\Inc\Cygnal\C8051F580.h: syntax error near '0xD3', expected 'bit'
*** ERROR C141 IN LINE 153 OF C:\Keil\C51\Inc\Cygnal\C8051F580.h: syntax error near '0xD4', expected 'bit'
*** ERROR C141 IN LINE 154 OF C:\Keil\C51\Inc\Cygnal\C8051F580.h: syntax error near '0xD5', expected 'bit'
*** ERROR C141 IN LINE 155 OF C:\Keil\C51\Inc\Cygnal\C8051F580.h: syntax error near '0xD6', expected 'bit'
*** ERROR C141 IN LINE 156 OF C:\Keil\C51\Inc\Cygnal\C8051F580.h: syntax error near '0xD7', expected 'bit'
C51 COMPILER V9.60.7.0   MAIN                                                              06/28/2024 16:42:17 PAGE 3   

*** ERROR C141 IN LINE 157 OF C:\Keil\C51\Inc\Cygnal\C8051F580.h: syntax error near '0xD8', expected 'bit'
*** ERROR C141 IN LINE 158 OF C:\Keil\C51\Inc\Cygnal\C8051F580.h: syntax error near '0xD8', expected 'bit'
*** ERROR C141 IN LINE 159 OF C:\Keil\C51\Inc\Cygnal\C8051F580.h: syntax error near '0xD9', expected 'bit'
*** ERROR C141 IN LINE 160 OF C:\Keil\C51\Inc\Cygnal\C8051F580.h: syntax error near '0xD9', expected 'bit'
*** ERROR C141 IN LINE 161 OF C:\Keil\C51\Inc\Cygnal\C8051F580.h: syntax error near '0xD9', expected 'bit'
*** ERROR C141 IN LINE 162 OF C:\Keil\C51\Inc\Cygnal\C8051F580.h: syntax error near '0xDA', expected 'bit'
*** ERROR C141 IN LINE 163 OF C:\Keil\C51\Inc\Cygnal\C8051F580.h: syntax error near '0xDA', expected 'bit'
*** ERROR C141 IN LINE 164 OF C:\Keil\C51\Inc\Cygnal\C8051F580.h: syntax error near '0xDA', expected 'bit'
*** ERROR C141 IN LINE 165 OF C:\Keil\C51\Inc\Cygnal\C8051F580.h: syntax error near '0xDB', expected 'bit'
*** ERROR C141 IN LINE 166 OF C:\Keil\C51\Inc\Cygnal\C8051F580.h: syntax error near '0xDB', expected 'bit'
*** ERROR C141 IN LINE 167 OF C:\Keil\C51\Inc\Cygnal\C8051F580.h: syntax error near '0xDC', expected 'bit'
*** ERROR C141 IN LINE 168 OF C:\Keil\C51\Inc\Cygnal\C8051F580.h: syntax error near '0xDC', expected 'bit'
*** ERROR C141 IN LINE 169 OF C:\Keil\C51\Inc\Cygnal\C8051F580.h: syntax error near '0xDD', expected 'bit'
*** ERROR C141 IN LINE 170 OF C:\Keil\C51\Inc\Cygnal\C8051F580.h: syntax error near '0xDD', expected 'bit'
*** ERROR C141 IN LINE 171 OF C:\Keil\C51\Inc\Cygnal\C8051F580.h: syntax error near '0xDE', expected 'bit'
*** ERROR C141 IN LINE 172 OF C:\Keil\C51\Inc\Cygnal\C8051F580.h: syntax error near '0xDE', expected 'bit'
*** ERROR C141 IN LINE 173 OF C:\Keil\C51\Inc\Cygnal\C8051F580.h: syntax error near '0xDF', expected 'bit'
*** ERROR C141 IN LINE 174 OF C:\Keil\C51\Inc\Cygnal\C8051F580.h: syntax error near '0xDF', expected 'bit'
*** ERROR C141 IN LINE 175 OF C:\Keil\C51\Inc\Cygnal\C8051F580.h: syntax error near '0xE0', expected 'bit'
*** ERROR C141 IN LINE 176 OF C:\Keil\C51\Inc\Cygnal\C8051F580.h: syntax error near '0xE1', expected 'bit'
*** ERROR C141 IN LINE 177 OF C:\Keil\C51\Inc\Cygnal\C8051F580.h: syntax error near '0xE2', expected 'bit'
*** ERROR C141 IN LINE 178 OF C:\Keil\C51\Inc\Cygnal\C8051F580.h: syntax error near '0xE3', expected 'bit'
*** ERROR C141 IN LINE 179 OF C:\Keil\C51\Inc\Cygnal\C8051F580.h: syntax error near '0xE4', expected 'bit'
*** ERROR C141 IN LINE 180 OF C:\Keil\C51\Inc\Cygnal\C8051F580.h: syntax error near '0xE6', expected 'bit'
*** ERROR C141 IN LINE 181 OF C:\Keil\C51\Inc\Cygnal\C8051F580.h: syntax error near '0xE7', expected 'bit'
*** ERROR C141 IN LINE 182 OF C:\Keil\C51\Inc\Cygnal\C8051F580.h: syntax error near '0xE8', expected 'bit'
*** ERROR C141 IN LINE 183 OF C:\Keil\C51\Inc\Cygnal\C8051F580.h: syntax error near '0xE9', expected 'bit'
*** ERROR C141 IN LINE 184 OF C:\Keil\C51\Inc\Cygnal\C8051F580.h: syntax error near '0xE9', expected 'bit'
*** ERROR C141 IN LINE 185 OF C:\Keil\C51\Inc\Cygnal\C8051F580.h: syntax error near '0xEA', expected 'bit'
*** ERROR C141 IN LINE 186 OF C:\Keil\C51\Inc\Cygnal\C8051F580.h: syntax error near '0xEA', expected 'bit'
*** ERROR C141 IN LINE 187 OF C:\Keil\C51\Inc\Cygnal\C8051F580.h: syntax error near '0xEB', expected 'bit'
*** ERROR C141 IN LINE 188 OF C:\Keil\C51\Inc\Cygnal\C8051F580.h: syntax error near '0xEB', expected 'bit'
*** ERROR C141 IN LINE 189 OF C:\Keil\C51\Inc\Cygnal\C8051F580.h: syntax error near '0xEC', expected 'bit'
*** ERROR C141 IN LINE 190 OF C:\Keil\C51\Inc\Cygnal\C8051F580.h: syntax error near '0xEC', expected 'bit'
*** ERROR C141 IN LINE 191 OF C:\Keil\C51\Inc\Cygnal\C8051F580.h: syntax error near '0xED', expected 'bit'
*** ERROR C141 IN LINE 192 OF C:\Keil\C51\Inc\Cygnal\C8051F580.h: syntax error near '0xED', expected 'bit'
*** ERROR C141 IN LINE 193 OF C:\Keil\C51\Inc\Cygnal\C8051F580.h: syntax error near '0xEE', expected 'bit'
*** ERROR C141 IN LINE 194 OF C:\Keil\C51\Inc\Cygnal\C8051F580.h: syntax error near '0xEE', expected 'bit'
*** ERROR C141 IN LINE 195 OF C:\Keil\C51\Inc\Cygnal\C8051F580.h: syntax error near '0xEF', expected 'bit'
*** ERROR C141 IN LINE 196 OF C:\Keil\C51\Inc\Cygnal\C8051F580.h: syntax error near '0xF0', expected 'bit'
*** ERROR C141 IN LINE 197 OF C:\Keil\C51\Inc\Cygnal\C8051F580.h: syntax error near '0xF1', expected 'bit'
*** ERROR C141 IN LINE 198 OF C:\Keil\C51\Inc\Cygnal\C8051F580.h: syntax error near '0xF1', expected 'bit'
*** ERROR C141 IN LINE 199 OF C:\Keil\C51\Inc\Cygnal\C8051F580.h: syntax error near '0xF2', expected 'bit'
*** ERROR C141 IN LINE 200 OF C:\Keil\C51\Inc\Cygnal\C8051F580.h: syntax error near '0xF2', expected 'bit'
*** ERROR C141 IN LINE 201 OF C:\Keil\C51\Inc\Cygnal\C8051F580.h: syntax error near '0xF3', expected 'bit'
*** ERROR C141 IN LINE 202 OF C:\Keil\C51\Inc\Cygnal\C8051F580.h: syntax error near '0xF3', expected 'bit'
*** ERROR C141 IN LINE 203 OF C:\Keil\C51\Inc\Cygnal\C8051F580.h: syntax error near '0xF4', expected 'bit'
*** ERROR C141 IN LINE 204 OF C:\Keil\C51\Inc\Cygnal\C8051F580.h: syntax error near '0xF4', expected 'bit'
*** ERROR C141 IN LINE 205 OF C:\Keil\C51\Inc\Cygnal\C8051F580.h: syntax error near '0xF5', expected 'bit'
*** ERROR C141 IN LINE 206 OF C:\Keil\C51\Inc\Cygnal\C8051F580.h: syntax error near '0xF6', expected 'bit'
*** ERROR C141 IN LINE 207 OF C:\Keil\C51\Inc\Cygnal\C8051F580.h: syntax error near '0xF7', expected 'bit'
*** ERROR C141 IN LINE 208 OF C:\Keil\C51\Inc\Cygnal\C8051F580.h: syntax error near '0xF8', expected 'bit'
*** ERROR C141 IN LINE 209 OF C:\Keil\C51\Inc\Cygnal\C8051F580.h: syntax error near '0xF9', expected 'bit'
*** ERROR C141 IN LINE 210 OF C:\Keil\C51\Inc\Cygnal\C8051F580.h: syntax error near '0xF9', expected 'bit'
*** ERROR C141 IN LINE 211 OF C:\Keil\C51\Inc\Cygnal\C8051F580.h: syntax error near '0xF9', expected 'bit'
*** ERROR C141 IN LINE 212 OF C:\Keil\C51\Inc\Cygnal\C8051F580.h: syntax error near '0xFA', expected 'bit'
*** ERROR C141 IN LINE 213 OF C:\Keil\C51\Inc\Cygnal\C8051F580.h: syntax error near '0xFA', expected 'bit'
*** ERROR C141 IN LINE 214 OF C:\Keil\C51\Inc\Cygnal\C8051F580.h: syntax error near '0xFA', expected 'bit'
*** ERROR C141 IN LINE 215 OF C:\Keil\C51\Inc\Cygnal\C8051F580.h: syntax error near '0xFB', expected 'bit'
*** ERROR C141 IN LINE 216 OF C:\Keil\C51\Inc\Cygnal\C8051F580.h: syntax error near '0xFB', expected 'bit'
*** ERROR C141 IN LINE 217 OF C:\Keil\C51\Inc\Cygnal\C8051F580.h: syntax error near '0xFB', expected 'bit'
*** ERROR C141 IN LINE 218 OF C:\Keil\C51\Inc\Cygnal\C8051F580.h: syntax error near '0xFC', expected 'bit'
C51 COMPILER V9.60.7.0   MAIN                                                              06/28/2024 16:42:17 PAGE 4   

*** ERROR C141 IN LINE 219 OF C:\Keil\C51\Inc\Cygnal\C8051F580.h: syntax error near '0xFC', expected 'bit'
*** ERROR C141 IN LINE 220 OF C:\Keil\C51\Inc\Cygnal\C8051F580.h: syntax error near '0xFC', expected 'bit'
*** ERROR C141 IN LINE 221 OF C:\Keil\C51\Inc\Cygnal\C8051F580.h: syntax error near '0xFD', expected 'bit'
*** ERROR C141 IN LINE 222 OF C:\Keil\C51\Inc\Cygnal\C8051F580.h: syntax error near '0xFD', expected 'bit'
*** ERROR C141 IN LINE 223 OF C:\Keil\C51\Inc\Cygnal\C8051F580.h: syntax error near '0xFE', expected 'bit'
*** ERROR C141 IN LINE 224 OF C:\Keil\C51\Inc\Cygnal\C8051F580.h: syntax error near '0xFE', expected 'bit'
*** ERROR C141 IN LINE 225 OF C:\Keil\C51\Inc\Cygnal\C8051F580.h: syntax error near '0xFF', expected 'bit'
*** ERROR C141 IN LINE 231 OF C:\Keil\C51\Inc\Cygnal\C8051F580.h: syntax error near '0x92', expected 'bit'
*** ERROR C141 IN LINE 232 OF C:\Keil\C51\Inc\Cygnal\C8051F580.h: syntax error near '0x94', expected 'bit'
*** ERROR C141 IN LINE 233 OF C:\Keil\C51\Inc\Cygnal\C8051F580.h: syntax error near '0x96', expected 'bit'
*** ERROR C141 IN LINE 234 OF C:\Keil\C51\Inc\Cygnal\C8051F580.h: syntax error near '0x97', expected 'bit'
*** ERROR C141 IN LINE 235 OF C:\Keil\C51\Inc\Cygnal\C8051F580.h: syntax error near '0x9A', expected 'bit'
*** ERROR C141 IN LINE 236 OF C:\Keil\C51\Inc\Cygnal\C8051F580.h: syntax error near '0x9B', expected 'bit'
*** ERROR C141 IN LINE 237 OF C:\Keil\C51\Inc\Cygnal\C8051F580.h: syntax error near '0x9C', expected 'bit'
*** ERROR C141 IN LINE 238 OF C:\Keil\C51\Inc\Cygnal\C8051F580.h: syntax error near '0x9D', expected 'bit'
*** ERROR C141 IN LINE 239 OF C:\Keil\C51\Inc\Cygnal\C8051F580.h: syntax error near '0x9E', expected 'bit'
*** ERROR C141 IN LINE 240 OF C:\Keil\C51\Inc\Cygnal\C8051F580.h: syntax error near '0xA1', expected 'bit'
*** ERROR C141 IN LINE 241 OF C:\Keil\C51\Inc\Cygnal\C8051F580.h: syntax error near '0xA2', expected 'bit'
*** ERROR C141 IN LINE 242 OF C:\Keil\C51\Inc\Cygnal\C8051F580.h: syntax error near '0xA3', expected 'bit'
*** ERROR C141 IN LINE 243 OF C:\Keil\C51\Inc\Cygnal\C8051F580.h: syntax error near '0xA4', expected 'bit'
*** ERROR C141 IN LINE 244 OF C:\Keil\C51\Inc\Cygnal\C8051F580.h: syntax error near '0xA5', expected 'bit'
*** ERROR C141 IN LINE 245 OF C:\Keil\C51\Inc\Cygnal\C8051F580.h: syntax error near '0xAA', expected 'bit'
*** ERROR C141 IN LINE 246 OF C:\Keil\C51\Inc\Cygnal\C8051F580.h: syntax error near '0xAB', expected 'bit'
*** ERROR C141 IN LINE 247 OF C:\Keil\C51\Inc\Cygnal\C8051F580.h: syntax error near '0xAC', expected 'bit'
*** ERROR C141 IN LINE 248 OF C:\Keil\C51\Inc\Cygnal\C8051F580.h: syntax error near '0xAD', expected 'bit'
*** ERROR C141 IN LINE 249 OF C:\Keil\C51\Inc\Cygnal\C8051F580.h: syntax error near '0xAE', expected 'bit'
*** ERROR C141 IN LINE 250 OF C:\Keil\C51\Inc\Cygnal\C8051F580.h: syntax error near '0xAF', expected 'bit'
*** ERROR C141 IN LINE 251 OF C:\Keil\C51\Inc\Cygnal\C8051F580.h: syntax error near '0xB2', expected 'bit'
*** ERROR C141 IN LINE 252 OF C:\Keil\C51\Inc\Cygnal\C8051F580.h: syntax error near '0xB3', expected 'bit'
*** ERROR C141 IN LINE 253 OF C:\Keil\C51\Inc\Cygnal\C8051F580.h: syntax error near '0xBA', expected 'bit'
*** ERROR C141 IN LINE 254 OF C:\Keil\C51\Inc\Cygnal\C8051F580.h: syntax error near '0xBB', expected 'bit'
*** ERROR C141 IN LINE 255 OF C:\Keil\C51\Inc\Cygnal\C8051F580.h: syntax error near '0xBC', expected 'bit'
*** ERROR C141 IN LINE 256 OF C:\Keil\C51\Inc\Cygnal\C8051F580.h: syntax error near '0xBD', expected 'bit'
*** ERROR C141 IN LINE 257 OF C:\Keil\C51\Inc\Cygnal\C8051F580.h: syntax error near '0xBE', expected 'bit'
*** ERROR C141 IN LINE 258 OF C:\Keil\C51\Inc\Cygnal\C8051F580.h: syntax error near '0xBF', expected 'bit'
*** ERROR C141 IN LINE 259 OF C:\Keil\C51\Inc\Cygnal\C8051F580.h: syntax error near '0xC0', expected 'bit'
*** ERROR C141 IN LINE 260 OF C:\Keil\C51\Inc\Cygnal\C8051F580.h: syntax error near '0xC2', expected 'bit'
*** ERROR C141 IN LINE 261 OF C:\Keil\C51\Inc\Cygnal\C8051F580.h: syntax error near '0xC3', expected 'bit'
*** ERROR C141 IN LINE 262 OF C:\Keil\C51\Inc\Cygnal\C8051F580.h: syntax error near '0xC4', expected 'bit'
*** ERROR C141 IN LINE 263 OF C:\Keil\C51\Inc\Cygnal\C8051F580.h: syntax error near '0xC5', expected 'bit'
*** ERROR C141 IN LINE 264 OF C:\Keil\C51\Inc\Cygnal\C8051F580.h: syntax error near '0xC6', expected 'bit'
*** ERROR C141 IN LINE 265 OF C:\Keil\C51\Inc\Cygnal\C8051F580.h: syntax error near '0xC7', expected 'bit'
*** ERROR C141 IN LINE 266 OF C:\Keil\C51\Inc\Cygnal\C8051F580.h: syntax error near '0xCA', expected 'bit'
*** ERROR C141 IN LINE 267 OF C:\Keil\C51\Inc\Cygnal\C8051F580.h: syntax error near '0xCB', expected 'bit'
*** ERROR C141 IN LINE 268 OF C:\Keil\C51\Inc\Cygnal\C8051F580.h: syntax error near '0xCC', expected 'bit'
*** ERROR C141 IN LINE 269 OF C:\Keil\C51\Inc\Cygnal\C8051F580.h: syntax error near '0xCD', expected 'bit'
*** ERROR C141 IN LINE 270 OF C:\Keil\C51\Inc\Cygnal\C8051F580.h: syntax error near '0xCE', expected 'bit'
*** ERROR C141 IN LINE 271 OF C:\Keil\C51\Inc\Cygnal\C8051F580.h: syntax error near '0xCF', expected 'bit'
*** ERROR C141 IN LINE 272 OF C:\Keil\C51\Inc\Cygnal\C8051F580.h: syntax error near '0xD2', expected 'bit'
*** ERROR C141 IN LINE 273 OF C:\Keil\C51\Inc\Cygnal\C8051F580.h: syntax error near '0xD3', expected 'bit'
*** ERROR C141 IN LINE 274 OF C:\Keil\C51\Inc\Cygnal\C8051F580.h: syntax error near '0xD4', expected 'bit'
*** ERROR C141 IN LINE 275 OF C:\Keil\C51\Inc\Cygnal\C8051F580.h: syntax error near '0xD5', expected 'bit'
*** ERROR C141 IN LINE 276 OF C:\Keil\C51\Inc\Cygnal\C8051F580.h: syntax error near '0xD6', expected 'bit'
*** ERROR C141 IN LINE 277 OF C:\Keil\C51\Inc\Cygnal\C8051F580.h: syntax error near '0xD7', expected 'bit'
*** ERROR C141 IN LINE 278 OF C:\Keil\C51\Inc\Cygnal\C8051F580.h: syntax error near '0xDA', expected 'bit'
*** ERROR C141 IN LINE 279 OF C:\Keil\C51\Inc\Cygnal\C8051F580.h: syntax error near '0xDB', expected 'bit'
*** ERROR C141 IN LINE 280 OF C:\Keil\C51\Inc\Cygnal\C8051F580.h: syntax error near '0xDC', expected 'bit'
*** ERROR C141 IN LINE 281 OF C:\Keil\C51\Inc\Cygnal\C8051F580.h: syntax error near '0xDD', expected 'bit'
*** ERROR C141 IN LINE 282 OF C:\Keil\C51\Inc\Cygnal\C8051F580.h: syntax error near '0xDE', expected 'bit'
*** ERROR C141 IN LINE 283 OF C:\Keil\C51\Inc\Cygnal\C8051F580.h: syntax error near '0xDF', expected 'bit'
*** ERROR C141 IN LINE 284 OF C:\Keil\C51\Inc\Cygnal\C8051F580.h: syntax error near '0xE2', expected 'bit'
*** ERROR C141 IN LINE 285 OF C:\Keil\C51\Inc\Cygnal\C8051F580.h: syntax error near '0xE3', expected 'bit'
C51 COMPILER V9.60.7.0   MAIN                                                              06/28/2024 16:42:17 PAGE 5   

*** ERROR C141 IN LINE 286 OF C:\Keil\C51\Inc\Cygnal\C8051F580.h: syntax error near '0xEA', expected 'bit'
*** ERROR C141 IN LINE 287 OF C:\Keil\C51\Inc\Cygnal\C8051F580.h: syntax error near '0xEB', expected 'bit'
*** ERROR C141 IN LINE 288 OF C:\Keil\C51\Inc\Cygnal\C8051F580.h: syntax error near '0xEC', expected 'bit'
*** ERROR C141 IN LINE 289 OF C:\Keil\C51\Inc\Cygnal\C8051F580.h: syntax error near '0xED', expected 'bit'
*** ERROR C141 IN LINE 290 OF C:\Keil\C51\Inc\Cygnal\C8051F580.h: syntax error near '0xEE', expected 'bit'
*** ERROR C141 IN LINE 291 OF C:\Keil\C51\Inc\Cygnal\C8051F580.h: syntax error near '0xEF', expected 'bit'
*** ERROR C141 IN LINE 292 OF C:\Keil\C51\Inc\Cygnal\C8051F580.h: syntax error near '0xF2', expected 'bit'
*** ERROR C141 IN LINE 293 OF C:\Keil\C51\Inc\Cygnal\C8051F580.h: syntax error near '0xF3', expected 'bit'
*** ERROR C141 IN LINE 294 OF C:\Keil\C51\Inc\Cygnal\C8051F580.h: syntax error near '0xF6', expected 'bit'
*** ERROR C141 IN LINE 295 OF C:\Keil\C51\Inc\Cygnal\C8051F580.h: syntax error near '0xF7', expected 'bit'
*** ERROR C141 IN LINE 296 OF C:\Keil\C51\Inc\Cygnal\C8051F580.h: syntax error near '0xFA', expected 'bit'
*** ERROR C141 IN LINE 297 OF C:\Keil\C51\Inc\Cygnal\C8051F580.h: syntax error near '0xFB', expected 'bit'
*** ERROR C141 IN LINE 298 OF C:\Keil\C51\Inc\Cygnal\C8051F580.h: syntax error near '0xFC', expected 'bit'
*** ERROR C141 IN LINE 299 OF C:\Keil\C51\Inc\Cygnal\C8051F580.h: syntax error near '0xFD', expected 'bit'
*** ERROR C141 IN LINE 300 OF C:\Keil\C51\Inc\Cygnal\C8051F580.h: syntax error near '0xFE', expected 'bit'
*** ERROR C141 IN LINE 301 OF C:\Keil\C51\Inc\Cygnal\C8051F580.h: syntax error near '0xFF', expected 'bit'
*** ERROR C141 IN LINE 308 OF C:\Keil\C51\Inc\Cygnal\C8051F580.h: syntax error near '0x82', expected 'bit'
*** ERROR C141 IN LINE 309 OF C:\Keil\C51\Inc\Cygnal\C8051F580.h: syntax error near '0x92', expected 'bit'
*** ERROR C141 IN LINE 310 OF C:\Keil\C51\Inc\Cygnal\C8051F580.h: syntax error near '0x92', expected 'bit'
*** ERROR C141 IN LINE 311 OF C:\Keil\C51\Inc\Cygnal\C8051F580.h: syntax error near '0x94', expected 'bit'
*** ERROR C141 IN LINE 312 OF C:\Keil\C51\Inc\Cygnal\C8051F580.h: syntax error near '0x94', expected 'bit'
*** ERROR C141 IN LINE 313 OF C:\Keil\C51\Inc\Cygnal\C8051F580.h: syntax error near '0xAC', expected 'bit'
*** ERROR C141 IN LINE 314 OF C:\Keil\C51\Inc\Cygnal\C8051F580.h: syntax error near '0xBD', expected 'bit'
*** ERROR C141 IN LINE 315 OF C:\Keil\C51\Inc\Cygnal\C8051F580.h: syntax error near '0xC3', expected 'bit'
*** ERROR C141 IN LINE 316 OF C:\Keil\C51\Inc\Cygnal\C8051F580.h: syntax error near '0xC5', expected 'bit'
*** ERROR C141 IN LINE 317 OF C:\Keil\C51\Inc\Cygnal\C8051F580.h: syntax error near '0xCA', expected 'bit'
*** ERROR C141 IN LINE 318 OF C:\Keil\C51\Inc\Cygnal\C8051F580.h: syntax error near '0xCA', expected 'bit'
*** ERROR C141 IN LINE 319 OF C:\Keil\C51\Inc\Cygnal\C8051F580.h: syntax error near '0xCC', expected 'bit'
*** ERROR C141 IN LINE 320 OF C:\Keil\C51\Inc\Cygnal\C8051F580.h: syntax error near '0xCC', expected 'bit'
*** ERROR C141 IN LINE 321 OF C:\Keil\C51\Inc\Cygnal\C8051F580.h: syntax error near '0xCE', expected 'bit'
*** ERROR C141 IN LINE 322 OF C:\Keil\C51\Inc\Cygnal\C8051F580.h: syntax error near '0xCE', expected 'bit'
*** ERROR C141 IN LINE 323 OF C:\Keil\C51\Inc\Cygnal\C8051F580.h: syntax error near '0xE9', expected 'bit'
*** ERROR C141 IN LINE 324 OF C:\Keil\C51\Inc\Cygnal\C8051F580.h: syntax error near '0xE9', expected 'bit'
*** ERROR C141 IN LINE 325 OF C:\Keil\C51\Inc\Cygnal\C8051F580.h: syntax error near '0xEB', expected 'bit'
*** ERROR C141 IN LINE 326 OF C:\Keil\C51\Inc\Cygnal\C8051F580.h: syntax error near '0xEB', expected 'bit'
*** ERROR C141 IN LINE 327 OF C:\Keil\C51\Inc\Cygnal\C8051F580.h: syntax error near '0xED', expected 'bit'
*** ERROR C141 IN LINE 328 OF C:\Keil\C51\Inc\Cygnal\C8051F580.h: syntax error near '0xED', expected 'bit'
*** ERROR C141 IN LINE 329 OF C:\Keil\C51\Inc\Cygnal\C8051F580.h: syntax error near '0xF9', expected 'bit'
*** ERROR C141 IN LINE 330 OF C:\Keil\C51\Inc\Cygnal\C8051F580.h: syntax error near '0xF9', expected 'bit'
*** ERROR C141 IN LINE 331 OF C:\Keil\C51\Inc\Cygnal\C8051F580.h: syntax error near '0xFB', expected 'bit'
*** ERROR C141 IN LINE 332 OF C:\Keil\C51\Inc\Cygnal\C8051F580.h: syntax error near '0xFB', expected 'bit'
*** ERROR C141 IN LINE 333 OF C:\Keil\C51\Inc\Cygnal\C8051F580.h: syntax error near '0xFD', expected 'bit'
*** ERROR C141 IN LINE 334 OF C:\Keil\C51\Inc\Cygnal\C8051F580.h: syntax error near '0xFD', expected 'bit'
*** ERROR C141 IN LINE 336 OF C:\Keil\C51\Inc\Cygnal\C8051F580.h: syntax error near '0x96', expected 'bit'
*** ERROR C141 IN LINE 337 OF C:\Keil\C51\Inc\Cygnal\C8051F580.h: syntax error near '0x9A', expected 'bit'
*** ERROR C141 IN LINE 338 OF C:\Keil\C51\Inc\Cygnal\C8051F580.h: syntax error near '0x9C', expected 'bit'
*** ERROR C141 IN LINE 339 OF C:\Keil\C51\Inc\Cygnal\C8051F580.h: syntax error near '0xA2', expected 'bit'
*** ERROR C141 IN LINE 340 OF C:\Keil\C51\Inc\Cygnal\C8051F580.h: syntax error near '0xA4', expected 'bit'
*** ERROR C141 IN LINE 341 OF C:\Keil\C51\Inc\Cygnal\C8051F580.h: syntax error near '0xAA', expected 'bit'
*** ERROR C141 IN LINE 342 OF C:\Keil\C51\Inc\Cygnal\C8051F580.h: syntax error near '0xAC', expected 'bit'
*** ERROR C141 IN LINE 343 OF C:\Keil\C51\Inc\Cygnal\C8051F580.h: syntax error near '0xAE', expected 'bit'
*** ERROR C141 IN LINE 344 OF C:\Keil\C51\Inc\Cygnal\C8051F580.h: syntax error near '0xB2', expected 'bit'
*** ERROR C141 IN LINE 345 OF C:\Keil\C51\Inc\Cygnal\C8051F580.h: syntax error near '0xBA', expected 'bit'
*** ERROR C141 IN LINE 346 OF C:\Keil\C51\Inc\Cygnal\C8051F580.h: syntax error near '0xBC', expected 'bit'
*** ERROR C141 IN LINE 347 OF C:\Keil\C51\Inc\Cygnal\C8051F580.h: syntax error near '0xBE', expected 'bit'
*** ERROR C141 IN LINE 348 OF C:\Keil\C51\Inc\Cygnal\C8051F580.h: syntax error near '0xC2', expected 'bit'
*** ERROR C141 IN LINE 349 OF C:\Keil\C51\Inc\Cygnal\C8051F580.h: syntax error near '0xC4', expected 'bit'
*** ERROR C141 IN LINE 350 OF C:\Keil\C51\Inc\Cygnal\C8051F580.h: syntax error near '0xC6', expected 'bit'
*** ERROR C141 IN LINE 351 OF C:\Keil\C51\Inc\Cygnal\C8051F580.h: syntax error near '0xCA', expected 'bit'
*** ERROR C141 IN LINE 352 OF C:\Keil\C51\Inc\Cygnal\C8051F580.h: syntax error near '0xCC', expected 'bit'
*** ERROR C141 IN LINE 353 OF C:\Keil\C51\Inc\Cygnal\C8051F580.h: syntax error near '0xD2', expected 'bit'
*** ERROR C141 IN LINE 354 OF C:\Keil\C51\Inc\Cygnal\C8051F580.h: syntax error near '0xD4', expected 'bit'
C51 COMPILER V9.60.7.0   MAIN                                                              06/28/2024 16:42:17 PAGE 6   

*** ERROR C141 IN LINE 355 OF C:\Keil\C51\Inc\Cygnal\C8051F580.h: syntax error near '0xD6', expected 'bit'
*** ERROR C141 IN LINE 356 OF C:\Keil\C51\Inc\Cygnal\C8051F580.h: syntax error near '0xDA', expected 'bit'
*** ERROR C141 IN LINE 357 OF C:\Keil\C51\Inc\Cygnal\C8051F580.h: syntax error near '0xDC', expected 'bit'
*** ERROR C141 IN LINE 358 OF C:\Keil\C51\Inc\Cygnal\C8051F580.h: syntax error near '0xDE', expected 'bit'
*** ERROR C141 IN LINE 359 OF C:\Keil\C51\Inc\Cygnal\C8051F580.h: syntax error near '0xE2', expected 'bit'
*** ERROR C141 IN LINE 360 OF C:\Keil\C51\Inc\Cygnal\C8051F580.h: syntax error near '0xEA', expected 'bit'
*** ERROR C141 IN LINE 361 OF C:\Keil\C51\Inc\Cygnal\C8051F580.h: syntax error near '0xEC', expected 'bit'
*** ERROR C141 IN LINE 362 OF C:\Keil\C51\Inc\Cygnal\C8051F580.h: syntax error near '0xEE', expected 'bit'
*** ERROR C141 IN LINE 363 OF C:\Keil\C51\Inc\Cygnal\C8051F580.h: syntax error near '0xF2', expected 'bit'
*** ERROR C141 IN LINE 364 OF C:\Keil\C51\Inc\Cygnal\C8051F580.h: syntax error near '0xF4', expected 'bit'
*** ERROR C141 IN LINE 365 OF C:\Keil\C51\Inc\Cygnal\C8051F580.h: syntax error near '0xF6', expected 'bit'
*** ERROR C141 IN LINE 366 OF C:\Keil\C51\Inc\Cygnal\C8051F580.h: syntax error near '0xFA', expected 'bit'
*** ERROR C141 IN LINE 367 OF C:\Keil\C51\Inc\Cygnal\C8051F580.h: syntax error near '0xFC', expected 'bit'
*** ERROR C141 IN LINE 368 OF C:\Keil\C51\Inc\Cygnal\C8051F580.h: syntax error near '0xFE', expected 'bit'
*** ERROR C141 IN LINE 419 OF C:\Keil\C51\Inc\Cygnal\C8051F580.h: syntax error near '0x88', expected 'bit'
*** ERROR C141 IN LINE 420 OF C:\Keil\C51\Inc\Cygnal\C8051F580.h: syntax error near '0x88', expected 'bit'
*** ERROR C141 IN LINE 421 OF C:\Keil\C51\Inc\Cygnal\C8051F580.h: syntax error near '0x88', expected 'bit'
*** ERROR C141 IN LINE 422 OF C:\Keil\C51\Inc\Cygnal\C8051F580.h: syntax error near '0x88', expected 'bit'
*** ERROR C141 IN LINE 423 OF C:\Keil\C51\Inc\Cygnal\C8051F580.h: syntax error near '0x88', expected 'bit'
*** ERROR C141 IN LINE 424 OF C:\Keil\C51\Inc\Cygnal\C8051F580.h: syntax error near '0x88', expected 'bit'
*** ERROR C141 IN LINE 425 OF C:\Keil\C51\Inc\Cygnal\C8051F580.h: syntax error near '0x88', expected 'bit'
*** ERROR C141 IN LINE 426 OF C:\Keil\C51\Inc\Cygnal\C8051F580.h: syntax error near '0x88', expected 'bit'
*** ERROR C141 IN LINE 429 OF C:\Keil\C51\Inc\Cygnal\C8051F580.h: syntax error near '0x98', expected 'bit'
*** ERROR C141 IN LINE 431 OF C:\Keil\C51\Inc\Cygnal\C8051F580.h: syntax error near '0x98', expected 'bit'
*** ERROR C141 IN LINE 432 OF C:\Keil\C51\Inc\Cygnal\C8051F580.h: syntax error near '0x98', expected 'bit'
*** ERROR C141 IN LINE 433 OF C:\Keil\C51\Inc\Cygnal\C8051F580.h: syntax error near '0x98', expected 'bit'
*** ERROR C141 IN LINE 434 OF C:\Keil\C51\Inc\Cygnal\C8051F580.h: syntax error near '0x98', expected 'bit'
*** ERROR C141 IN LINE 435 OF C:\Keil\C51\Inc\Cygnal\C8051F580.h: syntax error near '0x98', expected 'bit'
*** ERROR C141 IN LINE 436 OF C:\Keil\C51\Inc\Cygnal\C8051F580.h: syntax error near '0x98', expected 'bit'
*** ERROR C141 IN LINE 439 OF C:\Keil\C51\Inc\Cygnal\C8051F580.h: syntax error near '0x98', expected 'bit'
*** ERROR C141 IN LINE 441 OF C:\Keil\C51\Inc\Cygnal\C8051F580.h: syntax error near '0x98', expected 'bit'
*** ERROR C141 IN LINE 442 OF C:\Keil\C51\Inc\Cygnal\C8051F580.h: syntax error near '0x98', expected 'bit'
*** ERROR C141 IN LINE 443 OF C:\Keil\C51\Inc\Cygnal\C8051F580.h: syntax error near '0x98', expected 'bit'
*** ERROR C141 IN LINE 444 OF C:\Keil\C51\Inc\Cygnal\C8051F580.h: syntax error near '0x98', expected 'bit'
*** ERROR C141 IN LINE 445 OF C:\Keil\C51\Inc\Cygnal\C8051F580.h: syntax error near '0x98', expected 'bit'
*** ERROR C141 IN LINE 446 OF C:\Keil\C51\Inc\Cygnal\C8051F580.h: syntax error near '0x98', expected 'bit'
*** ERROR C141 IN LINE 449 OF C:\Keil\C51\Inc\Cygnal\C8051F580.h: syntax error near '0xA8', expected 'bit'
*** ERROR C141 IN LINE 450 OF C:\Keil\C51\Inc\Cygnal\C8051F580.h: syntax error near '0xA8', expected 'bit'
*** ERROR C141 IN LINE 451 OF C:\Keil\C51\Inc\Cygnal\C8051F580.h: syntax error near '0xA8', expected 'bit'
*** ERROR C141 IN LINE 452 OF C:\Keil\C51\Inc\Cygnal\C8051F580.h: syntax error near '0xA8', expected 'bit'
*** ERROR C141 IN LINE 453 OF C:\Keil\C51\Inc\Cygnal\C8051F580.h: syntax error near '0xA8', expected 'bit'
*** ERROR C141 IN LINE 454 OF C:\Keil\C51\Inc\Cygnal\C8051F580.h: syntax error near '0xA8', expected 'bit'
*** ERROR C141 IN LINE 455 OF C:\Keil\C51\Inc\Cygnal\C8051F580.h: syntax error near '0xA8', expected 'bit'
*** ERROR C141 IN LINE 456 OF C:\Keil\C51\Inc\Cygnal\C8051F580.h: syntax error near '0xA8', expected 'bit'
*** ERROR C141 IN LINE 460 OF C:\Keil\C51\Inc\Cygnal\C8051F580.h: syntax error near '0xB8', expected 'bit'
*** ERROR C141 IN LINE 461 OF C:\Keil\C51\Inc\Cygnal\C8051F580.h: syntax error near '0xB8', expected 'bit'
*** ERROR C141 IN LINE 462 OF C:\Keil\C51\Inc\Cygnal\C8051F580.h: syntax error near '0xB8', expected 'bit'
*** ERROR C141 IN LINE 463 OF C:\Keil\C51\Inc\Cygnal\C8051F580.h: syntax error near '0xB8', expected 'bit'
*** ERROR C141 IN LINE 464 OF C:\Keil\C51\Inc\Cygnal\C8051F580.h: syntax error near '0xB8', expected 'bit'
*** ERROR C141 IN LINE 465 OF C:\Keil\C51\Inc\Cygnal\C8051F580.h: syntax error near '0xB8', expected 'bit'
*** ERROR C141 IN LINE 466 OF C:\Keil\C51\Inc\Cygnal\C8051F580.h: syntax error near '0xB8', expected 'bit'
*** ERROR C141 IN LINE 467 OF C:\Keil\C51\Inc\Cygnal\C8051F580.h: syntax error near '0xB8', expected 'bit'
*** ERROR C141 IN LINE 470 OF C:\Keil\C51\Inc\Cygnal\C8051F580.h: syntax error near '0xC0', expected 'bit'
*** ERROR C141 IN LINE 471 OF C:\Keil\C51\Inc\Cygnal\C8051F580.h: syntax error near '0xC0', expected 'bit'
*** ERROR C141 IN LINE 472 OF C:\Keil\C51\Inc\Cygnal\C8051F580.h: syntax error near '0xC0', expected 'bit'
*** ERROR C141 IN LINE 473 OF C:\Keil\C51\Inc\Cygnal\C8051F580.h: syntax error near '0xC0', expected 'bit'
*** ERROR C141 IN LINE 474 OF C:\Keil\C51\Inc\Cygnal\C8051F580.h: syntax error near '0xC0', expected 'bit'
*** ERROR C141 IN LINE 475 OF C:\Keil\C51\Inc\Cygnal\C8051F580.h: syntax error near '0xC0', expected 'bit'
*** ERROR C141 IN LINE 476 OF C:\Keil\C51\Inc\Cygnal\C8051F580.h: syntax error near '0xC0', expected 'bit'
*** ERROR C141 IN LINE 477 OF C:\Keil\C51\Inc\Cygnal\C8051F580.h: syntax error near '0xC0', expected 'bit'
*** ERROR C141 IN LINE 480 OF C:\Keil\C51\Inc\Cygnal\C8051F580.h: syntax error near '0xC8', expected 'bit'
*** ERROR C141 IN LINE 481 OF C:\Keil\C51\Inc\Cygnal\C8051F580.h: syntax error near '0xC8', expected 'bit'
C51 COMPILER V9.60.7.0   MAIN                                                              06/28/2024 16:42:17 PAGE 7   

*** ERROR C141 IN LINE 482 OF C:\Keil\C51\Inc\Cygnal\C8051F580.h: syntax error near '0xC8', expected 'bit'
*** ERROR C141 IN LINE 483 OF C:\Keil\C51\Inc\Cygnal\C8051F580.h: syntax error near '0xC8', expected 'bit'
*** ERROR C141 IN LINE 484 OF C:\Keil\C51\Inc\Cygnal\C8051F580.h: syntax error near '0xC8', expected 'bit'
*** ERROR C141 IN LINE 485 OF C:\Keil\C51\Inc\Cygnal\C8051F580.h: syntax error near '0xC8', expected 'bit'
*** ERROR C141 IN LINE 486 OF C:\Keil\C51\Inc\Cygnal\C8051F580.h: syntax error near '0xC8', expected 'bit'
*** ERROR C141 IN LINE 487 OF C:\Keil\C51\Inc\Cygnal\C8051F580.h: syntax error near '0xC8', expected 'bit'
*** ERROR C141 IN LINE 490 OF C:\Keil\C51\Inc\Cygnal\C8051F580.h: syntax error near '0xC8', expected 'bit'
*** ERROR C141 IN LINE 491 OF C:\Keil\C51\Inc\Cygnal\C8051F580.h: syntax error near '0xC8', expected 'bit'
*** ERROR C141 IN LINE 494 OF C:\Keil\C51\Inc\Cygnal\C8051F580.h: syntax error near '0xC8', expected 'bit'
*** ERROR C141 IN LINE 495 OF C:\Keil\C51\Inc\Cygnal\C8051F580.h: syntax error near '0xC8', expected 'bit'
*** ERROR C141 IN LINE 496 OF C:\Keil\C51\Inc\Cygnal\C8051F580.h: syntax error near '0xC8', expected 'bit'
*** ERROR C141 IN LINE 497 OF C:\Keil\C51\Inc\Cygnal\C8051F580.h: syntax error near '0xC8', expected 'bit'
*** ERROR C141 IN LINE 500 OF C:\Keil\C51\Inc\Cygnal\C8051F580.h: syntax error near '0xD0', expected 'bit'
*** ERROR C141 IN LINE 501 OF C:\Keil\C51\Inc\Cygnal\C8051F580.h: syntax error near '0xD0', expected 'bit'
*** ERROR C141 IN LINE 502 OF C:\Keil\C51\Inc\Cygnal\C8051F580.h: syntax error near '0xD0', expected 'bit'
*** ERROR C141 IN LINE 503 OF C:\Keil\C51\Inc\Cygnal\C8051F580.h: syntax error near '0xD0', expected 'bit'
*** ERROR C141 IN LINE 504 OF C:\Keil\C51\Inc\Cygnal\C8051F580.h: syntax error near '0xD0', expected 'bit'
*** ERROR C141 IN LINE 505 OF C:\Keil\C51\Inc\Cygnal\C8051F580.h: syntax error near '0xD0', expected 'bit'
*** ERROR C141 IN LINE 506 OF C:\Keil\C51\Inc\Cygnal\C8051F580.h: syntax error near '0xD0', expected 'bit'
*** ERROR C141 IN LINE 507 OF C:\Keil\C51\Inc\Cygnal\C8051F580.h: syntax error near '0xD0', expected 'bit'
*** ERROR C141 IN LINE 510 OF C:\Keil\C51\Inc\Cygnal\C8051F580.h: syntax error near '0xD8', expected 'bit'
*** ERROR C141 IN LINE 511 OF C:\Keil\C51\Inc\Cygnal\C8051F580.h: syntax error near '0xD8', expected 'bit'
*** ERROR C141 IN LINE 512 OF C:\Keil\C51\Inc\Cygnal\C8051F580.h: syntax error near '0xD8', expected 'bit'
*** ERROR C141 IN LINE 513 OF C:\Keil\C51\Inc\Cygnal\C8051F580.h: syntax error near '0xD8', expected 'bit'
*** ERROR C141 IN LINE 514 OF C:\Keil\C51\Inc\Cygnal\C8051F580.h: syntax error near '0xD8', expected 'bit'
*** ERROR C141 IN LINE 515 OF C:\Keil\C51\Inc\Cygnal\C8051F580.h: syntax error near '0xD8', expected 'bit'
*** ERROR C141 IN LINE 516 OF C:\Keil\C51\Inc\Cygnal\C8051F580.h: syntax error near '0xD8', expected 'bit'
*** ERROR C141 IN LINE 517 OF C:\Keil\C51\Inc\Cygnal\C8051F580.h: syntax error near '0xD8', expected 'bit'
*** ERROR C141 IN LINE 520 OF C:\Keil\C51\Inc\Cygnal\C8051F580.h: syntax error near '0xD8', expected 'bit'
*** ERROR C141 IN LINE 521 OF C:\Keil\C51\Inc\Cygnal\C8051F580.h: syntax error near '0xD8', expected 'bit'
*** ERROR C141 IN LINE 522 OF C:\Keil\C51\Inc\Cygnal\C8051F580.h: syntax error near '0xD8', expected 'bit'
*** ERROR C141 IN LINE 523 OF C:\Keil\C51\Inc\Cygnal\C8051F580.h: syntax error near '0xD8', expected 'bit'
*** ERROR C141 IN LINE 524 OF C:\Keil\C51\Inc\Cygnal\C8051F580.h: syntax error near '0xD8', expected 'bit'
*** ERROR C141 IN LINE 525 OF C:\Keil\C51\Inc\Cygnal\C8051F580.h: syntax error near '0xD8', expected 'bit'
*** ERROR C141 IN LINE 526 OF C:\Keil\C51\Inc\Cygnal\C8051F580.h: syntax error near '0xD8', expected 'bit'
*** ERROR C141 IN LINE 527 OF C:\Keil\C51\Inc\Cygnal\C8051F580.h: syntax error near '0xD8', expected 'bit'
*** ERROR C141 IN LINE 530 OF C:\Keil\C51\Inc\Cygnal\C8051F580.h: syntax error near '0xE8', expected 'bit'
*** ERROR C141 IN LINE 531 OF C:\Keil\C51\Inc\Cygnal\C8051F580.h: syntax error near '0xE8', expected 'bit'
*** ERROR C141 IN LINE 532 OF C:\Keil\C51\Inc\Cygnal\C8051F580.h: syntax error near '0xE8', expected 'bit'
*** ERROR C141 IN LINE 533 OF C:\Keil\C51\Inc\Cygnal\C8051F580.h: syntax error near '0xE8', expected 'bit'
*** ERROR C141 IN LINE 534 OF C:\Keil\C51\Inc\Cygnal\C8051F580.h: syntax error near '0xE8', expected 'bit'
*** ERROR C141 IN LINE 535 OF C:\Keil\C51\Inc\Cygnal\C8051F580.h: syntax error near '0xE8', expected 'bit'
*** ERROR C141 IN LINE 536 OF C:\Keil\C51\Inc\Cygnal\C8051F580.h: syntax error near '0xE8', expected 'bit'
*** ERROR C141 IN LINE 537 OF C:\Keil\C51\Inc\Cygnal\C8051F580.h: syntax error near '0xE8', expected 'bit'
*** ERROR C141 IN LINE 540 OF C:\Keil\C51\Inc\Cygnal\C8051F580.h: syntax error near '0xF8', expected 'bit'
*** ERROR C141 IN LINE 541 OF C:\Keil\C51\Inc\Cygnal\C8051F580.h: syntax error near '0xF8', expected 'bit'
*** ERROR C141 IN LINE 542 OF C:\Keil\C51\Inc\Cygnal\C8051F580.h: syntax error near '0xF8', expected 'bit'
*** ERROR C141 IN LINE 543 OF C:\Keil\C51\Inc\Cygnal\C8051F580.h: syntax error near '0xF8', expected 'bit'
*** ERROR C141 IN LINE 544 OF C:\Keil\C51\Inc\Cygnal\C8051F580.h: syntax error near '0xF8', expected 'bit'
*** ERROR C141 IN LINE 545 OF C:\Keil\C51\Inc\Cygnal\C8051F580.h: syntax error near '0xF8', expected 'bit'
*** ERROR C141 IN LINE 546 OF C:\Keil\C51\Inc\Cygnal\C8051F580.h: syntax error near '0xF8', expected 'bit'
*** ERROR C141 IN LINE 547 OF C:\Keil\C51\Inc\Cygnal\C8051F580.h: syntax error near '0xF8', expected 'bit'
   2          
   3          #define SYSCLK       24000000        // SYSCLK frequency in Hz
   4          
   5          //SBIT(GREEN, SFR_P2, 1);
   6          //SBIT(YELLOW, SFR_P2, 0);
   7          //SBIT(BT, SFR_P1, 2);
   8          //SBIT(SW, SFR_P1, 4);
   9          //-----------------------------------------------------------------------------
  10          // Function PROTOTYPES
  11          //-----------------------------------------------------------------------------
C51 COMPILER V9.60.7.0   MAIN                                                              06/28/2024 16:42:17 PAGE 8   

  12          //U8 dem = 0;
  13          void OSCILLATOR_Init (void);
  14          //void external_IT(void);
  15          //-----------------------------------------------------------------------------
  16          // MAIN Routine
  17          //-----------------------------------------------------------------------------
  18          
  19          void(*Function_poiter)() = 0;
  20          
  21          void main (void)
  22          {
  23   1        SFRPAGE = ACTIVE_PAGE;
*** ERROR C202 IN LINE 23 OF main.c: 'SFRPAGE': undefined identifier
  24   1        PCA0MD &= ~0x40;                    // Disable the watchdog timer
*** ERROR C202 IN LINE 24 OF main.c: 'PCA0MD': undefined identifier
  25   1        
  26   1        SFRPAGE = CONFIG_PAGE;
*** ERROR C202 IN LINE 26 OF main.c: 'SFRPAGE': undefined identifier
  27   1        OSCICN = 0x87;
*** ERROR C202 IN LINE 27 OF main.c: 'OSCICN': undefined identifier
  28   1        SFRPAGE = ACTIVE_PAGE;
*** ERROR C202 IN LINE 28 OF main.c: 'SFRPAGE': undefined identifier
  29   1        
  30   1        PORT_Init();
  31   1        
  32   1        if(P1 == 0xFF)
*** ERROR C202 IN LINE 32 OF main.c: 'P1': undefined identifier
  33   1        {
  34   2          Function_poiter = (void*)0x4000;
  35   2        }
  36   1        else
  37   1        {
  38   2          Function_poiter = (void*)0x6000;
  39   2        }
  40   1        Function_poiter();
  41   1      //  while (1)
  42   1      //  {
  43   1      
  44   1      //  }
  45   1      }
  46          
  47          void OSCILLATOR_Init (void)
  48          {
  49   1        U8 SFRPAGE_save = SFRPAGE;
  50   1        SFRPAGE = CONFIG_PAGE;
  51   1      
  52   1        OSCICN = 0x87;
  53   1      
  54   1        SFRPAGE = SFRPAGE_save;
  55   1      }
  56          
  57          
  58          
  59          

C51 COMPILATION COMPLETE.  0 WARNING(S),  421 ERROR(S)
